<?xml version="1.0" encoding="UTF-8" ?>
<testsuites id="2026-10-09" name="report_5" tests="1687" failures="0" skipped="0" flaky="0" time="0.000">
	<testsuite id="0" name="arranque_test" package="test" timestamp="2026-10-09T13:27:22" hostname="localhost" tests="2" failures="0" errors="0" skipped="0" flaky="0" time="0.035">
		<testcase name="test_el_proyecto_se_llama_como_el_juego" classname="arranque_test" time="0.011">
		</testcase>
		<testcase name="test_las_cuatro_capas_de_src_existen" classname="arranque_test" time="0.008">
		</testcase>
	</testsuite>
	<testsuite id="1" name="configuracion_del_proyecto_test" package="test" timestamp="2026-10-09T13:27:22" hostname="localhost" tests="4" failures="0" errors="0" skipped="0" flaky="0" time="0.052">
		<testcase name="test_el_proyecto_declara_la_interpolacion_de_fisica_encendida" classname="configuracion_del_proyecto_test" time="0.010">
		</testcase>
		<testcase name="test_el_reloj_de_fisica_corre_a_sesenta_pasos" classname="configuracion_del_proyecto_test" time="0.006">
		</testcase>
		<testcase name="test_el_editor_y_la_web_dibujan_con_el_mismo_renderizador" classname="configuracion_del_proyecto_test" time="0.010">
		</testcase>
		<testcase name="test_la_web_dibuja_con_el_mismo_renderizador_que_el_editor" classname="configuracion_del_proyecto_test" time="0.006">
		</testcase>
	</testsuite>
	<testsuite id="2" name="atencion_test" package="test/dominio/almacen" timestamp="2026-10-09T13:27:22" hostname="localhost" tests="18" failures="0" errors="0" skipped="0" flaky="0" time="0.211">
		<testcase name="test_la_caja_marca_el_total_del_pedido_y_no_lo_vuelve_a_sumar" classname="atencion_test" time="0.009">
		</testcase>
		<testcase name="test_la_atencion_no_conoce_lo_que_sale_cada_producto" classname="atencion_test" time="0.007">
		</testcase>
		<testcase name="test_pagar_justo_da_una_diferencia_de_cero" classname="atencion_test" time="0.005">
		</testcase>
		<testcase name="test_pagar_de_mas_da_una_diferencia_positiva" classname="atencion_test" time="0.004">
		</testcase>
		<testcase name="test_pagar_de_menos_da_una_diferencia_negativa" classname="atencion_test" time="0.007">
		</testcase>
		<testcase name="test_los_faltantes_nombran_exactamente_los_productos_que_no_alcanzan" classname="atencion_test" time="0.010">
		</testcase>
		<testcase name="test_los_faltantes_miran_los_vendibles_y_no_la_gondola" classname="atencion_test" time="0.008">
		</testcase>
		<testcase name="test_con_vendibles_de_sobra_no_falta_nada" classname="atencion_test" time="0.009">
		</testcase>
		<testcase name="test_cobrar_lo_que_supera_los_vendibles_no_mueve_una_sola_unidad" classname="atencion_test" time="0.009">
		</testcase>
		<testcase name="test_cobrar_dos_veces_avisa_que_ya_estaba_despachada" classname="atencion_test" time="0.006">
		</testcase>
		<testcase name="test_despachar_sin_vender_no_toca_el_inventario" classname="atencion_test" time="0.010">
		</testcase>
		<testcase name="test_despachar_dos_veces_devuelve_false_la_segunda" classname="atencion_test" time="0.011">
		</testcase>
		<testcase name="test_cobrar_sobre_una_despachada_a_mano_no_vende" classname="atencion_test" time="0.008">
		</testcase>
		<testcase name="test_vender_no_deshace_la_unidad_que_esta_en_la_mano" classname="atencion_test" time="0.010">
		</testcase>
		<testcase name="test_la_venta_no_se_lleva_lo_que_esta_afuera_de_la_caja" classname="atencion_test" time="0.008">
		</testcase>
		<testcase name="test_el_pedido_dice_las_lineas_el_total_lo_que_paga_y_la_diferencia" classname="atencion_test" time="0.007">
		</testcase>
		<testcase name="test_el_pedido_muestra_la_diferencia_negativa_con_su_signo" classname="atencion_test" time="0.007">
		</testcase>
		<testcase name="test_el_aviso_nombra_lo_que_no_se_puede_vender_y_es_vacio_si_esta_todo" classname="atencion_test" time="0.009">
		</testcase>
	</testsuite>
	<testsuite id="3" name="balde_test" package="test/dominio/almacen" timestamp="2026-10-09T13:27:22" hostname="localhost" tests="11" failures="0" errors="0" skipped="0" flaky="0" time="0.141">
		<testcase name="test_un_balde_nuevo_esta_vacio" classname="balde_test" time="0.009">
		</testcase>
		<testcase name="test_llenar_un_balde_vacio_le_pone_agua_sin_jabon" classname="balde_test" time="0.008">
		</testcase>
		<testcase name="test_llenar_lo_que_ya_tiene_agua_no_lava_el_jabon" classname="balde_test" time="0.009">
		</testcase>
		<testcase name="test_el_jabon_tine_el_agua_sin_jabon" classname="balde_test" time="0.008">
		</testcase>
		<testcase name="test_tenir_un_balde_vacio_no_hace_nada" classname="balde_test" time="0.008">
		</testcase>
		<testcase name="test_un_segundo_jabon_no_cambia_el_color" classname="balde_test" time="0.012">
		</testcase>
		<testcase name="test_tenir_con_algo_que_no_es_un_jabon_no_hace_nada" classname="balde_test" time="0.009">
		</testcase>
		<testcase name="test_vaciar_un_balde_tenido_lo_deja_listo_para_otro_jabon" classname="balde_test" time="0.011">
		</testcase>
		<testcase name="test_vaciar_el_agua_sin_jabon_tambien_vacia" classname="balde_test" time="0.009">
		</testcase>
		<testcase name="test_vaciar_un_balde_vacio_no_hace_nada" classname="balde_test" time="0.011">
		</testcase>
		<testcase name="test_dos_baldes_no_comparten_el_agua" classname="balde_test" time="0.008">
		</testcase>
	</testsuite>
	<testsuite id="4" name="casilleros_del_estante_test" package="test/dominio/almacen" timestamp="2026-10-09T13:27:22" hostname="localhost" tests="16" failures="0" errors="0" skipped="0" flaky="0" time="0.187">
		<testcase name="test_el_casillero_ocupado_se_rechaza_sin_mover_nada" classname="casilleros_del_estante_test" time="0.007">
		</testcase>
		<testcase name="test_ocupado_y_sin_deposito_el_motivo_es_el_casillero" classname="casilleros_del_estante_test" time="0.006">
		</testcase>
		<testcase name="test_con_la_fila_llena_se_rechaza_por_estante_lleno_en_cualquiera" classname="casilleros_del_estante_test" time="0.010">
		</testcase>
		<testcase name="test_el_casillero_de_otro_producto_es_producto_no_aceptado" classname="casilleros_del_estante_test" time="0.007">
		</testcase>
		<testcase name="test_agarrar_el_del_medio_deja_vacio_solo_ese" classname="casilleros_del_estante_test" time="0.008">
		</testcase>
		<testcase name="test_agarrar_un_casillero_vacio_no_da_nada" classname="casilleros_del_estante_test" time="0.008">
		</testcase>
		<testcase name="test_la_unidad_agarrada_se_coloca_en_cualquier_vacio_de_su_producto" classname="casilleros_del_estante_test" time="0.008">
		</testcase>
		<testcase name="test_la_unidad_agarrada_se_cuenta_una_sola_vez" classname="casilleros_del_estante_test" time="0.007">
		</testcase>
		<testcase name="test_con_la_caja_en_ocho_la_unidad_de_la_gondola_no_entra" classname="casilleros_del_estante_test" time="0.005">
		</testcase>
		<testcase name="test_dos_colocaciones_seguidas_en_el_mismo_casillero_ponen_una" classname="casilleros_del_estante_test" time="0.005">
		</testcase>
		<testcase name="test_sin_casillero_se_coloca_en_el_primero_vacio" classname="casilleros_del_estante_test" time="0.008">
		</testcase>
		<testcase name="test_al_abrir_los_vacios_son_los_ultimos_de_la_fila" classname="casilleros_del_estante_test" time="0.008">
		</testcase>
		<testcase name="test_los_casilleros_cuentan_con_la_gondola_del_inventario" classname="casilleros_del_estante_test" time="0.009">
		</testcase>
		<testcase name="test_con_una_unidad_en_la_mano_se_colocan_sus_vacios" classname="casilleros_del_estante_test" time="0.010">
		</testcase>
		<testcase name="test_con_las_manos_vacias_se_agarran_los_ocupados" classname="casilleros_del_estante_test" time="0.009">
		</testcase>
		<testcase name="test_el_clic_sobre_un_casillero_lo_decide_la_mano" classname="casilleros_del_estante_test" time="0.009">
		</testcase>
	</testsuite>
	<testsuite id="5" name="catalogo_test" package="test/dominio/almacen" timestamp="2026-10-09T13:27:22" hostname="localhost" tests="10" failures="0" errors="0" skipped="0" flaky="0" time="0.129">
		<testcase name="test_el_catalogo_tiene_los_31_productos_en_el_orden_del_enum" classname="catalogo_test" time="0.010">
		</testcase>
		<testcase name="test_los_que_entran_tienen_su_precio" classname="catalogo_test" time="0.007">
		</testcase>
		<testcase name="test_los_que_entran_suenan_como_dice_su_ficha" classname="catalogo_test" time="0.009">
		</testcase>
		<testcase name="test_la_caja_de_cada_producto_es_la_de_su_ficha" classname="catalogo_test" time="0.008">
		</testcase>
		<testcase name="test_hay_exactamente_una_fila_por_cada_valor_del_enum" classname="catalogo_test" time="0.008">
		</testcase>
		<testcase name="test_hay_exactamente_un_producto_por_cada_valor_del_enum" classname="catalogo_test" time="0.009">
		</testcase>
		<testcase name="test_el_catalogo_lista_los_productos_en_el_orden_del_enum" classname="catalogo_test" time="0.009">
		</testcase>
		<testcase name="test_cada_producto_del_catalogo_esta_completo" classname="catalogo_test" time="0.006">
		</testcase>
		<testcase name="test_dos_llamadas_al_catalogo_dan_objetos_distintos_con_el_mismo_id" classname="catalogo_test" time="0.013">
		</testcase>
		<testcase name="test_ningun_producto_queda_sin_sonoridad" classname="catalogo_test" time="0.011">
		</testcase>
	</testsuite>
	<testsuite id="6" name="compradores_test" package="test/dominio/almacen" timestamp="2026-10-09T13:27:22" hostname="localhost" tests="7" failures="0" errors="0" skipped="0" flaky="0" time="0.106">
		<testcase name="test_la_jornada_trae_los_compradores_que_pide_el_balance" classname="compradores_test" time="0.011">
		</testcase>
		<testcase name="test_el_padron_no_se_sortea" classname="compradores_test" time="0.007">
		</testcase>
		<testcase name="test_el_padron_no_llama_al_azar" classname="compradores_test" time="0.012">
		</testcase>
		<testcase name="test_cada_jornada_recibe_compradores_propios" classname="compradores_test" time="0.007">
		</testcase>
		<testcase name="test_alguien_paga_distinto_de_lo_que_marca_la_caja" classname="compradores_test" time="0.010">
		</testcase>
		<testcase name="test_el_padron_miente_de_los_dos_lados" classname="compradores_test" time="0.011">
		</testcase>
		<testcase name="test_todo_lo_que_se_pide_existe_en_el_catalogo" classname="compradores_test" time="0.011">
		</testcase>
	</testsuite>
	<testsuite id="7" name="comprador_test" package="test/dominio/almacen" timestamp="2026-10-09T13:27:23" hostname="localhost" tests="4" failures="0" errors="0" skipped="0" flaky="0" time="0.041">
		<testcase name="test_el_comprador_contesta_su_nombre_y_lo_que_paga" classname="comprador_test" time="0.009">
		</testcase>
		<testcase name="test_lo_que_paga_es_un_entero_y_no_un_flotante" classname="comprador_test" time="0.005">
		</testcase>
		<testcase name="test_el_pedido_es_la_misma_instancia_que_recibio_y_no_una_copia" classname="comprador_test" time="0.007">
		</testcase>
		<testcase name="test_dos_compradores_no_comparten_el_pedido" classname="comprador_test" time="0.006">
		</testcase>
	</testsuite>
	<testsuite id="8" name="contenido_de_la_caja_test" package="test/dominio/almacen" timestamp="2026-10-09T13:27:23" hostname="localhost" tests="16" failures="0" errors="0" skipped="0" flaky="0" time="0.231">
		<testcase name="test_la_jornada_abre_con_cada_caja_llena" classname="contenido_de_la_caja_test" time="0.012">
		</testcase>
		<testcase name="test_sacar_resta_colocar_no_cambia_y_vender_resta" classname="contenido_de_la_caja_test" time="0.010">
		</testcase>
		<testcase name="test_la_caja_vacia_no_da_aunque_la_gondola_tenga_lugar" classname="contenido_de_la_caja_test" time="0.009">
		</testcase>
		<testcase name="test_la_caja_que_se_lleva_no_da_nada" classname="contenido_de_la_caja_test" time="0.011">
		</testcase>
		<testcase name="test_el_gesto_sale_de_lo_que_lleva_la_mano" classname="contenido_de_la_caja_test" time="0.010">
		</testcase>
		<testcase name="test_sacar_devolver_y_sacar_pasa_por_siete_ocho_y_siete" classname="contenido_de_la_caja_test" time="0.010">
		</testcase>
		<testcase name="test_devolver_dos_veces_la_misma_unidad_no_suma_la_segunda" classname="contenido_de_la_caja_test" time="0.010">
		</testcase>
		<testcase name="test_la_caja_llena_no_recibe_y_la_unidad_sigue_afuera" classname="contenido_de_la_caja_test" time="0.010">
		</testcase>
		<testcase name="test_la_caja_vacia_recibe_y_queda_en_uno" classname="contenido_de_la_caja_test" time="0.006">
		</testcase>
		<testcase name="test_otro_producto_o_nada_no_entra" classname="contenido_de_la_caja_test" time="0.011">
		</testcase>
		<testcase name="test_el_texto_dice_cuantas_tiene_y_cuantas_entran" classname="contenido_de_la_caja_test" time="0.007">
		</testcase>
		<testcase name="test_la_cuenta_de_lo_que_entra_sale_de_lo_que_esta_afuera" classname="contenido_de_la_caja_test" time="0.008">
		</testcase>
		<testcase name="test_cada_familia_del_catalogo_se_cuenta_en_su_palabra" classname="contenido_de_la_caja_test" time="0.012">
		</testcase>
		<testcase name="test_cada_producto_del_catalogo_tiene_su_texto" classname="contenido_de_la_caja_test" time="0.010">
		</testcase>
		<testcase name="test_examinar_no_cambia_el_contenido" classname="contenido_de_la_caja_test" time="0.011">
		</testcase>
		<testcase name="test_el_tope_de_la_caja_no_se_escribe_otra_vez" classname="contenido_de_la_caja_test" time="0.013">
		</testcase>
	</testsuite>
	<testsuite id="9" name="estante_test" package="test/dominio/almacen" timestamp="2026-10-09T13:27:23" hostname="localhost" tests="20" failures="0" errors="0" skipped="0" flaky="0" time="0.257">
		<testcase name="test_tirar_la_unidad_de_gondola_conserva_la_caja_y_el_hueco" classname="estante_test" time="0.010">
		</testcase>
		<testcase name="test_tirar_la_unidad_de_caja_descuenta_sin_devolverla" classname="estante_test" time="0.006">
		</testcase>
		<testcase name="test_lo_que_el_estante_no_acepta_se_rechaza_sin_mover_una_unidad" classname="estante_test" time="0.010">
		</testcase>
		<testcase name="test_con_el_estante_lleno_se_rechaza_sin_mover_una_unidad" classname="estante_test" time="0.011">
		</testcase>
		<testcase name="test_sin_unidades_en_el_deposito_se_rechaza_sin_mover_una_unidad" classname="estante_test" time="0.010">
		</testcase>
		<testcase name="test_con_los_tres_rechazos_a_la_vez_gana_el_primero_del_orden" classname="estante_test" time="0.007">
		</testcase>
		<testcase name="test_colocar_mueve_la_unidad_en_vez_de_crearla" classname="estante_test" time="0.008">
		</testcase>
		<testcase name="test_las_unidades_en_gondola_salen_del_inventario_y_no_de_un_contador_propio" classname="estante_test" time="0.007">
		</testcase>
		<testcase name="test_a_mitad_del_cupo_el_estante_no_esta_completo" classname="estante_test" time="0.009">
		</testcase>
		<testcase name="test_al_llegar_al_cupo_de_todos_los_aceptados_el_estante_esta_completo" classname="estante_test" time="0.007">
		</testcase>
		<testcase name="test_con_menos_unidades_que_el_cupo_colocarlas_todas_no_completa" classname="estante_test" time="0.006">
		</testcase>
		<testcase name="test_acepta_compara_por_id_y_no_por_instancia" classname="estante_test" time="0.006">
		</testcase>
		<testcase name="test_un_producto_nulo_o_desconocido_se_rechaza_en_vez_de_reventar" classname="estante_test" time="0.009">
		</testcase>
		<testcase name="test_el_cupo_de_cada_producto_son_los_casilleros_de_su_fila" classname="estante_test" time="0.009">
		</testcase>
		<testcase name="test_el_estante_no_lleva_el_cupo_ni_el_stock_escritos_adentro" classname="estante_test" time="0.012">
		</testcase>
		<testcase name="test_retirar_reserva_la_unidad_sin_duplicar_el_stock" classname="estante_test" time="0.012">
		</testcase>
		<testcase name="test_el_estante_lleno_conserva_la_unidad_rechazada" classname="estante_test" time="0.007">
		</testcase>
		<testcase name="test_con_la_fila_completa_la_caja_entrega_hasta_vaciarse" classname="estante_test" time="0.011">
		</testcase>
		<testcase name="test_devolver_anula_la_reserva_y_no_mueve_mercaderia" classname="estante_test" time="0.008">
		</testcase>
		<testcase name="test_las_reservadas_son_las_que_salieron_y_no_se_colocaron" classname="estante_test" time="0.011">
		</testcase>
	</testsuite>
	<testsuite id="10" name="generador_de_tickets_test" package="test/dominio/almacen" timestamp="2026-10-09T13:27:23" hostname="localhost" tests="13" failures="0" errors="0" skipped="0" flaky="0" time="0.139">
		<testcase name="test_se_llena_en_orden_y_repite_productos" classname="generador_de_tickets_test" time="0.004">
		</testcase>
		<testcase name="test_una_caja_no_se_confunde_con_su_producto" classname="generador_de_tickets_test" time="0.008">
		</testcase>
		<testcase name="test_sin_unidad_valida_no_se_anota_nada" classname="generador_de_tickets_test" time="0.006">
		</testcase>
		<testcase name="test_el_rechazo_por_tipo_precede_al_programa_lleno" classname="generador_de_tickets_test" time="0.005">
		</testcase>
		<testcase name="test_imprimir_y_borrar_preserva_el_papel" classname="generador_de_tickets_test" time="0.006">
		</testcase>
		<testcase name="test_los_tres_vacios_no_imprimen" classname="generador_de_tickets_test" time="0.006">
		</testcase>
		<testcase name="test_la_lectura_de_renglones_no_permite_borrarlos" classname="generador_de_tickets_test" time="0.007">
		</testcase>
		<testcase name="test_dos_impresiones_son_dos_papeles_independientes" classname="generador_de_tickets_test" time="0.005">
		</testcase>
		<testcase name="test_el_modo_sale_de_la_jornada_y_no_del_estado_anterior" classname="generador_de_tickets_test" time="0.008">
		</testcase>
		<testcase name="test_cada_posicion_manual_elige_catalogo_y_vacio_sin_mover_otras" classname="generador_de_tickets_test" time="0.011">
		</testcase>
		<testcase name="test_un_indice_invalido_y_el_modo_automatico_rechazan_la_eleccion" classname="generador_de_tickets_test" time="0.008">
		</testcase>
		<testcase name="test_solo_el_segundo_o_tercero_imprime_sin_mover_su_posicion" classname="generador_de_tickets_test" time="0.008">
		</testcase>
		<testcase name="test_sin_lector_precede_al_tipo_y_al_lleno_y_no_toca_el_programa" classname="generador_de_tickets_test" time="0.009">
		</testcase>
	</testsuite>
	<testsuite id="11" name="inventario_test" package="test/dominio/almacen" timestamp="2026-10-09T13:27:23" hostname="localhost" tests="21" failures="0" errors="0" skipped="0" flaky="0" time="0.256">
		<testcase name="test_un_inventario_recien_construido_no_tiene_nada_en_ningun_lado" classname="inventario_test" time="0.010">
		</testcase>
		<testcase name="test_el_mismo_producto_repetido_en_la_construccion_entra_una_sola_vez" classname="inventario_test" time="0.006">
		</testcase>
		<testcase name="test_ingresar_al_deposito_no_toca_la_gondola" classname="inventario_test" time="0.009">
		</testcase>
		<testcase name="test_ingresar_una_cantidad_negativa_no_deja_la_gondola_bajo_cero" classname="inventario_test" time="0.010">
		</testcase>
		<testcase name="test_mover_una_unidad_la_saca_del_deposito_y_la_pone_en_la_gondola" classname="inventario_test" time="0.008">
		</testcase>
		<testcase name="test_pedir_mas_de_lo_que_hay_mueve_lo_que_hay_y_nunca_deja_un_negativo" classname="inventario_test" time="0.008">
		</testcase>
		<testcase name="test_mover_desde_un_deposito_vacio_no_mueve_nada_y_no_cambia_nada" classname="inventario_test" time="0.008">
		</testcase>
		<testcase name="test_consultar_con_otra_instancia_del_mismo_producto_encuentra_lo_guardado" classname="inventario_test" time="0.007">
		</testcase>
		<testcase name="test_el_inventario_solo_conoce_los_productos_que_recibio" classname="inventario_test" time="0.008">
		</testcase>
		<testcase name="test_con_un_casillero_vacio_falta_aunque_la_gondola_tenga_algo" classname="inventario_test" time="0.007">
		</testcase>
		<testcase name="test_con_la_fila_completa_no_falta" classname="inventario_test" time="0.009">
		</testcase>
		<testcase name="test_el_deposito_lleno_no_salva_a_la_gondola_vacia" classname="inventario_test" time="0.008">
		</testcase>
		<testcase name="test_sin_casilleros_la_gondola_no_pide_nada" classname="inventario_test" time="0.009">
		</testcase>
		<testcase name="test_una_fila_negativa_es_una_fila_sin_casilleros" classname="inventario_test" time="0.007">
		</testcase>
		<testcase name="test_faltantes_devuelve_los_que_faltan_y_solo_esos_en_el_orden_de_construccion" classname="inventario_test" time="0.006">
		</testcase>
		<testcase name="test_los_vendibles_descuentan_el_mayor_entre_vacios_y_afuera" classname="inventario_test" time="0.009">
		</testcase>
		<testcase name="test_lo_de_afuera_se_anota_una_vez_y_no_sale_del_deposito" classname="inventario_test" time="0.010">
		</testcase>
		<testcase name="test_un_producto_que_el_inventario_no_conoce_no_tiene_vendibles" classname="inventario_test" time="0.008">
		</testcase>
		<testcase name="test_la_venta_sale_del_deposito_y_no_toca_la_gondola" classname="inventario_test" time="0.007">
		</testcase>
		<testcase name="test_un_cobro_que_supera_los_vendibles_no_mueve_una_sola_unidad" classname="inventario_test" time="0.009">
		</testcase>
		<testcase name="test_cobrar_un_producto_que_el_inventario_no_conoce_no_vende_ni_toca_nada" classname="inventario_test" time="0.010">
		</testcase>
	</testsuite>
	<testsuite id="12" name="mancha_test" package="test/dominio/almacen" timestamp="2026-10-09T13:27:24" hostname="localhost" tests="6" failures="0" errors="0" skipped="0" flaky="0" time="0.077">
		<testcase name="test_una_mancha_nueva_esta_sucia_y_se_ve_de_su_tipo" classname="mancha_test" time="0.007">
		</testcase>
		<testcase name="test_la_mopa_que_no_sirve_contesta_por_que_y_no_borra" classname="mancha_test" time="0.008">
		</testcase>
		<testcase name="test_el_jabon_que_corresponde_borra_y_la_mopa_sigue_mojada" classname="mancha_test" time="0.009">
		</testcase>
		<testcase name="test_una_mancha_borrada_contesta_ya_limpia_antes_que_mirar_la_mopa" classname="mancha_test" time="0.010">
		</testcase>
		<testcase name="test_de_los_nueve_pares_de_mancha_y_jabon_se_borran_tres" classname="mancha_test" time="0.009">
		</testcase>
		<testcase name="test_dos_manchas_no_comparten_el_estado" classname="mancha_test" time="0.009">
		</testcase>
	</testsuite>
	<testsuite id="13" name="manos_test" package="test/dominio/almacen" timestamp="2026-10-09T13:27:24" hostname="localhost" tests="9" failures="0" errors="0" skipped="0" flaky="0" time="0.098">
		<testcase name="test_las_manos_vacias_no_sostienen_nada" classname="manos_test" time="0.007">
		</testcase>
		<testcase name="test_agarrar_algo_levantable_lo_deja_en_la_mano" classname="manos_test" time="0.007">
		</testcase>
		<testcase name="test_con_las_manos_llenas_el_motivo_es_que_estan_llenas" classname="manos_test" time="0.007">
		</testcase>
		<testcase name="test_lo_fijo_se_rechaza_por_no_ser_levantable" classname="manos_test" time="0.007">
		</testcase>
		<testcase name="test_lo_llenas_no_tapa_a_lo_que_no_se_levanta" classname="manos_test" time="0.006">
		</testcase>
		<testcase name="test_nada_no_se_puede_agarrar" classname="manos_test" time="0.006">
		</testcase>
		<testcase name="test_soltar_devuelve_lo_que_habia_y_deja_las_manos_vacias" classname="manos_test" time="0.008">
		</testcase>
		<testcase name="test_soltar_con_las_manos_vacias_devuelve_nada" classname="manos_test" time="0.010">
		</testcase>
		<testcase name="test_vaciar_se_puede_repetir" classname="manos_test" time="0.007">
		</testcase>
	</testsuite>
	<testsuite id="14" name="mopa_test" package="test/dominio/almacen" timestamp="2026-10-09T13:27:24" hostname="localhost" tests="9" failures="0" errors="0" skipped="0" flaky="0" time="0.090">
		<testcase name="test_una_mopa_nueva_esta_seca" classname="mopa_test" time="0.004">
		</testcase>
		<testcase name="test_mojada_en_agua_sin_jabon_queda_mojada_de_agua" classname="mopa_test" time="0.007">
		</testcase>
		<testcase name="test_se_moja_de_lo_que_tiene_el_balde_aunque_estuviera_de_otro" classname="mopa_test" time="0.007">
		</testcase>
		<testcase name="test_mojar_no_gasta_el_agua_del_balde" classname="mopa_test" time="0.009">
		</testcase>
		<testcase name="test_en_un_balde_vacio_no_se_moja" classname="mopa_test" time="0.006">
		</testcase>
		<testcase name="test_el_producto_se_agota_aunque_la_mopa_quede_apoyada" classname="mopa_test" time="0.005">
		</testcase>
		<testcase name="test_caminar_agota_antes_la_carga_y_remojar_la_recupera" classname="mopa_test" time="0.007">
		</testcase>
		<testcase name="test_el_desgaste_es_independiente_de_los_cuadros_y_no_recarga" classname="mopa_test" time="0.007">
		</testcase>
		<testcase name="test_caminar_agota_antes_sin_acortar_el_tiempo_en_reposo" classname="mopa_test" time="0.007">
		</testcase>
	</testsuite>
	<testsuite id="15" name="nota_pegada_test" package="test/dominio/almacen" timestamp="2026-10-09T13:27:24" hostname="localhost" tests="7" failures="0" errors="0" skipped="0" flaky="0" time="0.074">
		<testcase name="test_las_obligatorias_se_presentan_en_el_orden_de_la_ficha" classname="nota_pegada_test" time="0.008">
		</testcase>
		<testcase name="test_dos_obligatorias_dan_dos_renglones_en_su_orden" classname="nota_pegada_test" time="0.004">
		</testcase>
		<testcase name="test_sin_obligatorias_hay_titulo_y_ningun_renglon" classname="nota_pegada_test" time="0.004">
		</testcase>
		<testcase name="test_cada_tipo_de_tarea_declarado_tiene_nombre" classname="nota_pegada_test" time="0.006">
		</testcase>
		<testcase name="test_mantener_ordenado_dice_las_tres_indicaciones_de_la_ficha" classname="nota_pegada_test" time="0.005">
		</testcase>
		<testcase name="test_las_hojas_del_bano_no_generan_una_transcripcion" classname="nota_pegada_test" time="0.008">
		</testcase>
		<testcase name="test_cambiar_la_lectura_no_cambia_el_dato_compartido" classname="nota_pegada_test" time="0.007">
		</testcase>
	</testsuite>
	<testsuite id="16" name="objeto_del_almacen_test" package="test/dominio/almacen" timestamp="2026-10-09T13:27:24" hostname="localhost" tests="9" failures="0" errors="0" skipped="0" flaky="0" time="0.138">
		<testcase name="test_la_caja_no_entra_y_los_otros_levantables_si" classname="objeto_del_almacen_test" time="0.030">
		</testcase>
		<testcase name="test_un_objeto_sin_revelacion_muestra_lo_mismo_examinado_que_sin_examinar" classname="objeto_del_almacen_test" time="0.007">
		</testcase>
		<testcase name="test_lo_fijo_no_se_levanta_y_lo_demas_si" classname="objeto_del_almacen_test" time="0.009">
		</testcase>
		<testcase name="test_los_objetos_del_almacen_cargan_y_todos_tienen_algo_que_revelar" classname="objeto_del_almacen_test" time="0.012">
		</testcase>
		<testcase name="test_la_revelacion_solo_se_ve_despues_de_examinar" classname="objeto_del_almacen_test" time="0.007">
		</testcase>
		<testcase name="test_cada_objeto_del_almacen_declara_su_sonoridad" classname="objeto_del_almacen_test" time="0.008">
		</testcase>
		<testcase name="test_solo_la_caja_del_deposito_admite_otro_objeto_encima" classname="objeto_del_almacen_test" time="0.010">
		</testcase>
		<testcase name="test_solo_el_balde_se_apoya_derecho" classname="objeto_del_almacen_test" time="0.009">
		</testcase>
		<testcase name="test_solo_la_mopa_es_larga" classname="objeto_del_almacen_test" time="0.010">
		</testcase>
	</testsuite>
	<testsuite id="17" name="piso_del_local_test" package="test/dominio/almacen" timestamp="2026-10-09T13:27:24" hostname="localhost" tests="20" failures="0" errors="0" skipped="0" flaky="0" time="0.208">
		<testcase name="test_la_jornada_trae_dos_de_polvo_una_de_moho_y_una_de_caca" classname="piso_del_local_test" time="0.011">
		</testcase>
		<testcase name="test_cada_lugar_lleva_la_mancha_de_la_ficha" classname="piso_del_local_test" time="0.005">
		</testcase>
		<testcase name="test_cada_jornada_arranca_sucia_con_el_balde_vacio_y_la_mopa_seca" classname="piso_del_local_test" time="0.009">
		</testcase>
		<testcase name="test_el_piso_queda_limpio_recien_con_la_ultima_mancha" classname="piso_del_local_test" time="0.009">
		</testcase>
		<testcase name="test_cambiar_de_jabon_es_vaciar_el_balde_y_volver_a_llenarlo" classname="piso_del_local_test" time="0.006">
		</testcase>
		<testcase name="test_con_una_mojada_de_amarillo_se_borran_las_dos_de_polvo" classname="piso_del_local_test" time="0.005">
		</testcase>
		<testcase name="test_lo_que_no_es_un_gesto_de_limpiar_no_hace_nada" classname="piso_del_local_test" time="0.004">
		</testcase>
		<testcase name="test_los_gestos_al_reves_o_cruzados_no_hacen_nada" classname="piso_del_local_test" time="0.003">
		</testcase>
		<testcase name="test_el_uso_necesita_un_efecto_declarado" classname="piso_del_local_test" time="0.007">
		</testcase>
		<testcase name="test_la_mezcla_espera_mientras_se_hace_otra_cosa" classname="piso_del_local_test" time="0.005">
		</testcase>
		<testcase name="test_un_lugar_sin_mancha_no_se_borra" classname="piso_del_local_test" time="0.005">
		</testcase>
		<testcase name="test_enjuagar_en_inodoro_quita_jabon_recarga_y_preserva_el_local" classname="piso_del_local_test" time="0.005">
		</testcase>
		<testcase name="test_enjuagar_mopa_seca_en_inodoro_equivale_a_balde_limpio" classname="piso_del_local_test" time="0.004">
		</testcase>
		<testcase name="test_agua_limpia_deja_charco_sin_cambiar_carga_balde_ni_manchas" classname="piso_del_local_test" time="0.007">
		</testcase>
		<testcase name="test_seca_y_cada_jabon_rechazan_charcos_sin_gastar_carga" classname="piso_del_local_test" time="0.005">
		</testcase>
		<testcase name="test_superficie_deshabilitada_no_gasta_carga_aunque_mancha_este_limpia" classname="piso_del_local_test" time="0.008">
		</testcase>
		<testcase name="test_agua_sola_sobre_mancha_sigue_sin_jabon" classname="piso_del_local_test" time="0.008">
		</testcase>
		<testcase name="test_charco_necesita_mopa_en_mano_y_gesto_declarado" classname="piso_del_local_test" time="0.011">
		</testcase>
		<testcase name="test_carga_agotada_no_deja_charco_hasta_enjuagar" classname="piso_del_local_test" time="0.010">
		</testcase>
		<testcase name="test_los_metros_solo_gastan_la_mopa_que_se_lleva_en_la_mano" classname="piso_del_local_test" time="0.007">
		</testcase>
	</testsuite>
	<testsuite id="18" name="producto_test" package="test/dominio/almacen" timestamp="2026-10-09T13:27:24" hostname="localhost" tests="1" failures="0" errors="0" skipped="0" flaky="0" time="0.019">
		<testcase name="test_un_producto_recuerda_los_tres_valores_con_los_que_se_construyo" classname="producto_test" time="0.009">
		</testcase>
	</testsuite>
	<testsuite id="19" name="puerta_test" package="test/dominio/almacen" timestamp="2026-10-09T13:27:24" hostname="localhost" tests="13" failures="0" errors="0" skipped="0" flaky="0" time="0.149">
		<testcase name="test_una_puerta_nueva_arranca_cerrada_y_sin_giro" classname="puerta_test" time="0.007">
		</testcase>
		<testcase name="test_alternar_abre_y_la_segunda_llamada_cierra" classname="puerta_test" time="0.008">
		</testcase>
		<testcase name="test_el_giro_no_se_pasa_de_ninguno_de_los_dos_topes" classname="puerta_test" time="0.008">
		</testcase>
		<testcase name="test_el_giro_tarda_y_no_salta_al_tope" classname="puerta_test" time="0.010">
		</testcase>
		<testcase name="test_dos_puertas_no_comparten_el_estado" classname="puerta_test" time="0.009">
		</testcase>
		<testcase name="test_cerrar_de_golpe_deja_la_puerta_cerrada_y_sin_giro_sin_avanzar" classname="puerta_test" time="0.008">
		</testcase>
		<testcase name="test_cerrar_de_golpe_una_puerta_cerrada_no_cambia_nada" classname="puerta_test" time="0.011">
		</testcase>
		<testcase name="test_despues_de_cerrar_de_golpe_se_porta_como_nueva" classname="puerta_test" time="0.007">
		</testcase>
		<testcase name="test_una_puerta_nueva_esta_quieta" classname="puerta_test" time="0.007">
		</testcase>
		<testcase name="test_girando_no_esta_quieta_y_en_el_tope_si" classname="puerta_test" time="0.008">
		</testcase>
		<testcase name="test_cerrar_de_golpe_a_medio_giro_la_deja_quieta" classname="puerta_test" time="0.006">
		</testcase>
		<testcase name="test_la_trabada_no_se_abre_por_mas_que_se_la_toque" classname="puerta_test" time="0.007">
		</testcase>
		<testcase name="test_la_que_no_esta_trabada_alterna_y_lo_contesta" classname="puerta_test" time="0.005">
		</testcase>
	</testsuite>
	<testsuite id="20" name="registro_de_ventas_test" package="test/dominio/almacen" timestamp="2026-10-09T13:27:24" hostname="localhost" tests="12" failures="0" errors="0" skipped="0" flaky="0" time="0.170">
		<testcase name="test_la_planilla_tiene_una_fila_por_producto_en_orden_y_en_cero" classname="registro_de_ventas_test" time="0.009">
		</testcase>
		<testcase name="test_un_producto_nulo_o_repetido_no_suma_una_fila" classname="registro_de_ventas_test" time="0.013">
		</testcase>
		<testcase name="test_los_productos_salen_como_copia" classname="registro_de_ventas_test" time="0.013">
		</testcase>
		<testcase name="test_mas_y_menos_mueven_una_sola_fila" classname="registro_de_ventas_test" time="0.010">
		</testcase>
		<testcase name="test_menos_con_la_fila_en_cero_se_rechaza" classname="registro_de_ventas_test" time="0.006">
		</testcase>
		<testcase name="test_mas_con_la_fila_en_el_tope_se_rechaza" classname="registro_de_ventas_test" time="0.010">
		</testcase>
		<testcase name="test_un_producto_ajeno_o_nulo_se_rechaza_sin_tocar_ninguna_fila" classname="registro_de_ventas_test" time="0.008">
		</testcase>
		<testcase name="test_el_total_sigue_a_cada_gesto" classname="registro_de_ventas_test" time="0.010">
		</testcase>
		<testcase name="test_el_mismo_total_con_otro_producto_no_coincide" classname="registro_de_ventas_test" time="0.012">
		</testcase>
		<testcase name="test_coincide_recien_con_la_ultima_unidad" classname="registro_de_ventas_test" time="0.008">
		</testcase>
		<testcase name="test_una_unidad_de_mas_deja_de_coincidir_y_restarla_vuelve" classname="registro_de_ventas_test" time="0.013">
		</testcase>
		<testcase name="test_dos_ventas_del_mismo_producto_se_anotan_juntas" classname="registro_de_ventas_test" time="0.009">
		</testcase>
	</testsuite>
	<testsuite id="21" name="reglas_del_cierre_test" package="test/dominio/almacen" timestamp="2026-10-09T13:27:25" hostname="localhost" tests="12" failures="0" errors="0" skipped="0" flaky="0" time="0.180">
		<testcase name="test_una_lista_vacia_no_produce_motivos" classname="reglas_del_cierre_test" time="0.005">
		</testcase>
		<testcase name="test_una_unidad_suelta_desordena_cualquier_habitacion" classname="reglas_del_cierre_test" time="0.010">
		</testcase>
		<testcase name="test_una_caja_solo_queda_ordenada_en_el_deposito" classname="reglas_del_cierre_test" time="0.007">
		</testcase>
		<testcase name="test_un_util_solo_queda_ordenado_en_el_bano" classname="reglas_del_cierre_test" time="0.008">
		</testcase>
		<testcase name="test_los_otros_objetos_adentro_no_producen_desorden" classname="reglas_del_cierre_test" time="0.008">
		</testcase>
		<testcase name="test_un_mismo_cierre_puede_tener_desorden_y_objetos_afuera" classname="reglas_del_cierre_test" time="0.013">
		</testcase>
		<testcase name="test_la_pertenencia_sale_del_punto_y_de_las_tres_regiones" classname="reglas_del_cierre_test" time="0.014">
		</testcase>
		<testcase name="test_sin_regiones_declaradas_el_punto_queda_afuera" classname="reglas_del_cierre_test" time="0.012">
		</testcase>
		<testcase name="test_dos_partes_separadas_no_incluyen_el_hueco_entre_ellas" classname="reglas_del_cierre_test" time="0.010">
		</testcase>
		<testcase name="test_el_techo_alto_y_el_paso_no_agrandan_el_resto_del_bano" classname="reglas_del_cierre_test" time="0.012">
		</testcase>
		<testcase name="test_solo_las_bolsas_y_los_tickets_se_tiran_sin_llamado" classname="reglas_del_cierre_test" time="0.011">
		</testcase>
		<testcase name="test_unidad_utiles_y_datos_ausentes_no_son_exentos" classname="reglas_del_cierre_test" time="0.010">
		</testcase>
	</testsuite>
	<testsuite id="22" name="reglas_del_estante_test" package="test/dominio/almacen" timestamp="2026-10-09T13:27:25" hostname="localhost" tests="2" failures="0" errors="0" skipped="0" flaky="0" time="0.034">
		<testcase name="test_ningun_faltante_de_ninguna_jornada_pasa_de_una_caja" classname="reglas_del_estante_test" time="0.010">
		</testcase>
		<testcase name="test_las_unidades_de_una_caja_son_una_cantidad_y_no_un_centinela" classname="reglas_del_estante_test" time="0.007">
		</testcase>
	</testsuite>
	<testsuite id="23" name="reglas_de_la_basura_test" package="test/dominio/almacen" timestamp="2026-10-09T13:27:25" hostname="localhost" tests="4" failures="0" errors="0" skipped="0" flaky="0" time="0.055">
		<testcase name="test_el_tiro_distingue_mano_caja_y_tapa_en_orden" classname="reglas_de_la_basura_test" time="0.008">
		</testcase>
		<testcase name="test_la_tarea_no_se_puede_resolver_en_un_solo_viaje" classname="reglas_de_la_basura_test" time="0.008">
		</testcase>
		<testcase name="test_el_fondo_no_se_ve_desde_donde_se_hace_otra_tarea" classname="reglas_de_la_basura_test" time="0.007">
		</testcase>
		<testcase name="test_hay_un_id_distinto_por_bolsa_y_los_gobierna_el_balance" classname="reglas_de_la_basura_test" time="0.009">
		</testcase>
	</testsuite>
	<testsuite id="24" name="reglas_de_la_limpieza_test" package="test/dominio/almacen" timestamp="2026-10-09T13:27:25" hostname="localhost" tests="9" failures="0" errors="0" skipped="0" flaky="0" time="0.126">
		<testcase name="test_cada_jabon_borra_un_solo_tipo_de_mancha" classname="reglas_de_la_limpieza_test" time="0.011">
		</testcase>
		<testcase name="test_ninguna_mancha_se_borra_con_agua_sola_ni_con_la_mopa_seca" classname="reglas_de_la_limpieza_test" time="0.007">
		</testcase>
		<testcase name="test_cada_jabon_se_reconoce_por_su_id_y_lo_demas_no_tine" classname="reglas_de_la_limpieza_test" time="0.008">
		</testcase>
		<testcase name="test_los_ids_de_la_limpieza_son_distintos_y_ninguno_es_la_mano_vacia" classname="reglas_de_la_limpieza_test" time="0.011">
		</testcase>
		<testcase name="test_cada_tipo_de_mancha_se_ve_de_su_color" classname="reglas_de_la_limpieza_test" time="0.012">
		</testcase>
		<testcase name="test_el_agua_sin_jabon_es_celeste_y_bien_clara" classname="reglas_de_la_limpieza_test" time="0.009">
		</testcase>
		<testcase name="test_el_agua_de_cada_jabon_se_distingue_de_las_demas" classname="reglas_de_la_limpieza_test" time="0.006">
		</testcase>
		<testcase name="test_cada_util_carga_con_el_id_de_su_constante_y_se_levanta" classname="reglas_de_la_limpieza_test" time="0.006">
		</testcase>
		<testcase name="test_mojar_la_mopa_dura_cuatro_decimas_de_segundo" classname="reglas_de_la_limpieza_test" time="0.009">
		</testcase>
	</testsuite>
	<testsuite id="25" name="reglas_de_la_ventanilla_test" package="test/dominio/almacen" timestamp="2026-10-09T13:27:25" hostname="localhost" tests="3" failures="0" errors="0" skipped="0" flaky="0" time="0.041">
		<testcase name="test_la_jornada_pide_atender_a_mas_de_un_comprador" classname="reglas_de_la_ventanilla_test" time="0.009">
		</testcase>
		<testcase name="test_ningun_comprador_de_la_jornada_queda_sin_atender_por_falta_de_lista" classname="reglas_de_la_ventanilla_test" time="0.010">
		</testcase>
		<testcase name="test_por_la_ventanilla_no_pasan_mas_de_dos_compradores_por_jornada" classname="reglas_de_la_ventanilla_test" time="0.006">
		</testcase>
	</testsuite>
	<testsuite id="26" name="reglas_de_los_objetos_test" package="test/dominio/almacen" timestamp="2026-10-09T13:27:25" hostname="localhost" tests="10" failures="0" errors="0" skipped="0" flaky="0" time="0.125">
		<testcase name="test_las_distancias_van_de_la_mas_cerca_a_la_mas_lejos" classname="reglas_de_los_objetos_test" time="0.009">
		</testcase>
		<testcase name="test_las_distancias_son_positivas_y_caben_en_el_alcance_de_la_mira" classname="reglas_de_los_objetos_test" time="0.006">
		</testcase>
		<testcase name="test_se_lleva_una_sola_cosa_a_la_vez" classname="reglas_de_los_objetos_test" time="0.005">
		</testcase>
		<testcase name="test_las_dos_acciones_nuevas_no_se_pisan_con_las_de_caminar" classname="reglas_de_los_objetos_test" time="0.010">
		</testcase>
		<testcase name="test_solo_una_superficie_horizontal_recibe_una_caja" classname="reglas_de_los_objetos_test" time="0.009">
		</testcase>
		<testcase name="test_lo_que_entra_a_la_distancia_de_examen_se_examina_ahi" classname="reglas_de_los_objetos_test" time="0.010">
		</testcase>
		<testcase name="test_lo_mas_grande_se_examina_mas_lejos" classname="reglas_de_los_objetos_test" time="0.008">
		</testcase>
		<testcase name="test_lo_examinado_queda_entero_delante_del_ojo" classname="reglas_de_los_objetos_test" time="0.008">
		</testcase>
		<testcase name="test_lo_soltado_se_apoya_sobre_lo_horizontal_que_lo_admite" classname="reglas_de_los_objetos_test" time="0.009">
		</testcase>
		<testcase name="test_las_teclas_giran_lo_examinado_a_velocidad_fija" classname="reglas_de_los_objetos_test" time="0.006">
		</testcase>
	</testsuite>
	<testsuite id="27" name="rescate_test" package="test/dominio/almacen" timestamp="2026-10-09T13:27:25" hostname="localhost" tests="6" failures="0" errors="0" skipped="0" flaky="0" time="0.082">
		<testcase name="test_gana_el_primero_libre_en_el_orden" classname="rescate_test" time="0.012">
		</testcase>
		<testcase name="test_el_origen_es_el_ultimo_recurso" classname="rescate_test" time="0.009">
		</testcase>
		<testcase name="test_sin_ningun_libre_no_hay_eleccion" classname="rescate_test" time="0.010">
		</testcase>
		<testcase name="test_la_racha_termina_en_el_primer_paso_sin_empujon" classname="rescate_test" time="0.008">
		</testcase>
		<testcase name="test_la_racha_sigue_mientras_haya_empujon" classname="rescate_test" time="0.007">
		</testcase>
		<testcase name="test_sin_racha_no_termina_nada" classname="rescate_test" time="0.006">
		</testcase>
	</testsuite>
	<testsuite id="28" name="tapa_del_contenedor_test" package="test/dominio/almacen" timestamp="2026-10-09T13:27:25" hostname="localhost" tests="8" failures="0" errors="0" skipped="0" flaky="0" time="0.071">
		<testcase name="test_arranca_abierta_y_recibe_objetos" classname="tapa_del_contenedor_test" time="0.008">
		</testcase>
		<testcase name="test_cerrar_corta_el_descarte_antes_de_terminar_el_giro" classname="tapa_del_contenedor_test" time="0.005">
		</testcase>
		<testcase name="test_abrir_recupera_el_descarte_al_terminar_el_giro" classname="tapa_del_contenedor_test" time="0.005">
		</testcase>
		<testcase name="test_se_puede_invertir_el_giro_sin_saltar_al_otro_tope" classname="tapa_del_contenedor_test" time="0.006">
		</testcase>
		<testcase name="test_dividir_los_cuadros_da_el_mismo_angulo" classname="tapa_del_contenedor_test" time="0.007">
		</testcase>
		<testcase name="test_el_tiempo_negativo_no_mueve_la_tapa" classname="tapa_del_contenedor_test" time="0.006">
		</testcase>
		<testcase name="test_reiniciar_la_jornada_la_deja_abierta" classname="tapa_del_contenedor_test" time="0.004">
		</testcase>
		<testcase name="test_un_paso_obstruido_no_mueve_la_tapa_y_se_puede_invertir" classname="tapa_del_contenedor_test" time="0.005">
		</testcase>
	</testsuite>
	<testsuite id="29" name="tarea_de_atender_test" package="test/dominio/almacen" timestamp="2026-10-09T13:27:25" hostname="localhost" tests="15" failures="0" errors="0" skipped="0" flaky="0" time="0.172">
		<testcase name="test_atender_devuelve_los_compradores_en_orden_y_despues_nada" classname="tarea_de_atender_test" time="0.007">
		</testcase>
		<testcase name="test_la_atencion_en_curso_es_la_del_ultimo_que_llego" classname="tarea_de_atender_test" time="0.008">
		</testcase>
		<testcase name="test_despachados_cuenta_las_dos_formas_de_despachar" classname="tarea_de_atender_test" time="0.011">
		</testcase>
		<testcase name="test_un_comprador_que_llego_y_no_se_despacho_no_cuenta" classname="tarea_de_atender_test" time="0.008">
		</testcase>
		<testcase name="test_la_tarea_se_completa_con_todos_despachados_se_les_haya_vendido_o_no" classname="tarea_de_atender_test" time="0.006">
		</testcase>
		<testcase name="test_la_diferencia_acumulada_suma_solo_las_cobradas" classname="tarea_de_atender_test" time="0.005">
		</testcase>
		<testcase name="test_la_diferencia_acumulada_conserva_los_signos" classname="tarea_de_atender_test" time="0.007">
		</testcase>
		<testcase name="test_la_tarea_se_arma_con_uno_solo_y_funciona_igual" classname="tarea_de_atender_test" time="0.006">
		</testcase>
		<testcase name="test_la_tarea_no_nombra_cuantos_compradores_pide_la_jornada" classname="tarea_de_atender_test" time="0.011">
		</testcase>
		<testcase name="test_en_la_ventanilla_esta_el_que_llego_y_todavia_no_se_despacho" classname="tarea_de_atender_test" time="0.011">
		</testcase>
		<testcase name="test_el_segundo_comprador_ve_los_vendibles_que_dejo_el_primero" classname="tarea_de_atender_test" time="0.007">
		</testcase>
		<testcase name="test_lo_vendido_suma_los_pedidos_cobrados_del_mismo_producto" classname="tarea_de_atender_test" time="0.005">
		</testcase>
		<testcase name="test_despachar_sin_vender_no_suma_a_lo_vendido" classname="tarea_de_atender_test" time="0.007">
		</testcase>
		<testcase name="test_un_cobro_rechazado_no_suma_a_lo_vendido" classname="tarea_de_atender_test" time="0.005">
		</testcase>
		<testcase name="test_un_producto_que_nadie_compro_contesta_cero" classname="tarea_de_atender_test" time="0.010">
		</testcase>
	</testsuite>
	<testsuite id="30" name="tarea_de_la_basura_test" package="test/dominio/almacen" timestamp="2026-10-09T13:27:25" hostname="localhost" tests="6" failures="0" errors="0" skipped="0" flaky="0" time="0.088">
		<testcase name="test_la_jornada_arranca_con_las_bolsas_del_balance_y_ninguna_depositada" classname="tarea_de_la_basura_test" time="0.012">
		</testcase>
		<testcase name="test_la_misma_bolsa_dos_veces_no_cuenta_dos" classname="tarea_de_la_basura_test" time="0.011">
		</testcase>
		<testcase name="test_un_objeto_ajeno_no_es_basura" classname="tarea_de_la_basura_test" time="0.009">
		</testcase>
		<testcase name="test_la_tarea_se_completa_recien_con_la_ultima_bolsa" classname="tarea_de_la_basura_test" time="0.006">
		</testcase>
		<testcase name="test_cada_jornada_arranca_con_la_basura_adentro" classname="tarea_de_la_basura_test" time="0.012">
		</testcase>
		<testcase name="test_un_id_repetido_en_la_lista_no_agranda_la_tarea" classname="tarea_de_la_basura_test" time="0.005">
		</testcase>
	</testsuite>
	<testsuite id="31" name="ticket_test" package="test/dominio/almacen" timestamp="2026-10-09T13:27:26" hostname="localhost" tests="4" failures="0" errors="0" skipped="0" flaky="0" time="0.044">
		<testcase name="test_el_papel_se_levanta_y_suena_como_papel" classname="ticket_test" time="0.005">
		</testcase>
		<testcase name="test_el_papel_copia_los_productos_recibidos" classname="ticket_test" time="0.008">
		</testcase>
		<testcase name="test_leer_el_papel_no_permite_reescribirlo" classname="ticket_test" time="0.006">
		</testcase>
		<testcase name="test_solo_el_tipo_ticket_se_desecha_en_inodoro" classname="ticket_test" time="0.009">
		</testcase>
	</testsuite>
	<testsuite id="32" name="trayecto_test" package="test/dominio/almacen" timestamp="2026-10-09T13:27:26" hostname="localhost" tests="4" failures="0" errors="0" skipped="0" flaky="0" time="0.061">
		<testcase name="test_con_una_mano_cada_bolsa_es_un_viaje" classname="trayecto_test" time="0.012">
		</testcase>
		<testcase name="test_con_tantas_manos_como_bolsas_alcanza_un_viaje" classname="trayecto_test" time="0.009">
		</testcase>
		<testcase name="test_los_viajes_redondean_para_arriba" classname="trayecto_test" time="0.011">
		</testcase>
		<testcase name="test_sin_manos_o_sin_bolsas_no_hay_viajes" classname="trayecto_test" time="0.010">
		</testcase>
	</testsuite>
	<testsuite id="33" name="unidad_de_producto_test" package="test/dominio/almacen" timestamp="2026-10-09T13:27:26" hostname="localhost" tests="3" failures="0" errors="0" skipped="0" flaky="0" time="0.037">
		<testcase name="test_la_unidad_se_puede_llevar_y_conserva_el_producto" classname="unidad_de_producto_test" time="0.009">
		</testcase>
		<testcase name="test_las_unidades_del_mismo_producto_tienen_la_misma_identidad" classname="unidad_de_producto_test" time="0.006">
		</testcase>
		<testcase name="test_la_unidad_suena_como_su_producto" classname="unidad_de_producto_test" time="0.007">
		</testcase>
	</testsuite>
	<testsuite id="34" name="uso_test" package="test/dominio/almacen" timestamp="2026-10-09T13:27:26" hostname="localhost" tests="7" failures="0" errors="0" skipped="0" flaky="0" time="0.113">
		<testcase name="test_el_constructor_no_registra_combinaciones" classname="uso_test" time="0.012">
		</testcase>
		<testcase name="test_registrar_habilita_solo_el_par_en_ese_orden" classname="uso_test" time="0.011">
		</testcase>
		<testcase name="test_los_pares_distintos_no_se_confunden" classname="uso_test" time="0.009">
		</testcase>
		<testcase name="test_un_duplicado_no_altera_la_tabla" classname="uso_test" time="0.010">
		</testcase>
		<testcase name="test_ninguno_no_se_registra_ni_borra_un_efecto" classname="uso_test" time="0.009">
		</testcase>
		<testcase name="test_la_mano_vacia_no_produce_un_efecto_aunque_este_registrada" classname="uso_test" time="0.009">
		</testcase>
		<testcase name="test_el_almacen_declara_solo_los_gestos_de_limpiar" classname="uso_test" time="0.012">
		</testcase>
	</testsuite>
	<testsuite id="35" name="venta_test" package="test/dominio/almacen" timestamp="2026-10-09T13:27:26" hostname="localhost" tests="6" failures="0" errors="0" skipped="0" flaky="0" time="0.103">
		<testcase name="test_una_venta_sin_lineas_no_suma_nada_y_no_tiene_productos" classname="venta_test" time="0.013">
		</testcase>
		<testcase name="test_el_total_multiplica_el_precio_por_las_unidades_de_cada_linea" classname="venta_test" time="0.012">
		</testcase>
		<testcase name="test_agregar_dos_veces_el_mismo_producto_acumula_en_una_sola_linea" classname="venta_test" time="0.011">
		</testcase>
		<testcase name="test_dos_instancias_del_mismo_producto_son_una_sola_linea" classname="venta_test" time="0.011">
		</testcase>
		<testcase name="test_preguntar_por_un_producto_que_no_esta_en_la_venta_devuelve_cero" classname="venta_test" time="0.010">
		</testcase>
		<testcase name="test_agregar_una_cantidad_que_no_es_positiva_no_deja_linea_ni_resta" classname="venta_test" time="0.009">
		</testcase>
	</testsuite>
	<testsuite id="36" name="apagado_por_obstaculos_test" package="test/dominio/ambiente" timestamp="2026-10-09T13:27:26" hostname="localhost" tests="4" failures="0" errors="0" skipped="0" flaky="0" time="0.073">
		<testcase name="test_mas_obstaculos_apagan_mas_hasta_el_maximo" classname="apagado_por_obstaculos_test" time="0.012">
		</testcase>
		<testcase name="test_el_cambio_dura_mas_de_un_cuadro_y_llega" classname="apagado_por_obstaculos_test" time="0.009">
		</testcase>
		<testcase name="test_acercar_no_pasa_del_maximo" classname="apagado_por_obstaculos_test" time="0.015">
		</testcase>
		<testcase name="test_lo_que_tapa_encimado_es_un_solo_obstaculo" classname="apagado_por_obstaculos_test" time="0.011">
		</testcase>
	</testsuite>
	<testsuite id="37" name="contador_de_golpes_test" package="test/dominio/ambiente" timestamp="2026-10-09T13:27:26" hostname="localhost" tests="8" failures="0" errors="0" skipped="0" flaky="0" time="0.115">
		<testcase name="test_suenan_tres_golpes_cada_uno_mas_bajo_y_mas_filtrado" classname="contador_de_golpes_test" time="0.009">
		</testcase>
		<testcase name="test_el_primer_contacto_suena_aunque_sea_lento" classname="contador_de_golpes_test" time="0.010">
		</testcase>
		<testcase name="test_despues_del_primero_un_contacto_lento_no_gasta_ningun_golpe" classname="contador_de_golpes_test" time="0.007">
		</testcase>
		<testcase name="test_reiniciar_vuelve_al_primer_golpe" classname="contador_de_golpes_test" time="0.005">
		</testcase>
		<testcase name="test_agotar_deja_de_sonar_hasta_reiniciar" classname="contador_de_golpes_test" time="0.009">
		</testcase>
		<testcase name="test_agarrar_reinicia_tocar_cuenta_y_colocar_agota" classname="contador_de_golpes_test" time="0.010">
		</testcase>
		<testcase name="test_un_evento_que_no_es_de_objeto_suena_pleno" classname="contador_de_golpes_test" time="0.011">
		</testcase>
		<testcase name="test_el_golpe_pleno_no_baja_ni_filtra" classname="contador_de_golpes_test" time="0.013">
		</testcase>
	</testsuite>
	<testsuite id="38" name="eleccion_de_variante_test" package="test/dominio/ambiente" timestamp="2026-10-09T13:27:26" hostname="localhost" tests="4" failures="0" errors="0" skipped="0" flaky="0" time="0.054">
		<testcase name="test_nunca_suena_la_misma_dos_veces_seguidas" classname="eleccion_de_variante_test" time="0.009">
		</testcase>
		<testcase name="test_la_misma_semilla_da_la_misma_secuencia" classname="eleccion_de_variante_test" time="0.010">
		</testcase>
		<testcase name="test_una_sola_variante_se_repite" classname="eleccion_de_variante_test" time="0.007">
		</testcase>
		<testcase name="test_sin_variantes_contesta_que_no_hay" classname="eleccion_de_variante_test" time="0.006">
		</testcase>
	</testsuite>
	<testsuite id="39" name="emisores_del_ambiente_test" package="test/dominio/ambiente" timestamp="2026-10-09T13:27:26" hostname="localhost" tests="5" failures="0" errors="0" skipped="0" flaky="0" time="0.074">
		<testcase name="test_suenan_los_mas_cercanos_hasta_el_tope" classname="emisores_del_ambiente_test" time="0.011">
		</testcase>
		<testcase name="test_justo_en_el_tope_suenan_todos" classname="emisores_del_ambiente_test" time="0.009">
		</testcase>
		<testcase name="test_un_empate_en_el_borde_elige_siempre_el_primero" classname="emisores_del_ambiente_test" time="0.010">
		</testcase>
		<testcase name="test_sin_emisores_no_suena_ninguno" classname="emisores_del_ambiente_test" time="0.007">
		</testcase>
		<testcase name="test_el_tope_del_local_deja_sonar_alguno" classname="emisores_del_ambiente_test" time="0.009">
		</testcase>
	</testsuite>
	<testsuite id="40" name="entrada_sonora_test" package="test/dominio/ambiente" timestamp="2026-10-09T13:27:26" hostname="localhost" tests="10" failures="0" errors="0" skipped="0" flaky="0" time="0.134">
		<testcase name="test_una_fila_sin_stream_no_tiene_sonido" classname="entrada_sonora_test" time="0.010">
		</testcase>
		<testcase name="test_una_fila_con_stream_tiene_sonido" classname="entrada_sonora_test" time="0.009">
		</testcase>
		<testcase name="test_una_fila_con_un_bus_declarado_es_valida" classname="entrada_sonora_test" time="0.010">
		</testcase>
		<testcase name="test_una_fila_con_un_bus_que_no_existe_no_es_valida" classname="entrada_sonora_test" time="0.007">
		</testcase>
		<testcase name="test_el_bus_maestro_no_es_uno_de_los_cuatro" classname="entrada_sonora_test" time="0.005">
		</testcase>
		<testcase name="test_una_fila_sin_senal_no_tiene_fuente" classname="entrada_sonora_test" time="0.008">
		</testcase>
		<testcase name="test_los_eventos_estan_enumerados_en_un_solo_lugar" classname="entrada_sonora_test" time="0.011">
		</testcase>
		<testcase name="test_el_consumo_de_tiempo_del_turno_no_es_un_evento" classname="entrada_sonora_test" time="0.011">
		</testcase>
		<testcase name="test_lo_nuevo_va_al_final_y_no_renumera_lo_que_habia" classname="entrada_sonora_test" time="0.011">
		</testcase>
		<testcase name="test_devolver_es_un_evento_de_objeto_y_los_gestos_con_el_balde_no" classname="entrada_sonora_test" time="0.007">
		</testcase>
	</testsuite>
	<testsuite id="41" name="filas_del_balde_y_de_devolver_test" package="test/dominio/ambiente" timestamp="2026-10-09T13:27:26" hostname="localhost" tests="4" failures="0" errors="0" skipped="0" flaky="0" time="0.813">
		<testcase name="test_el_balde_suena_su_alzar_y_en_todo_lo_demas_su_dejar" classname="filas_del_balde_y_de_devolver_test" time="0.572">
		</testcase>
		<testcase name="test_cada_gesto_con_el_balde_suena_su_audio_plano_y_por_efectos" classname="filas_del_balde_y_de_devolver_test" time="0.085">
		</testcase>
		<testcase name="test_un_uso_de_la_limpieza_que_no_cambia_nada_no_tiene_fila" classname="filas_del_balde_y_de_devolver_test" time="0.066">
		</testcase>
		<testcase name="test_devolver_suena_en_cada_sonoridad_lo_mismo_que_colocar" classname="filas_del_balde_y_de_devolver_test" time="0.061">
		</testcase>
	</testsuite>
	<testsuite id="42" name="indicacion_del_foco_test" package="test/dominio/ambiente" timestamp="2026-10-09T13:27:27" hostname="localhost" tests="1" failures="0" errors="0" skipped="0" flaky="0" time="0.029">
		<testcase name="test_la_indicacion_tiene_medidas_visibles_y_colores_distintos" classname="indicacion_del_foco_test" time="0.013">
		</testcase>
	</testsuite>
	<testsuite id="43" name="notificaciones_test" package="test/dominio/ambiente" timestamp="2026-10-09T13:27:27" hostname="localhost" tests="12" failures="0" errors="0" skipped="0" flaky="0" time="0.161">
		<testcase name="test_reabrir_con_el_mismo_comprador_no_reinicia_el_aviso" classname="notificaciones_test" time="0.011">
		</testcase>
		<testcase name="test_otro_comprador_renueva_el_tipo_sin_duplicarlo" classname="notificaciones_test" time="0.010">
		</testcase>
		<testcase name="test_un_comprador_ya_avisado_tampoco_avisa_despues_de_vencer" classname="notificaciones_test" time="0.007">
		</testcase>
		<testcase name="test_el_lector_avisa_solo_por_renglones_llenos" classname="notificaciones_test" time="0.010">
		</testcase>
		<testcase name="test_el_aviso_sigue_a_2_9_y_sale_a_3_0" classname="notificaciones_test" time="0.007">
		</testcase>
		<testcase name="test_un_cuadro_largo_saca_todos_los_avisos" classname="notificaciones_test" time="0.008">
		</testcase>
		<testcase name="test_repetir_el_tipo_lo_pone_primero_y_reinicia_solo_su_tiempo" classname="notificaciones_test" time="0.007">
		</testcase>
		<testcase name="test_repetir_un_tipo_no_renueva_el_otro" classname="notificaciones_test" time="0.007">
		</testcase>
		<testcase name="test_los_tipos_se_ordenan_del_mas_nuevo_al_mas_viejo" classname="notificaciones_test" time="0.009">
		</testcase>
		<testcase name="test_vaciar_borra_ambos_tipos_y_olvida_compradores" classname="notificaciones_test" time="0.009">
		</testcase>
		<testcase name="test_null_y_avances_no_positivos_no_cambian_el_estado" classname="notificaciones_test" time="0.008">
		</testcase>
		<testcase name="test_modificar_la_lista_devuelta_no_borra_lo_visible" classname="notificaciones_test" time="0.011">
		</testcase>
	</testsuite>
	<testsuite id="44" name="ronda_de_voces_test" package="test/dominio/ambiente" timestamp="2026-10-09T13:27:27" hostname="localhost" tests="4" failures="0" errors="0" skipped="0" flaky="0" time="0.060">
		<testcase name="test_el_local_tiene_voces_de_sobra_para_cinco_sonidos_seguidos" classname="ronda_de_voces_test" time="0.008">
		</testcase>
		<testcase name="test_cada_voz_sale_una_sola_vez_por_vuelta" classname="ronda_de_voces_test" time="0.010">
		</testcase>
		<testcase name="test_la_vuelta_siguiente_empieza_de_nuevo" classname="ronda_de_voces_test" time="0.008">
		</testcase>
		<testcase name="test_dos_rondas_no_comparten_el_turno" classname="ronda_de_voces_test" time="0.010">
		</testcase>
	</testsuite>
	<testsuite id="45" name="tabla_de_sonidos_test" package="test/dominio/ambiente" timestamp="2026-10-09T13:27:28" hostname="localhost" tests="20" failures="0" errors="0" skipped="0" flaky="0" time="0.987">
		<testcase name="test_la_tabla_del_disco_carga" classname="tabla_de_sonidos_test" time="0.063">
		</testcase>
		<testcase name="test_la_tabla_cubre_todos_los_eventos" classname="tabla_de_sonidos_test" time="0.062">
		</testcase>
		<testcase name="test_cinco_eventos_suenan_con_su_audio_y_su_bus" classname="tabla_de_sonidos_test" time="0.060">
		</testcase>
		<testcase name="test_el_boton_de_la_computadora_lo_dispara_boton_pulsado" classname="tabla_de_sonidos_test" time="0.061">
		</testcase>
		<testcase name="test_cerrar_la_jornada_y_abrir_la_computadora_quedan_mudos" classname="tabla_de_sonidos_test" time="0.061">
		</testcase>
		<testcase name="test_ninguna_fila_del_disco_sale_por_un_bus_que_no_existe" classname="tabla_de_sonidos_test" time="0.071">
		</testcase>
		<testcase name="test_un_evento_sin_fila_contesta_null_en_vez_de_reventar" classname="tabla_de_sonidos_test" time="0.010">
		</testcase>
		<testcase name="test_una_tabla_con_una_fila_invalida_la_nombra" classname="tabla_de_sonidos_test" time="0.011">
		</testcase>
		<testcase name="test_la_fila_de_un_evento_de_objeto_sale_de_su_sonoridad" classname="tabla_de_sonidos_test" time="0.055">
		</testcase>
		<testcase name="test_un_par_sin_fila_contesta_null" classname="tabla_de_sonidos_test" time="0.009">
		</testcase>
		<testcase name="test_la_tabla_nombra_el_par_que_falta" classname="tabla_de_sonidos_test" time="0.071">
		</testcase>
		<testcase name="test_cada_sonoridad_con_audio_suena_su_propio_archivo" classname="tabla_de_sonidos_test" time="0.064">
		</testcase>
		<testcase name="test_la_musica_y_el_ambiente_van_en_bucle_por_su_bus" classname="tabla_de_sonidos_test" time="0.053">
		</testcase>
		<testcase name="test_lo_que_pasa_en_un_lugar_suena_del_espacio_y_lo_demas_plano" classname="tabla_de_sonidos_test" time="0.074">
		</testcase>
		<testcase name="test_los_pasos_alternan_pisadas_planas" classname="tabla_de_sonidos_test" time="0.065">
		</testcase>
		<testcase name="test_la_toma_larga_de_pasos_no_se_usa" classname="tabla_de_sonidos_test" time="0.008">
		</testcase>
		<testcase name="test_la_compra_el_lector_y_el_celular_suenan_con_su_audio" classname="tabla_de_sonidos_test" time="0.059">
		</testcase>
		<testcase name="test_las_tres_senales_llegan_de_una_fuente_del_audio" classname="tabla_de_sonidos_test" time="0.013">
		</testcase>
		<testcase name="test_la_ronda_reparte_por_turno_y_vuelve_al_principio" classname="tabla_de_sonidos_test" time="0.009">
		</testcase>
		<testcase name="test_una_ronda_sin_voces_queda_vacia_y_no_falla" classname="tabla_de_sonidos_test" time="0.008">
		</testcase>
	</testsuite>
	<testsuite id="46" name="dialogo_test" package="test/dominio" timestamp="2026-10-09T13:27:28" hostname="localhost" tests="8" failures="0" errors="0" skipped="0" flaky="0" time="0.104">
		<testcase name="test_la_primera_entrada_se_muestra_sin_avanzar" classname="dialogo_test" time="0.011">
		</testcase>
		<testcase name="test_tres_entradas_retienen_hasta_el_tercer_avance" classname="dialogo_test" time="0.008">
		</testcase>
		<testcase name="test_avanzar_despues_del_final_no_borra_la_ultima_entrada" classname="dialogo_test" time="0.010">
		</testcase>
		<testcase name="test_sin_entradas_se_puede_abandonar_desde_el_principio" classname="dialogo_test" time="0.007">
		</testcase>
		<testcase name="test_el_pensamiento_no_retiene_antes_de_avanzar" classname="dialogo_test" time="0.005">
		</testcase>
		<testcase name="test_una_sola_entrada_se_cierra_con_el_primer_avance" classname="dialogo_test" time="0.007">
		</testcase>
		<testcase name="test_el_recordatorio_tiene_una_entrada_y_no_retiene" classname="dialogo_test" time="0.011">
		</testcase>
		<testcase name="test_el_dialogo_conserva_sus_entradas_si_cambia_la_fuente" classname="dialogo_test" time="0.008">
		</testcase>
	</testsuite>
	<testsuite id="47" name="catalogo_de_reacciones_test" package="test/dominio/empleo" timestamp="2026-10-09T13:27:29" hostname="localhost" tests="5" failures="0" errors="0" skipped="0" flaky="0" time="0.067">
		<testcase name="test_hay_una_reaccion_por_cada_tarea_en_sus_dos_estados" classname="catalogo_de_reacciones_test" time="0.009">
		</testcase>
		<testcase name="test_cada_reaccion_de_tarea_repite_adentro_la_fila_en_la_que_esta" classname="catalogo_de_reacciones_test" time="0.006">
		</testcase>
		<testcase name="test_hay_un_comentario_por_cada_apercibimiento_hasta_el_tope" classname="catalogo_de_reacciones_test" time="0.007">
		</testcase>
		<testcase name="test_por_encima_del_tope_contesta_la_del_despido_y_no_un_nulo" classname="catalogo_de_reacciones_test" time="0.008">
		</testcase>
		<testcase name="test_el_catalogo_no_decide_nada_porque_es_una_tabla" classname="catalogo_de_reacciones_test" time="0.009">
		</testcase>
	</testsuite>
	<testsuite id="48" name="consecuencia_test" package="test/dominio/empleo" timestamp="2026-10-09T13:27:29" hostname="localhost" tests="7" failures="0" errors="0" skipped="0" flaky="0" time="0.075">
		<testcase name="test_cumplir_las_cinco_obligatorias_no_trae_consecuencias" classname="consecuencia_test" time="0.009">
		</testcase>
		<testcase name="test_cumplir_cuatro_de_cinco_es_un_aviso" classname="consecuencia_test" time="0.008">
		</testcase>
		<testcase name="test_cumplir_tres_de_cinco_todavia_es_un_aviso" classname="consecuencia_test" time="0.005">
		</testcase>
		<testcase name="test_cumplir_menos_de_tres_es_grave" classname="consecuencia_test" time="0.004">
		</testcase>
		<testcase name="test_cumplir_todas_se_mide_contra_las_obligatorias_y_no_contra_un_cinco" classname="consecuencia_test" time="0.008">
		</testcase>
		<testcase name="test_el_corte_del_aviso_son_tres_tareas_y_no_una_fraccion_de_las_obligatorias" classname="consecuencia_test" time="0.008">
		</testcase>
		<testcase name="test_cumplir_casi_todas_no_es_ninguna_consecuencia" classname="consecuencia_test" time="0.007">
		</testcase>
	</testsuite>
	<testsuite id="49" name="espera_de_la_carga_test" package="test/dominio/empleo" timestamp="2026-10-09T13:27:29" hostname="localhost" tests="5" failures="0" errors="0" skipped="0" flaky="0" time="0.054">
		<testcase name="test_recien_mostrada_no_deja_entrar" classname="espera_de_la_carga_test" time="0.007">
		</testcase>
		<testcase name="test_con_la_carga_terminada_espera_el_minimo" classname="espera_de_la_carga_test" time="0.005">
		</testcase>
		<testcase name="test_pasado_el_minimo_espera_la_carga" classname="espera_de_la_carga_test" time="0.005">
		</testcase>
		<testcase name="test_el_tiempo_se_acumula_entre_cuadros" classname="espera_de_la_carga_test" time="0.008">
		</testcase>
		<testcase name="test_el_minimo_es_un_segundo" classname="espera_de_la_carga_test" time="0.007">
		</testcase>
	</testsuite>
	<testsuite id="50" name="legajo_test" package="test/dominio/empleo" timestamp="2026-10-09T13:27:29" hostname="localhost" tests="15" failures="0" errors="0" skipped="0" flaky="0" time="0.163">
		<testcase name="test_un_legajo_nuevo_no_tiene_apercibimientos_ni_despido" classname="legajo_test" time="0.008">
		</testcase>
		<testcase name="test_una_jornada_completa_no_suma_apercibimientos" classname="legajo_test" time="0.007">
		</testcase>
		<testcase name="test_el_aviso_suma_uno_y_la_banda_grave_suma_dos" classname="legajo_test" time="0.008">
		</testcase>
		<testcase name="test_hacen_falta_cuatro_jornadas_de_aviso_para_que_lo_echen" classname="legajo_test" time="0.008">
		</testcase>
		<testcase name="test_dos_jornadas_graves_seguidas_alcanzan_para_el_despido" classname="legajo_test" time="0.009">
		</testcase>
		<testcase name="test_una_jornada_completa_con_deuda_deja_el_aviso_siguiente_en_despido" classname="legajo_test" time="0.008">
		</testcase>
		<testcase name="test_a_la_banda_grave_le_alcanza_con_una_jornada_menos_que_a_la_de_aviso" classname="legajo_test" time="0.007">
		</testcase>
		<testcase name="test_una_grave_y_dos_avisos_despiden_y_no_antes" classname="legajo_test" time="0.006">
		</testcase>
		<testcase name="test_el_contador_puede_pasar_de_largo_el_umbral_sin_pisarlo" classname="legajo_test" time="0.005">
		</testcase>
		<testcase name="test_la_jornada_completa_se_mide_contra_las_obligatorias_y_no_contra_un_cinco" classname="legajo_test" time="0.006">
		</testcase>
		<testcase name="test_un_legajo_restaurado_sigue_contando_desde_donde_quedo" classname="legajo_test" time="0.006">
		</testcase>
		<testcase name="test_restaurar_un_legajo_en_cero_es_lo_mismo_que_uno_nuevo" classname="legajo_test" time="0.005">
		</testcase>
		<testcase name="test_una_jornada_impecable_con_legajo_limpio_lo_conserva_en_cero" classname="legajo_test" time="0.004">
		</testcase>
		<testcase name="test_dos_graves_con_una_impecable_en_el_medio_despiden" classname="legajo_test" time="0.003">
		</testcase>
		<testcase name="test_la_quinta_impecable_con_deuda_cumple_el_contrato" classname="legajo_test" time="0.008">
		</testcase>
	</testsuite>
	<testsuite id="51" name="llamados_de_la_partida_test" package="test/dominio/empleo" timestamp="2026-10-09T13:27:29" hostname="localhost" tests="8" failures="0" errors="0" skipped="0" flaky="0" time="0.085">
		<testcase name="test_las_bandas_suman_medios_y_no_sustituyen_llamados" classname="llamados_de_la_partida_test" time="0.009">
		</testcase>
		<testcase name="test_motivos_repetidos_y_distintos_se_cuentan_por_noche" classname="llamados_de_la_partida_test" time="0.005">
		</testcase>
		<testcase name="test_fuera_de_la_jornada_abierta_no_guarda_motivos" classname="llamados_de_la_partida_test" time="0.005">
		</testcase>
		<testcase name="test_siete_medios_no_despiden_y_ocho_si" classname="llamados_de_la_partida_test" time="0.005">
		</testcase>
		<testcase name="test_restaurado_siete_con_impecable_conserva_siete" classname="llamados_de_la_partida_test" time="0.005">
		</testcase>
		<testcase name="test_reanudar_sanea_medios_sin_migrar_la_clave_antigua" classname="llamados_de_la_partida_test" time="0.007">
		</testcase>
		<testcase name="test_la_lectura_entera_del_comentario_descarta_solo_el_medio" classname="llamados_de_la_partida_test" time="0.005">
		</testcase>
		<testcase name="test_la_quinta_con_siete_cumple_y_con_un_motivo_despide" classname="llamados_de_la_partida_test" time="0.007">
		</testcase>
	</testsuite>
	<testsuite id="52" name="menu_de_inicio_test" package="test/dominio/empleo" timestamp="2026-10-09T13:27:29" hostname="localhost" tests="6" failures="0" errors="0" skipped="0" flaky="0" time="0.073">
		<testcase name="test_fuera_de_la_web_muestra_las_cinco_opciones_en_orden" classname="menu_de_inicio_test" time="0.007">
		</testcase>
		<testcase name="test_la_web_no_ofrece_salir" classname="menu_de_inicio_test" time="0.008">
		</testcase>
		<testcase name="test_nuevo_juego_y_salir_estan_habilitadas" classname="menu_de_inicio_test" time="0.008">
		</testcase>
		<testcase name="test_con_guardado_continuar_se_habilita" classname="menu_de_inicio_test" time="0.008">
		</testcase>
		<testcase name="test_nuevo_juego_pide_confirmacion_solo_con_guardado" classname="menu_de_inicio_test" time="0.006">
		</testcase>
		<testcase name="test_continuar_configuraciones_y_logros_se_ven_deshabilitadas" classname="menu_de_inicio_test" time="0.008">
		</testcase>
	</testsuite>
	<testsuite id="53" name="parte_de_cierre_test" package="test/dominio/empleo" timestamp="2026-10-09T13:27:29" hostname="localhost" tests="10" failures="0" errors="0" skipped="0" flaky="0" time="0.132">
		<testcase name="test_el_parte_trae_una_linea_por_obligatoria_en_el_orden_declarado" classname="parte_de_cierre_test" time="0.011">
		</testcase>
		<testcase name="test_la_misma_tarea_cumplida_y_sin_cumplir_dice_cosas_distintas" classname="parte_de_cierre_test" time="0.009">
		</testcase>
		<testcase name="test_el_saludo_y_el_comentario_salen_del_parte_ya_escritos" classname="parte_de_cierre_test" time="0.009">
		</testcase>
		<testcase name="test_el_parte_devuelve_lo_que_recibio_sin_recalcular_nada" classname="parte_de_cierre_test" time="0.010">
		</testcase>
		<testcase name="test_los_tres_archivos_del_dominio_son_puros" classname="parte_de_cierre_test" time="0.010">
		</testcase>
		<testcase name="test_los_tres_espejos_de_este_spec_estan_escritos" classname="parte_de_cierre_test" time="0.006">
		</testcase>
		<testcase name="test_la_partida_que_termino_ofrece_volver_al_menu_y_no_seguir" classname="parte_de_cierre_test" time="0.008">
		</testcase>
		<testcase name="test_la_partida_en_curso_ofrece_seguir_y_volver_al_menu" classname="parte_de_cierre_test" time="0.008">
		</testcase>
		<testcase name="test_el_parte_de_la_partida_real_despedida_no_ofrece_seguir" classname="parte_de_cierre_test" time="0.007">
		</testcase>
		<testcase name="test_siete_medios_tienen_el_mismo_comentario_que_seis" classname="parte_de_cierre_test" time="0.005">
		</testcase>
	</testsuite>
	<testsuite id="54" name="partida_serializada_test" package="test/dominio/empleo" timestamp="2026-10-09T13:27:29" hostname="localhost" tests="5" failures="0" errors="0" skipped="0" flaky="0" time="0.057">
		<testcase name="test_cada_campo_tiene_su_clave" classname="partida_serializada_test" time="0.009">
		</testcase>
		<testcase name="test_un_guardado_completo_vuelve_igual" classname="partida_serializada_test" time="0.007">
		</testcase>
		<testcase name="test_el_campo_que_falta_vuelve_con_su_defecto" classname="partida_serializada_test" time="0.007">
		</testcase>
		<testcase name="test_el_tipo_equivocado_vuelve_con_su_defecto" classname="partida_serializada_test" time="0.005">
		</testcase>
		<testcase name="test_la_actual_una_anterior_y_sin_version_son_legibles" classname="partida_serializada_test" time="0.005">
		</testcase>
	</testsuite>
	<testsuite id="55" name="partida_test" package="test/dominio/empleo" timestamp="2026-10-09T13:27:29" hostname="localhost" tests="17" failures="0" errors="0" skipped="0" flaky="0" time="0.212">
		<testcase name="test_una_partida_nueva_arranca_en_la_primera_jornada" classname="partida_test" time="0.008">
		</testcase>
		<testcase name="test_la_partida_guarda_el_legajo_que_recibio_y_no_una_copia" classname="partida_test" time="0.008">
		</testcase>
		<testcase name="test_una_partida_restaurada_a_un_aviso_del_tope_despide_con_un_aviso" classname="partida_test" time="0.010">
		</testcase>
		<testcase name="test_una_partida_guardada_sigue_en_su_jornada_y_con_su_legajo" classname="partida_test" time="0.007">
		</testcase>
		<testcase name="test_un_diccionario_vacio_da_una_partida_nueva" classname="partida_test" time="0.009">
		</testcase>
		<testcase name="test_cerrar_una_jornada_avanza_y_anota_la_banda_en_el_legajo" classname="partida_test" time="0.009">
		</testcase>
		<testcase name="test_dos_cierres_sin_abrir_en_el_medio_no_avanzan_dos_veces" classname="partida_test" time="0.008">
		</testcase>
		<testcase name="test_cerrar_sin_haber_abierto_no_hace_nada" classname="partida_test" time="0.006">
		</testcase>
		<testcase name="test_abrir_la_jornada_entrega_el_turno_del_001_con_sus_obligatorias" classname="partida_test" time="0.008">
		</testcase>
		<testcase name="test_cada_jornada_abre_un_turno_nuevo_y_tareas_nuevas" classname="partida_test" time="0.010">
		</testcase>
		<testcase name="test_una_partida_que_termino_no_vuelve_a_abrir_una_jornada" classname="partida_test" time="0.010">
		</testcase>
		<testcase name="test_cinco_jornadas_impecables_terminan_la_partida_sin_despido" classname="partida_test" time="0.009">
		</testcase>
		<testcase name="test_dos_jornadas_graves_seguidas_terminan_la_partida_con_despido" classname="partida_test" time="0.008">
		</testcase>
		<testcase name="test_con_el_despido_en_la_ultima_jornada_gana_el_despido" classname="partida_test" time="0.008">
		</testcase>
		<testcase name="test_la_partida_tiene_tres_finales" classname="partida_test" time="0.006">
		</testcase>
		<testcase name="test_solo_la_ultima_jornada_es_la_ultima" classname="partida_test" time="0.007">
		</testcase>
		<testcase name="test_la_partida_es_pura_y_no_pide_una_escena" classname="partida_test" time="0.009">
		</testcase>
	</testsuite>
	<testsuite id="56" name="politica_de_guardado_test" package="test/dominio/empleo" timestamp="2026-10-09T13:27:30" hostname="localhost" tests="3" failures="0" errors="0" skipped="0" flaky="0" time="0.059">
		<testcase name="test_las_acciones_son_escribir_y_borrar_y_ninguna_mas" classname="politica_de_guardado_test" time="0.008">
		</testcase>
		<testcase name="test_los_datos_llevan_la_jornada_y_los_medios_de_la_partida" classname="politica_de_guardado_test" time="0.012">
		</testcase>
		<testcase name="test_la_politica_es_pura" classname="politica_de_guardado_test" time="0.014">
		</testcase>
	</testsuite>
	<testsuite id="57" name="reaccion_test" package="test/dominio/empleo" timestamp="2026-10-09T13:27:30" hostname="localhost" tests="2" failures="0" errors="0" skipped="0" flaky="0" time="0.050">
		<testcase name="test_la_reaccion_vuelve_del_disco_con_su_clave_y_su_texto" classname="reaccion_test" time="0.019">
		</testcase>
		<testcase name="test_las_tres_claves_posibles_estan_declaradas" classname="reaccion_test" time="0.010">
		</testcase>
	</testsuite>
	<testsuite id="58" name="reglas_de_la_partida_test" package="test/dominio/empleo" timestamp="2026-10-09T13:27:30" hostname="localhost" tests="5" failures="0" errors="0" skipped="0" flaky="0" time="0.087">
		<testcase name="test_la_partida_dura_las_cinco_jornadas_del_gdd" classname="reglas_de_la_partida_test" time="0.012">
		</testcase>
		<testcase name="test_ningun_otro_archivo_del_ciclo_escribe_una_cifra_de_balance" classname="reglas_de_la_partida_test" time="0.013">
		</testcase>
		<testcase name="test_la_demo_alcanza_para_llegar_al_despido" classname="reglas_de_la_partida_test" time="0.010">
		</testcase>
		<testcase name="test_los_tres_espejos_de_este_spec_estan_escritos" classname="reglas_de_la_partida_test" time="0.014">
		</testcase>
		<testcase name="test_el_barrido_caza_la_cifra_de_balance_y_deja_pasar_la_prosa" classname="reglas_de_la_partida_test" time="0.006">
		</testcase>
	</testsuite>
	<testsuite id="59" name="bandeja_test" package="test/dominio/investigacion" timestamp="2026-10-09T13:27:30" hostname="localhost" tests="7" failures="0" errors="0" skipped="0" flaky="0" time="0.113">
		<testcase name="test_una_bandeja_nueva_tiene_todo_sin_leer" classname="bandeja_test" time="0.008">
		</testcase>
		<testcase name="test_marcar_leida_deja_esa_conversacion_en_cero" classname="bandeja_test" time="0.012">
		</testcase>
		<testcase name="test_marcar_leida_no_toca_las_otras_dos" classname="bandeja_test" time="0.012">
		</testcase>
		<testcase name="test_marcar_leida_dos_veces_devuelve_false_la_segunda" classname="bandeja_test" time="0.011">
		</testcase>
		<testcase name="test_marcar_un_interlocutor_que_no_esta_en_la_bandeja_devuelve_false" classname="bandeja_test" time="0.010">
		</testcase>
		<testcase name="test_la_conversacion_se_pide_por_interlocutor_y_la_que_falta_es_null" classname="bandeja_test" time="0.012">
		</testcase>
		<testcase name="test_la_bandeja_no_se_arma_con_las_conversaciones_del_disco_en_cada_llamada" classname="bandeja_test" time="0.011">
		</testcase>
	</testsuite>
	<testsuite id="60" name="computadora_test" package="test/dominio/investigacion" timestamp="2026-10-09T13:27:30" hostname="localhost" tests="7" failures="0" errors="0" skipped="0" flaky="0" time="0.115">
		<testcase name="test_una_computadora_nueva_esta_cerrada" classname="computadora_test" time="0.010">
		</testcase>
		<testcase name="test_abrir_una_vez_devuelve_true_y_la_segunda_false" classname="computadora_test" time="0.011">
		</testcase>
		<testcase name="test_cerrar_sin_haber_abierto_devuelve_false" classname="computadora_test" time="0.011">
		</testcase>
		<testcase name="test_cambiar_a_la_misma_app_devuelve_false" classname="computadora_test" time="0.011">
		</testcase>
		<testcase name="test_cambiar_de_app_con_la_computadora_cerrada_devuelve_false" classname="computadora_test" time="0.011">
		</testcase>
		<testcase name="test_reabrir_vuelve_a_la_app_donde_se_habia_dejado" classname="computadora_test" time="0.007">
		</testcase>
		<testcase name="test_las_tres_apps_del_gdd_estan_declaradas" classname="computadora_test" time="0.014">
		</testcase>
	</testsuite>
	<testsuite id="61" name="conversacion_test" package="test/dominio/investigacion" timestamp="2026-10-09T13:27:30" hostname="localhost" tests="6" failures="0" errors="0" skipped="0" flaky="0" time="0.138">
		<testcase name="test_hay_una_conversacion_por_cada_interlocutor" classname="conversacion_test" time="0.042">
		</testcase>
		<testcase name="test_cada_interlocutor_tiene_la_suya_y_no_la_de_otro" classname="conversacion_test" time="0.009">
		</testcase>
		<testcase name="test_ninguna_conversacion_llega_vacia" classname="conversacion_test" time="0.009">
		</testcase>
		<testcase name="test_cada_interlocutor_se_presenta_con_un_nombre" classname="conversacion_test" time="0.017">
		</testcase>
		<testcase name="test_lo_leido_no_vuelve_al_disco" classname="conversacion_test" time="0.011">
		</testcase>
		<testcase name="test_un_interlocutor_sin_fila_contesta_null_en_vez_de_reventar" classname="conversacion_test" time="0.012">
		</testcase>
	</testsuite>
	<testsuite id="62" name="cuaderno_test" package="test/dominio/investigacion" timestamp="2026-10-09T13:27:30" hostname="localhost" tests="4" failures="0" errors="0" skipped="0" flaky="0" time="0.064">
		<testcase name="test_una_nota_con_titulo_se_escribe_y_se_devuelve" classname="cuaderno_test" time="0.012">
		</testcase>
		<testcase name="test_una_nota_sin_titulo_devuelve_null_y_no_se_guarda" classname="cuaderno_test" time="0.010">
		</testcase>
		<testcase name="test_una_nota_sobrevive_a_seguir_escribiendo" classname="cuaderno_test" time="0.008">
		</testcase>
		<testcase name="test_la_lista_devuelta_es_una_copia" classname="cuaderno_test" time="0.007">
		</testcase>
	</testsuite>
	<testsuite id="63" name="hallazgos_test" package="test/dominio/investigacion" timestamp="2026-10-09T13:27:30" hostname="localhost" tests="6" failures="0" errors="0" skipped="0" flaky="0" time="0.078">
		<testcase name="test_el_primer_examen_revela_y_el_segundo_no" classname="hallazgos_test" time="0.010">
		</testcase>
		<testcase name="test_dos_objetos_distintos_son_dos_hallazgos" classname="hallazgos_test" time="0.008">
		</testcase>
		<testcase name="test_la_identidad_es_el_id_y_no_la_instancia" classname="hallazgos_test" time="0.009">
		</testcase>
		<testcase name="test_un_objeto_sin_revelacion_no_es_un_hallazgo" classname="hallazgos_test" time="0.007">
		</testcase>
		<testcase name="test_nada_no_es_un_hallazgo" classname="hallazgos_test" time="0.009">
		</testcase>
		<testcase name="test_lo_ya_visto_se_puede_preguntar_sin_registrarlo" classname="hallazgos_test" time="0.007">
		</testcase>
	</testsuite>
	<testsuite id="64" name="mensaje_test" package="test/dominio/investigacion" timestamp="2026-10-09T13:27:30" hostname="localhost" tests="3" failures="0" errors="0" skipped="0" flaky="0" time="0.041">
		<testcase name="test_un_mensaje_con_texto_dice_algo" classname="mensaje_test" time="0.007">
		</testcase>
		<testcase name="test_un_mensaje_vacio_no_dice_nada" classname="mensaje_test" time="0.008">
		</testcase>
		<testcase name="test_un_mensaje_de_puros_espacios_tampoco_dice_nada" classname="mensaje_test" time="0.009">
		</testcase>
	</testsuite>
	<testsuite id="65" name="nota_test" package="test/dominio/investigacion" timestamp="2026-10-09T13:27:30" hostname="localhost" tests="2" failures="0" errors="0" skipped="0" flaky="0" time="0.037">
		<testcase name="test_la_nota_conserva_lo_que_se_escribio" classname="nota_test" time="0.010">
		</testcase>
		<testcase name="test_una_nota_puede_no_tener_cuerpo" classname="nota_test" time="0.009">
		</testcase>
	</testsuite>
	<testsuite id="66" name="revelacion_test" package="test/dominio/investigacion" timestamp="2026-10-09T13:27:30" hostname="localhost" tests="3" failures="0" errors="0" skipped="0" flaky="0" time="0.040">
		<testcase name="test_una_revelacion_recien_creada_no_dice_nada" classname="revelacion_test" time="0.009">
		</testcase>
		<testcase name="test_un_texto_de_puros_blancos_tampoco_dice_nada" classname="revelacion_test" time="0.007">
		</testcase>
		<testcase name="test_con_texto_dice_algo" classname="revelacion_test" time="0.006">
		</testcase>
	</testsuite>
	<testsuite id="67" name="apertura_test" package="test/dominio/jornada" timestamp="2026-10-09T13:27:30" hostname="localhost" tests="17" failures="0" errors="0" skipped="0" flaky="0" time="0.250">
		<testcase name="test_hay_una_obligatoria_por_cada_tipo_de_tarea" classname="apertura_test" time="0.012">
		</testcase>
		<testcase name="test_ningun_tipo_de_tarea_aparece_dos_veces" classname="apertura_test" time="0.007">
		</testcase>
		<testcase name="test_la_cantidad_declarada_coincide_con_la_lista_que_se_arma" classname="apertura_test" time="0.008">
		</testcase>
		<testcase name="test_el_turno_de_la_jornada_nace_con_el_presupuesto_entero" classname="apertura_test" time="0.010">
		</testcase>
		<testcase name="test_el_turno_de_la_jornada_nace_sin_ninguna_tarea_cumplida" classname="apertura_test" time="0.010">
		</testcase>
		<testcase name="test_la_segunda_jornada_trae_una_por_tipo_y_ninguna_cumplida" classname="apertura_test" time="0.008">
		</testcase>
		<testcase name="test_el_turno_cuenta_contra_la_lista_que_recibe_y_no_contra_una_copia" classname="apertura_test" time="0.011">
		</testcase>
		<testcase name="test_cada_caja_del_deposito_arranca_con_ocho_en_todas_las_jornadas" classname="apertura_test" time="0.012">
		</testcase>
		<testcase name="test_la_gondola_arranca_con_su_fila_menos_lo_que_falta" classname="apertura_test" time="0.010">
		</testcase>
		<testcase name="test_un_faltante_de_una_caja_entera_se_repone_con_esa_caja" classname="apertura_test" time="0.008">
		</testcase>
		<testcase name="test_la_primera_jornada_abre_con_los_cinco_faltantes_de_la_ficha" classname="apertura_test" time="0.005">
		</testcase>
		<testcase name="test_de_la_segunda_a_la_quinta_faltan_los_mismos_que_en_la_primera" classname="apertura_test" time="0.005">
		</testcase>
		<testcase name="test_los_faltantes_de_una_jornada_se_devuelven_en_una_copia" classname="apertura_test" time="0.010">
		</testcase>
		<testcase name="test_un_faltante_mas_grande_que_su_fila_deja_la_gondola_en_cero" classname="apertura_test" time="0.009">
		</testcase>
		<testcase name="test_un_casillero_que_se_vacia_vuelve_a_faltar" classname="apertura_test" time="0.009">
		</testcase>
		<testcase name="test_los_pedidos_de_cada_jornada_entran_sin_quitarle_a_la_reposicion" classname="apertura_test" time="0.016">
		</testcase>
		<testcase name="test_cada_jornada_recibe_un_inventario_propio" classname="apertura_test" time="0.011">
		</testcase>
	</testsuite>
	<testsuite id="68" name="marcador_test" package="test/dominio/jornada" timestamp="2026-10-09T13:27:31" hostname="localhost" tests="8" failures="0" errors="0" skipped="0" flaky="0" time="0.097">
		<testcase name="test_con_el_turno_entero_se_lee_la_hora_de_apertura" classname="marcador_test" time="0.006">
		</testcase>
		<testcase name="test_la_hora_pasa_por_la_medianoche_sin_llegar_a_veinticuatro" classname="marcador_test" time="0.006">
		</testcase>
		<testcase name="test_la_hora_avanza_a_medida_que_el_turno_se_gasta" classname="marcador_test" time="0.009">
		</testcase>
		<testcase name="test_un_turno_agotado_se_lee_como_la_hora_de_cierre" classname="marcador_test" time="0.010">
		</testcase>
		<testcase name="test_los_segundos_se_truncan_al_minuto_y_no_se_redondean" classname="marcador_test" time="0.008">
		</testcase>
		<testcase name="test_un_restante_negativo_nunca_pasa_de_la_hora_de_cierre" classname="marcador_test" time="0.009">
		</testcase>
		<testcase name="test_las_tareas_se_leen_como_cumplidas_sobre_declaradas" classname="marcador_test" time="0.007">
		</testcase>
		<testcase name="test_la_cantidad_de_obligatorias_entra_por_argumento" classname="marcador_test" time="0.008">
		</testcase>
	</testsuite>
	<testsuite id="69" name="pausa_test" package="test/dominio/jornada" timestamp="2026-10-09T13:27:31" hostname="localhost" tests="6" failures="0" errors="0" skipped="0" flaky="0" time="0.076">
		<testcase name="test_esc_en_la_jornada_pausa" classname="pausa_test" time="0.009">
		</testcase>
		<testcase name="test_esc_en_pausa_reanuda" classname="pausa_test" time="0.010">
		</testcase>
		<testcase name="test_esc_con_la_placa_no_hace_nada" classname="pausa_test" time="0.009">
		</testcase>
		<testcase name="test_perder_el_cursor_tomado_pausa" classname="pausa_test" time="0.009">
		</testcase>
		<testcase name="test_el_cursor_que_sigue_igual_no_pausa" classname="pausa_test" time="0.006">
		</testcase>
		<testcase name="test_perder_el_cursor_en_pausa_o_con_la_placa_no_hace_nada" classname="pausa_test" time="0.007">
		</testcase>
	</testsuite>
	<testsuite id="70" name="reloj_de_mesa_test" package="test/dominio/jornada" timestamp="2026-10-09T13:27:31" hostname="localhost" tests="5" failures="0" errors="0" skipped="0" flaky="0" time="0.081">
		<testcase name="test_la_noche_en_que_falla_se_lee_hasta_la_mitad_y_despues_no" classname="reloj_de_mesa_test" time="0.010">
		</testcase>
		<testcase name="test_las_otras_noches_leen_la_hora_el_turno_entero" classname="reloj_de_mesa_test" time="0.009">
		</testcase>
		<testcase name="test_el_reloj_que_fallo_no_dice_que_fallo" classname="reloj_de_mesa_test" time="0.011">
		</testcase>
		<testcase name="test_un_reloj_al_que_nadie_le_declaro_jornada_anda" classname="reloj_de_mesa_test" time="0.009">
		</testcase>
		<testcase name="test_el_reloj_de_mesa_es_puro_y_no_pide_una_escena" classname="reloj_de_mesa_test" time="0.011">
		</testcase>
	</testsuite>
	<testsuite id="71" name="ritmo_test" package="test/dominio/jornada" timestamp="2026-10-09T13:27:31" hostname="localhost" tests="4" failures="0" errors="0" skipped="0" flaky="0" time="0.058">
		<testcase name="test_un_segundo_real_vale_un_minuto_de_turno" classname="ritmo_test" time="0.011">
		</testcase>
		<testcase name="test_sin_tiempo_real_no_se_consume_nada_del_turno" classname="ritmo_test" time="0.009">
		</testcase>
		<testcase name="test_es_lineal_y_medio_segundo_vale_la_mitad" classname="ritmo_test" time="0.008">
		</testcase>
		<testcase name="test_una_sesion_de_doce_minutos_reales_cubre_el_turno_entero" classname="ritmo_test" time="0.009">
		</testcase>
	</testsuite>
	<testsuite id="72" name="tarea_test" package="test/dominio/jornada" timestamp="2026-10-09T13:27:31" hostname="localhost" tests="6" failures="0" errors="0" skipped="0" flaky="0" time="0.097">
		<testcase name="test_una_tarea_nueva_no_esta_completada" classname="tarea_test" time="0.010">
		</testcase>
		<testcase name="test_una_tarea_nueva_recuerda_su_tipo" classname="tarea_test" time="0.009">
		</testcase>
		<testcase name="test_completar_una_tarea_pendiente_la_marca_y_avisa_que_pudo" classname="tarea_test" time="0.012">
		</testcase>
		<testcase name="test_completar_una_tarea_ya_completada_no_cambia_nada" classname="tarea_test" time="0.012">
		</testcase>
		<testcase name="test_descompletar_una_tarea_cumplida_la_desmarca_y_avisa_que_pudo" classname="tarea_test" time="0.011">
		</testcase>
		<testcase name="test_descompletar_una_tarea_pendiente_no_cambia_nada" classname="tarea_test" time="0.006">
		</testcase>
	</testsuite>
	<testsuite id="73" name="turno_test" package="test/dominio/jornada" timestamp="2026-10-09T13:27:31" hostname="localhost" tests="18" failures="0" errors="0" skipped="0" flaky="0" time="0.226">
		<testcase name="test_un_turno_recien_abierto_tiene_todo_su_presupuesto" classname="turno_test" time="0.009">
		</testcase>
		<testcase name="test_consumir_descuenta_del_restante" classname="turno_test" time="0.007">
		</testcase>
		<testcase name="test_consumir_mas_de_lo_que_queda_deja_el_restante_en_cero_y_no_en_negativo" classname="turno_test" time="0.008">
		</testcase>
		<testcase name="test_consumir_un_valor_negativo_no_devuelve_tiempo" classname="turno_test" time="0.008">
		</testcase>
		<testcase name="test_un_turno_con_tiempo_todavia_no_esta_cerrado" classname="turno_test" time="0.007">
		</testcase>
		<testcase name="test_un_turno_sin_tiempo_esta_cerrado" classname="turno_test" time="0.011">
		</testcase>
		<testcase name="test_completar_dos_veces_la_misma_tarea_la_cuenta_una_sola_vez" classname="turno_test" time="0.008">
		</testcase>
		<testcase name="test_con_un_segundo_restante_cualquier_obligatoria_cuenta" classname="turno_test" time="0.009">
		</testcase>
		<testcase name="test_con_el_turno_cerrado_la_obligatoria_no_cuenta" classname="turno_test" time="0.008">
		</testcase>
		<testcase name="test_una_tarea_de_afuera_de_las_obligatorias_no_cuenta_ni_mueve_el_turno" classname="turno_test" time="0.007">
		</testcase>
		<testcase name="test_cumplir_las_cinco_en_el_mismo_cuadro_no_mueve_el_turno" classname="turno_test" time="0.005">
		</testcase>
		<testcase name="test_descumplir_baja_las_cumplidas_sin_mover_el_turno" classname="turno_test" time="0.006">
		</testcase>
		<testcase name="test_descumplir_una_sin_cumplir_no_descuenta_nada" classname="turno_test" time="0.006">
		</testcase>
		<testcase name="test_con_el_turno_cerrado_descumplir_se_rechaza" classname="turno_test" time="0.008">
		</testcase>
		<testcase name="test_un_turno_sin_obligatorias_esta_completo_por_vacuidad" classname="turno_test" time="0.008">
		</testcase>
		<testcase name="test_con_tres_de_cinco_cumplidas_el_turno_no_esta_completo" classname="turno_test" time="0.009">
		</testcase>
		<testcase name="test_con_las_cinco_cumplidas_el_turno_esta_completo" classname="turno_test" time="0.009">
		</testcase>
		<testcase name="test_un_turno_de_una_sola_obligatoria_se_completa_con_esa_una" classname="turno_test" time="0.009">
		</testcase>
	</testsuite>
	<testsuite id="74" name="cadencia_de_pasos_test" package="test/dominio/jugador" timestamp="2026-10-09T13:27:31" hostname="localhost" tests="4" failures="0" errors="0" skipped="0" flaky="0" time="0.077">
		<testcase name="test_quieto_no_suena_ningun_paso" classname="cadencia_de_pasos_test" time="0.017">
		</testcase>
		<testcase name="test_justo_antes_del_corte_no_suena_y_al_pasarlo_si" classname="cadencia_de_pasos_test" time="0.011">
		</testcase>
		<testcase name="test_un_cuadro_largo_suena_un_solo_paso" classname="cadencia_de_pasos_test" time="0.007">
		</testcase>
		<testcase name="test_el_mismo_tramo_a_otra_velocidad_da_los_mismos_pasos" classname="cadencia_de_pasos_test" time="0.010">
		</testcase>
	</testsuite>
	<testsuite id="75" name="caminata_test" package="test/dominio/jugador" timestamp="2026-10-09T13:27:31" hostname="localhost" tests="6" failures="0" errors="0" skipped="0" flaky="0" time="0.087">
		<testcase name="test_la_diagonal_no_camina_mas_rapido_que_la_recta" classname="caminata_test" time="0.011">
		</testcase>
		<testcase name="test_la_entrada_nula_da_el_vector_nulo_y_ninguna_componente_es_nan" classname="caminata_test" time="0.008">
		</testcase>
		<testcase name="test_con_el_yaw_en_cero_el_adelante_apunta_al_menos_z" classname="caminata_test" time="0.009">
		</testcase>
		<testcase name="test_girar_la_mirada_un_cuarto_de_vuelta_gira_el_adelante" classname="caminata_test" time="0.011">
		</testcase>
		<testcase name="test_la_velocidad_de_la_diagonal_tiene_el_largo_de_la_velocidad_maxima" classname="caminata_test" time="0.009">
		</testcase>
		<testcase name="test_la_velocidad_no_saca_al_jugador_del_piso" classname="caminata_test" time="0.008">
		</testcase>
	</testsuite>
	<testsuite id="76" name="campo_de_interaccion_test" package="test/dominio/jugador" timestamp="2026-10-09T13:27:31" hostname="localhost" tests="14" failures="0" errors="0" skipped="0" flaky="0" time="0.174">
		<testcase name="test_sin_candidatos_no_hay_objetivo" classname="campo_de_interaccion_test" time="0.010">
		</testcase>
		<testcase name="test_el_techo_angular_se_acepta" classname="campo_de_interaccion_test" time="0.012">
		</testcase>
		<testcase name="test_un_grado_sobre_el_techo_se_rechaza" classname="campo_de_interaccion_test" time="0.012">
		</testcase>
		<testcase name="test_el_centrado_gana_a_un_candidato_mas_cercano" classname="campo_de_interaccion_test" time="0.010">
		</testcase>
		<testcase name="test_a_igual_desvio_gana_el_mas_cercano" classname="campo_de_interaccion_test" time="0.010">
		</testcase>
		<testcase name="test_el_empate_total_conserva_el_primero" classname="campo_de_interaccion_test" time="0.009">
		</testcase>
		<testcase name="test_un_cuerpo_sin_grupo_no_gana" classname="campo_de_interaccion_test" time="0.008">
		</testcase>
		<testcase name="test_un_cuerpo_tapado_no_gana_aunque_este_centrado" classname="campo_de_interaccion_test" time="0.007">
		</testcase>
		<testcase name="test_el_objeto_excluido_no_gana" classname="campo_de_interaccion_test" time="0.004">
		</testcase>
		<testcase name="test_el_limite_de_alcance_se_acepta" classname="campo_de_interaccion_test" time="0.005">
		</testcase>
		<testcase name="test_un_centimetro_fuera_del_alcance_se_rechaza" classname="campo_de_interaccion_test" time="0.003">
		</testcase>
		<testcase name="test_un_producto_alejado_del_cursor_no_se_enfoca" classname="campo_de_interaccion_test" time="0.005">
		</testcase>
		<testcase name="test_un_producto_cerca_del_cursor_se_enfoca" classname="campo_de_interaccion_test" time="0.008">
		</testcase>
		<testcase name="test_la_precision_del_producto_no_reduce_la_de_otros_objetos" classname="campo_de_interaccion_test" time="0.011">
		</testcase>
	</testsuite>
	<testsuite id="77" name="control_del_jugador_test" package="test/dominio/jugador" timestamp="2026-10-09T13:27:32" hostname="localhost" tests="13" failures="0" errors="0" skipped="0" flaky="0" time="0.196">
		<testcase name="test_suspendido_no_gira_la_camara" classname="control_del_jugador_test" time="0.010">
		</testcase>
		<testcase name="test_suspendido_devuelve_velocidad_cero_aunque_la_entrada_no_sea_nula" classname="control_del_jugador_test" time="0.007">
		</testcase>
		<testcase name="test_reanudar_devuelve_el_giro_y_la_caminata" classname="control_del_jugador_test" time="0.006">
		</testcase>
		<testcase name="test_suspender_suelta_el_objetivo_que_estaba_enfocado" classname="control_del_jugador_test" time="0.006">
		</testcase>
		<testcase name="test_suspendido_la_mira_no_enfoca" classname="control_del_jugador_test" time="0.008">
		</testcase>
		<testcase name="test_suspendido_no_pide_el_cursor_y_al_reanudar_lo_vuelve_a_pedir" classname="control_del_jugador_test" time="0.012">
		</testcase>
		<testcase name="test_la_mira_sigue_avisando_cuando_no_esta_suspendido" classname="control_del_jugador_test" time="0.011">
		</testcase>
		<testcase name="test_con_un_mouse_rapido_el_dibujo_es_la_mirada" classname="control_del_jugador_test" time="0.013">
		</testcase>
		<testcase name="test_con_un_mouse_lento_el_dibujo_alcanza_a_la_mirada_en_la_ventana" classname="control_del_jugador_test" time="0.015">
		</testcase>
		<testcase name="test_contra_el_tope_del_pitch_el_dibujo_no_rebota" classname="control_del_jugador_test" time="0.012">
		</testcase>
		<testcase name="test_girar_en_redondo_no_dibuja_la_vuelta_larga" classname="control_del_jugador_test" time="0.011">
		</testcase>
		<testcase name="test_suspendido_el_dibujo_no_se_mueve" classname="control_del_jugador_test" time="0.009">
		</testcase>
		<testcase name="test_orientar_deja_el_dibujo_en_la_mirada_nueva" classname="control_del_jugador_test" time="0.010">
		</testcase>
	</testsuite>
	<testsuite id="78" name="encuadre_de_la_ventanilla_test" package="test/dominio/jugador" timestamp="2026-10-09T13:27:32" hostname="localhost" tests="5" failures="0" errors="0" skipped="0" flaky="0" time="0.070">
		<testcase name="test_los_tres_aspectos_encuadran_el_marco_visible" classname="encuadre_de_la_ventanilla_test" time="0.008">
		</testcase>
		<testcase name="test_el_alto_del_hueco_cuadrado_limita_en_pantallas_apaisadas" classname="encuadre_de_la_ventanilla_test" time="0.008">
		</testcase>
		<testcase name="test_el_ancho_de_un_hueco_ancho_limita_la_distancia" classname="encuadre_de_la_ventanilla_test" time="0.007">
		</testcase>
		<testcase name="test_los_bordes_a_distinta_profundidad_se_encuadran_juntos" classname="encuadre_de_la_ventanilla_test" time="0.008">
		</testcase>
		<testcase name="test_un_dato_no_positivo_no_pide_mover_la_camara" classname="encuadre_de_la_ventanilla_test" time="0.009">
		</testcase>
	</testsuite>
	<testsuite id="79" name="foco_test" package="test/dominio/jugador" timestamp="2026-10-09T13:27:32" hostname="localhost" tests="7" failures="0" errors="0" skipped="0" flaky="0" time="0.089">
		<testcase name="test_el_primer_objetivo_avisa_y_queda_guardado" classname="foco_test" time="0.008">
		</testcase>
		<testcase name="test_caminar_hacia_el_mismo_objeto_no_vuelve_a_avisar" classname="foco_test" time="0.006">
		</testcase>
		<testcase name="test_mirar_otro_objeto_avisa" classname="foco_test" time="0.007">
		</testcase>
		<testcase name="test_que_el_mismo_objeto_deje_de_ser_interactuable_tambien_avisa" classname="foco_test" time="0.009">
		</testcase>
		<testcase name="test_dejar_de_mirar_avisa_y_limpia" classname="foco_test" time="0.009">
		</testcase>
		<testcase name="test_un_foco_recien_creado_no_mira_nada" classname="foco_test" time="0.011">
		</testcase>
		<testcase name="test_no_mirar_nada_dos_veces_seguidas_no_avisa_dos_veces" classname="foco_test" time="0.009">
		</testcase>
	</testsuite>
	<testsuite id="80" name="mirada_test" package="test/dominio/jugador" timestamp="2026-10-09T13:27:32" hostname="localhost" tests="7" failures="0" errors="0" skipped="0" flaky="0" time="0.084">
		<testcase name="test_cien_pixeles_a_la_derecha_giran_el_yaw_un_radian_y_no_tocan_el_pitch" classname="mirada_test" time="0.011">
		</testcase>
		<testcase name="test_mirar_muy_para_abajo_deja_el_pitch_clavado_en_el_minimo" classname="mirada_test" time="0.009">
		</testcase>
		<testcase name="test_mirar_muy_para_arriba_deja_el_pitch_clavado_en_el_maximo" classname="mirada_test" time="0.006">
		</testcase>
		<testcase name="test_seis_vueltas_seguidas_dejan_el_yaw_adentro_de_una_vuelta" classname="mirada_test" time="0.007">
		</testcase>
		<testcase name="test_una_mirada_recien_creada_arranca_derecha" classname="mirada_test" time="0.006">
		</testcase>
		<testcase name="test_orientar_fija_el_yaw_y_deja_la_vista_horizontal" classname="mirada_test" time="0.008">
		</testcase>
		<testcase name="test_orientar_deja_el_yaw_adentro_de_una_vuelta" classname="mirada_test" time="0.007">
		</testcase>
	</testsuite>
	<testsuite id="81" name="reglas_del_jugador_test" package="test/dominio/jugador" timestamp="2026-10-09T13:27:32" hostname="localhost" tests="7" failures="0" errors="0" skipped="0" flaky="0" time="0.095">
		<testcase name="test_el_techo_angular_se_expresa_en_radianes" classname="reglas_del_jugador_test" time="0.011">
		</testcase>
		<testcase name="test_el_pitch_encierra_al_cero_y_no_llega_a_los_noventa_grados" classname="reglas_del_jugador_test" time="0.012">
		</testcase>
		<testcase name="test_la_velocidad_y_la_sensibilidad_son_positivas" classname="reglas_del_jugador_test" time="0.009">
		</testcase>
		<testcase name="test_el_alcance_de_la_mira_supera_la_distancia_de_soltado" classname="reglas_del_jugador_test" time="0.007">
		</testcase>
		<testcase name="test_la_camara_esta_a_la_altura_de_una_persona" classname="reglas_del_jugador_test" time="0.009">
		</testcase>
		<testcase name="test_los_cuatro_nombres_de_accion_son_distintos_entre_si" classname="reglas_del_jugador_test" time="0.007">
		</testcase>
		<testcase name="test_el_grupo_interactuable_tiene_nombre" classname="reglas_del_jugador_test" time="0.005">
		</testcase>
	</testsuite>
	<testsuite id="82" name="retorno_de_la_mano_test" package="test/dominio/jugador" timestamp="2026-10-09T13:27:32" hostname="localhost" tests="8" failures="0" errors="0" skipped="0" flaky="0" time="0.095">
		<testcase name="test_meter_la_mano_contra_el_cuerpo_es_instantaneo" classname="retorno_de_la_mano_test" time="0.005">
		</testcase>
		<testcase name="test_el_achique_no_depende_de_cuanto_dure_el_cuadro" classname="retorno_de_la_mano_test" time="0.006">
		</testcase>
		<testcase name="test_sacar_la_mano_no_llega_en_un_solo_cuadro" classname="retorno_de_la_mano_test" time="0.005">
		</testcase>
		<testcase name="test_sacar_la_mano_converge_al_largo_libre" classname="retorno_de_la_mano_test" time="0.008">
		</testcase>
		<testcase name="test_un_cuadro_mas_largo_avanza_mas" classname="retorno_de_la_mano_test" time="0.007">
		</testcase>
		<testcase name="test_sin_nada_que_recorrer_el_largo_no_se_mueve" classname="retorno_de_la_mano_test" time="0.006">
		</testcase>
		<testcase name="test_el_tiempo_de_vuelta_es_corto_y_positivo" classname="retorno_de_la_mano_test" time="0.010">
		</testcase>
		<testcase name="test_un_largo_nulo_no_es_una_respuesta_y_deja_la_mano_donde_esta" classname="retorno_de_la_mano_test" time="0.013">
		</testcase>
	</testsuite>
	<testsuite id="83" name="suavizado_del_giro_test" package="test/dominio/jugador" timestamp="2026-10-09T13:27:32" hostname="localhost" tests="6" failures="0" errors="0" skipped="0" flaky="0" time="0.147">
		<testcase name="test_un_mouse_que_llega_en_cada_cuadro_no_se_atrasa" classname="suavizado_del_giro_test" time="0.016">
		</testcase>
		<testcase name="test_frenar_el_mouse_no_lo_hace_pasar_por_lento" classname="suavizado_del_giro_test" time="0.010">
		</testcase>
		<testcase name="test_un_mouse_de_125_hz_se_dibuja_casi_parejo_a_144_cuadros" classname="suavizado_del_giro_test" time="0.040">
		</testcase>
		<testcase name="test_con_un_mouse_lento_un_reporte_se_dibuja_parejo_en_la_ventana" classname="suavizado_del_giro_test" time="0.012">
		</testcase>
		<testcase name="test_pasada_la_ventana_el_reporte_ya_se_dibujo_entero" classname="suavizado_del_giro_test" time="0.014">
		</testcase>
		<testcase name="test_dos_reportes_se_reparten_cada_uno_en_su_ventana" classname="suavizado_del_giro_test" time="0.017">
		</testcase>
	</testsuite>
	<testsuite id="84" name="reglas_test" package="test/dominio" timestamp="2026-10-09T13:27:32" hostname="localhost" tests="5" failures="0" errors="0" skipped="0" flaky="0" time="0.099">
		<testcase name="test_los_tipos_de_tarea_son_las_cinco_obligatorias" classname="reglas_test" time="0.013">
		</testcase>
		<testcase name="test_al_cuarto_apercibimiento_lo_echan" classname="reglas_test" time="0.012">
		</testcase>
		<testcase name="test_el_reloj_de_mesa_falla_adentro_de_la_partida" classname="reglas_test" time="0.008">
		</testcase>
		<testcase name="test_la_noche_arranca_a_una_hora_del_dia" classname="reglas_test" time="0.012">
		</testcase>
		<testcase name="test_una_jornada_grave_pesa_el_doble_que_un_aviso" classname="reglas_test" time="0.012">
		</testcase>
	</testsuite>
	<testsuite id="85" name="agarre_fisico_test" package="test/escenas" timestamp="2026-10-09T13:27:33" hostname="localhost" tests="3" failures="0" errors="0" skipped="0" flaky="0" time="142.254">
		<testcase name="test_soltar_hacia_la_gondola_deja_el_producto_visible_y_recuperable" classname="agarre_fisico_test" time="139.748">
		</testcase>
		<testcase name="test_la_bolsa_sostenida_no_desplaza_al_jugador" classname="agarre_fisico_test" time="2.335">
		</testcase>
		<testcase name="test_el_izquierdo_en_el_contenedor_entrega_la_bolsa_al_recolector" classname="agarre_fisico_test" time="0.144">
		</testcase>
	</testsuite>
	<testsuite id="86" name="agua_sobre_el_piso_test" package="test/escenas" timestamp="2026-10-09T13:29:55" hostname="localhost" tests="10" failures="0" errors="0" skipped="0" flaky="0" time="1.347">
		<testcase name="test_instanciar_y_descartar_el_almacen_sin_abrirlo_no_deja_nodos_huerfanos" classname="agua_sobre_el_piso_test" time="0.048">
		</testcase>
		<testcase name="test_el_uso_sobre_piso_libre_llega_sin_convertir_el_suelo_en_interactuable" classname="agua_sobre_el_piso_test" time="0.163">
		</testcase>
		<testcase name="test_el_disco_completo_de_agua_se_reserva_fuera_de_las_manchas" classname="agua_sobre_el_piso_test" time="0.157">
		</testcase>
		<testcase name="test_una_superficie_horizontal_de_un_mueble_no_es_piso" classname="agua_sobre_el_piso_test" time="0.155">
		</testcase>
		<testcase name="test_agua_limpia_deja_charco_sin_cambiar_las_manchas_y_la_jornada_lo_borra" classname="agua_sobre_el_piso_test" time="0.157">
		</testcase>
		<testcase name="test_enjuagar_en_el_inodoro_anima_hacia_ese_inodoro_y_no_hacia_el_balde" classname="agua_sobre_el_piso_test" time="0.146">
		</testcase>
		<testcase name="test_rechaza_una_concavidad_entre_las_muestras_del_borde" classname="agua_sobre_el_piso_test" time="0.011">
		</testcase>
		<testcase name="test_la_mira_no_deja_agua_fuera_de_alcance_ni_detras_de_un_obstaculo" classname="agua_sobre_el_piso_test" time="0.149">
		</testcase>
		<testcase name="test_el_producto_aceptado_mezcla_el_balde_y_repintar_no_corta_la_transicion" classname="agua_sobre_el_piso_test" time="0.152">
		</testcase>
		<testcase name="test_las_senales_llenan_y_vacian_con_nivel_gradual_sin_reiniciar_al_repintar" classname="agua_sobre_el_piso_test" time="0.155">
		</testcase>
	</testsuite>
	<testsuite id="87" name="almacen_test" package="test/escenas" timestamp="2026-10-09T13:29:56" hostname="localhost" tests="29" failures="0" errors="0" skipped="0" flaky="0" time="2.813">
		<testcase name="test_el_almacen_carga_y_su_raiz_es_un_nodo_tridimensional" classname="almacen_test" time="0.037">
		</testcase>
		<testcase name="test_los_muebles_y_el_anclaje_de_la_ventanilla_estan_por_nombre" classname="almacen_test" time="0.039">
		</testcase>
		<testcase name="test_el_almacen_instancia_al_jugador_en_vez_de_duplicar_el_cuerpo" classname="almacen_test" time="0.042">
		</testcase>
		<testcase name="test_la_escena_trae_luz_propia" classname="almacen_test" time="0.038">
		</testcase>
		<testcase name="test_la_estructura_entra_instanciada_y_no_vino_corrida" classname="almacen_test" time="0.037">
		</testcase>
		<testcase name="test_el_hueco_de_la_ventanilla_cae_en_la_ventanilla_del_modelo" classname="almacen_test" time="0.167">
		</testcase>
		<testcase name="test_la_regla_del_hueco_rechaza_un_punto_del_muro" classname="almacen_test" time="0.152">
		</testcase>
		<testcase name="test_el_jugador_arranca_adentro_del_almacen_y_apoyado_en_el_piso" classname="almacen_test" time="0.437">
		</testcase>
		<testcase name="test_todo_nodo_propio_del_almacen_cuelga_de_la_raiz" classname="almacen_test" time="0.037">
		</testcase>
		<testcase name="test_la_regla_de_cableado_sabe_ver_un_nodo_colgado_de_otro" classname="almacen_test" time="0.006">
		</testcase>
		<testcase name="test_el_cableado_dejo_de_armar_el_turno_y_de_llevar_el_puntaje" classname="almacen_test" time="0.007">
		</testcase>
		<testcase name="test_el_almacen_arranca_desde_el_guardado" classname="almacen_test" time="0.061">
		</testcase>
		<testcase name="test_la_escena_trae_el_ciclo_de_jornadas_en_servicios" classname="almacen_test" time="0.040">
		</testcase>
		<testcase name="test_los_cableados_de_la_raiz_llegan_asignados" classname="almacen_test" time="0.037">
		</testcase>
		<testcase name="test_el_cableado_arma_el_parte_una_sola_vez" classname="almacen_test" time="0.008">
		</testcase>
		<testcase name="test_la_escena_instancia_la_pantalla_de_cierre" classname="almacen_test" time="0.038">
		</testcase>
		<testcase name="test_despachar_la_placa_abre_la_noche_siguiente_con_registrar_cumplida" classname="almacen_test" time="0.149">
		</testcase>
		<testcase name="test_el_arranque_esta_frente_a_la_entrada_del_lado_de_adentro" classname="almacen_test" time="0.152">
		</testcase>
		<testcase name="test_abrir_la_jornada_deja_al_jugador_en_el_arranque" classname="almacen_test" time="0.161">
		</testcase>
		<testcase name="test_con_el_despido_la_placa_vuelve_al_menu_y_no_abre_otra_noche" classname="almacen_test" time="0.156">
		</testcase>
		<testcase name="test_con_la_partida_en_curso_volver_al_menu_no_abre_la_noche_siguiente" classname="almacen_test" time="0.155">
		</testcase>
		<testcase name="test_volver_al_menu_desde_la_pausa_sale_de_la_pausa_y_va_al_menu" classname="almacen_test" time="0.155">
		</testcase>
		<testcase name="test_con_la_placa_en_pantalla_esc_no_pausa" classname="almacen_test" time="0.153">
		</testcase>
		<testcase name="test_volver_al_menu_carga_el_menu_de_inicio" classname="almacen_test" time="0.011">
		</testcase>
		<testcase name="test_la_hora_se_lee_en_un_solo_lugar_y_es_el_reloj_de_mesa" classname="almacen_test" time="0.040">
		</testcase>
		<testcase name="test_el_reloj_de_mesa_queda_sobre_el_vidrio_del_reloj_del_modelo" classname="almacen_test" time="0.159">
		</testcase>
		<testcase name="test_el_cableado_le_da_la_hora_al_reloj_de_mesa_y_no_al_hud" classname="almacen_test" time="0.008">
		</testcase>
		<testcase name="test_el_cableado_de_reponer_llega_entero_hasta_los_huecos" classname="almacen_test" time="0.038">
		</testcase>
		<testcase name="test_el_marco_para_asomarse_coincide_con_los_bordes_del_hueco" classname="almacen_test" time="0.148">
		</testcase>
	</testsuite>
	<testsuite id="88" name="apoyos_del_modelo_test" package="test/escenas" timestamp="2026-10-09T13:29:59" hostname="localhost" tests="4" failures="0" errors="0" skipped="0" flaky="0" time="3.462">
		<testcase name="test_cada_mancha_se_enfoca_desde_un_apoyo_caminable_a_un_metro" classname="apoyos_del_modelo_test" time="1.297">
		</testcase>
		<testcase name="test_los_objetos_y_manchas_quedan_sobre_el_modelo" classname="apoyos_del_modelo_test" time="1.020">
		</testcase>
		<testcase name="test_las_manchas_superan_el_alcance_entre_si" classname="apoyos_del_modelo_test" time="0.039">
		</testcase>
		<testcase name="test_el_tablero_de_cada_pallet_no_deja_pasar_un_rayo" classname="apoyos_del_modelo_test" time="1.081">
		</testcase>
	</testsuite>
	<testsuite id="89" name="campo_de_interaccion_test" package="test/escenas" timestamp="2026-10-09T13:30:02" hostname="localhost" tests="4" failures="0" errors="0" skipped="0" flaky="0" time="0.471">
		<testcase name="test_la_bolsa_pequena_se_enfoca_fuera_del_centro" classname="campo_de_interaccion_test" time="0.063">
		</testcase>
		<testcase name="test_el_campo_y_el_clic_usan_los_cuerpos_de_los_muebles" classname="campo_de_interaccion_test" time="0.210">
		</testcase>
		<testcase name="test_la_pared_del_modelo_tapa_un_objeto_dentro_del_alcance" classname="campo_de_interaccion_test" time="0.159">
		</testcase>
		<testcase name="test_importa_la_superficie_y_no_el_origen_ni_la_jerarquia_de_mallas" classname="campo_de_interaccion_test" time="0.013">
		</testcase>
	</testsuite>
	<testsuite id="90" name="carga_del_almacen_test" package="test/escenas" timestamp="2026-10-09T13:30:03" hostname="localhost" tests="6" failures="0" errors="0" skipped="0" flaky="0" time="0.310">
		<testcase name="test_cada_menu_nuevo_pide_el_almacen" classname="carga_del_almacen_test" time="0.077">
		</testcase>
		<testcase name="test_el_menu_arranca_sin_pantalla_de_carga" classname="carga_del_almacen_test" time="0.048">
		</testcase>
		<testcase name="test_doble_clic_mientras_carga_muestra_una_sola_pantalla" classname="carga_del_almacen_test" time="0.046">
		</testcase>
		<testcase name="test_con_el_almacen_ya_cargado_nuevo_juego_tambien_muestra_la_pantalla" classname="carga_del_almacen_test" time="0.048">
		</testcase>
		<testcase name="test_si_la_carga_falla_vuelve_al_menu_y_nuevo_juego_pide_otra_vez" classname="carga_del_almacen_test" time="0.048">
		</testcase>
		<testcase name="test_la_pantalla_de_carga_usa_el_tema_sin_estilos_propios" classname="carga_del_almacen_test" time="0.008">
		</testcase>
	</testsuite>
	<testsuite id="91" name="casilleros_a_la_vista_test" package="test/escenas" timestamp="2026-10-09T13:30:03" hostname="localhost" tests="8" failures="0" errors="0" skipped="0" flaky="0" time="2.531">
		<testcase name="test_ningun_casillero_vacio_se_dibuja_sin_la_mira_encima" classname="casilleros_a_la_vista_test" time="0.355">
		</testcase>
		<testcase name="test_el_casillero_apagado_lleva_los_dos_materiales_del_apuntado" classname="casilleros_a_la_vista_test" time="0.155">
		</testcase>
		<testcase name="test_el_clic_coloca_en_el_casillero_apuntado_y_no_en_otro" classname="casilleros_a_la_vista_test" time="0.163">
		</testcase>
		<testcase name="test_con_las_manos_vacias_se_agarra_la_del_medio" classname="casilleros_a_la_vista_test" time="0.159">
		</testcase>
		<testcase name="test_con_algo_en_la_mano_no_se_enfoca_ninguna_unidad_puesta" classname="casilleros_a_la_vista_test" time="0.152">
		</testcase>
		<testcase name="test_la_fila_de_atras_no_tiene_casilleros" classname="casilleros_a_la_vista_test" time="0.169">
		</testcase>
		<testcase name="test_la_de_la_gondola_se_suelta_y_se_devuelve_una_sola_vez" classname="casilleros_a_la_vista_test" time="0.159">
		</testcase>
		<testcase name="test_cada_casillero_se_enfoca_desde_el_pasillo" classname="casilleros_a_la_vista_test" time="1.165">
		</testcase>
	</testsuite>
	<testsuite id="92" name="cierre_del_almacen_test" package="test/escenas" timestamp="2026-10-09T13:30:06" hostname="localhost" tests="7" failures="0" errors="0" skipped="0" flaky="0" time="1.172">
		<testcase name="test_el_arranque_cabe_en_sus_habitaciones_y_no_produce_motivos" classname="cierre_del_almacen_test" time="0.157">
		</testcase>
		<testcase name="test_cajas_utiles_y_bolsas_siguen_su_habitacion_y_los_pasos" classname="cierre_del_almacen_test" time="0.167">
		</testcase>
		<testcase name="test_dos_cajas_con_los_mismos_datos_no_comparten_la_exclusion_de_mano" classname="cierre_del_almacen_test" time="0.158">
		</testcase>
		<testcase name="test_examen_real_cuenta_el_cuerpo_y_terminar_vuelve_a_excluirlo" classname="cierre_del_almacen_test" time="0.171">
		</testcase>
		<testcase name="test_bolsa_afuera_recuperada_o_tirada_sale_del_motivo" classname="cierre_del_almacen_test" time="0.159">
		</testcase>
		<testcase name="test_dos_motivos_entregan_seis_medios_antes_del_parte_y_guardado" classname="cierre_del_almacen_test" time="0.158">
		</testcase>
		<testcase name="test_las_partes_reales_respetan_techo_y_laterales_de_los_pasos" classname="cierre_del_almacen_test" time="0.157">
		</testcase>
	</testsuite>
	<testsuite id="93" name="consecuencias_del_contenedor_test" package="test/escenas" timestamp="2026-10-09T13:30:07" hostname="localhost" tests="6" failures="0" errors="0" skipped="0" flaky="0" time="1.106">
		<testcase name="test_tirar_una_unidad_suma_un_medio_y_la_deuda_se_conserva" classname="consecuencias_del_contenedor_test" time="0.168">
		</testcase>
		<testcase name="test_tirar_la_mopa_no_agrega_desorden_ni_afuera" classname="consecuencias_del_contenedor_test" time="0.179">
		</testcase>
		<testcase name="test_bolsas_y_ticket_se_descartan_sin_este_llamado" classname="consecuencias_del_contenedor_test" time="0.184">
		</testcase>
		<testcase name="test_varios_importantes_cuentan_una_vez_y_otra_noche_pueden_repetir" classname="consecuencias_del_contenedor_test" time="0.182">
		</testcase>
		<testcase name="test_tres_motivos_con_grave_guardan_siete_y_permiten_continuar" classname="consecuencias_del_contenedor_test" time="0.175">
		</testcase>
		<testcase name="test_cuatro_motivos_con_grave_despiden_y_borran_el_guardado" classname="consecuencias_del_contenedor_test" time="0.179">
		</testcase>
	</testsuite>
	<testsuite id="94" name="contorno_de_los_muebles_test" package="test/escenas" timestamp="2026-10-09T13:30:08" hostname="localhost" tests="5" failures="0" errors="0" skipped="0" flaky="0" time="2.492">
		<testcase name="test_el_jugador_que_camina_contra_una_gondola_choca_con_su_contorno" classname="contorno_de_los_muebles_test" time="0.172">
		</testcase>
		<testcase name="test_el_contorno_envuelve_la_malla_sin_que_le_sobre" classname="contorno_de_los_muebles_test" time="0.150">
		</testcase>
		<testcase name="test_la_malla_de_la_gondola_sigue_siendo_la_colision_de_los_productos" classname="contorno_de_los_muebles_test" time="0.177">
		</testcase>
		<testcase name="test_un_producto_soltado_hacia_la_gondola_no_queda_adentro_de_ella" classname="contorno_de_los_muebles_test" time="1.483">
		</testcase>
		<testcase name="test_una_caja_chica_soltada_hacia_una_bandeja_no_queda_adentro_de_la_gondola" classname="contorno_de_los_muebles_test" time="0.470">
		</testcase>
	</testsuite>
	<testsuite id="95" name="escenas_reempaquetadas_test" package="test/escenas" timestamp="2026-10-09T13:30:11" hostname="localhost" tests="1" failures="0" errors="0" skipped="0" flaky="0" time="0.272">
		<testcase name="test_ninguna_escena_cambia_al_volver_a_empaquetarla" classname="escenas_reempaquetadas_test" time="0.257">
		</testcase>
	</testsuite>
	<testsuite id="96" name="generadores_del_modelo_test" package="test/escenas" timestamp="2026-10-09T13:30:11" hostname="localhost" tests="6" failures="0" errors="0" skipped="0" flaky="0" time="0.119">
		<testcase name="test_el_nombre_de_archivo_va_en_minusculas_sin_acentos_y_con_guion_bajo" classname="generadores_del_modelo_test" time="0.010">
		</testcase>
		<testcase name="test_la_escena_del_estante_carga_la_malla_que_escribe_el_extractor" classname="generadores_del_modelo_test" time="0.012">
		</testcase>
		<testcase name="test_la_planilla_muestra_la_miniatura_que_escribe_el_generador" classname="generadores_del_modelo_test" time="0.011">
		</testcase>
		<testcase name="test_la_camara_mira_el_frente_y_ve_el_envase_entero" classname="generadores_del_modelo_test" time="0.015">
		</testcase>
		<testcase name="test_una_fila_lateral_plana_no_se_endereza" classname="generadores_del_modelo_test" time="0.014">
		</testcase>
		<testcase name="test_la_miniatura_endereza_la_rampa_y_deja_quieto_lo_que_esta_derecho" classname="generadores_del_modelo_test" time="0.013">
		</testcase>
	</testsuite>
	<testsuite id="97" name="giro_parejo_test" package="test/escenas" timestamp="2026-10-09T13:30:11" hostname="localhost" tests="8" failures="0" errors="0" skipped="0" flaky="0" time="35.970">
		<testcase name="test_girar_con_el_mouse_dibuja_el_mismo_giro_en_cada_cuadro" classname="giro_parejo_test" time="8.987">
		</testcase>
		<testcase name="test_un_mouse_mas_lento_que_la_pantalla_se_dibuja_parejo" classname="giro_parejo_test" time="4.976">
		</testcase>
		<testcase name="test_un_producto_en_la_mano_no_tiembla_contra_la_camara" classname="giro_parejo_test" time="4.980">
		</testcase>
		<testcase name="test_una_caja_en_la_mano_no_tiembla_contra_la_camara" classname="giro_parejo_test" time="4.985">
		</testcase>
		<testcase name="test_una_caja_contra_la_pared_se_corre_sin_escalones" classname="giro_parejo_test" time="4.280">
		</testcase>
		<testcase name="test_la_caja_no_choca_con_el_detalle_de_un_mueble" classname="giro_parejo_test" time="1.012">
		</testcase>
		<testcase name="test_lo_soltado_despues_de_girar_se_dibuja_donde_se_veia_el_punto_de_soltado" classname="giro_parejo_test" time="2.718">
		</testcase>
		<testcase name="test_caminar_derecho_hace_avanzar_la_camara_en_cada_cuadro" classname="giro_parejo_test" time="3.977">
		</testcase>
	</testsuite>
	<testsuite id="98" name="gondola_acomodada_test" package="test/escenas" timestamp="2026-10-09T13:30:47" hostname="localhost" tests="3" failures="0" errors="0" skipped="0" flaky="0" time="0.166">
		<testcase name="test_ningun_estante_inferior_sobresale_de_los_superiores" classname="gondola_acomodada_test" time="0.042">
		</testcase>
		<testcase name="test_en_la_rampa_de_una_cabecera_cada_unidad_se_echa_hacia_atras" classname="gondola_acomodada_test" time="0.029">
		</testcase>
		<testcase name="test_ningun_estante_de_arriba_queda_detras_del_lateral" classname="gondola_acomodada_test" time="0.060">
		</testcase>
	</testsuite>
	<testsuite id="99" name="hoja_que_arrastra_test" package="test/escenas" timestamp="2026-10-09T13:30:47" hostname="localhost" tests="9" failures="0" errors="0" skipped="0" flaky="0" time="39.962">
		<testcase name="test_la_unidad_dormida_en_el_recorrido_se_arrastra_al_abrir" classname="hoja_que_arrastra_test" time="4.568">
		</testcase>
		<testcase name="test_la_unidad_dormida_en_el_recorrido_se_arrastra_al_cerrar" classname="hoja_que_arrastra_test" time="7.032">
		</testcase>
		<testcase name="test_al_quedar_quieta_no_queda_nada_adentro_de_la_hoja" classname="hoja_que_arrastra_test" time="5.027">
		</testcase>
		<testcase name="test_el_jugador_parado_en_el_recorrido_no_queda_adentro_de_la_hoja" classname="hoja_que_arrastra_test" time="2.538">
		</testcase>
		<testcase name="test_una_caja_apoyada_en_el_recorrido_no_frena_la_hoja" classname="hoja_que_arrastra_test" time="2.550">
		</testcase>
		<testcase name="test_cerrar_de_golpe_no_despide_lo_que_toca_la_hoja" classname="hoja_que_arrastra_test" time="6.557">
		</testcase>
		<testcase name="test_la_bolsa_en_el_recorrido_se_arrastra_al_abrir" classname="hoja_que_arrastra_test" time="4.541">
		</testcase>
		<testcase name="test_el_balde_en_el_recorrido_se_arrastra_al_abrir" classname="hoja_que_arrastra_test" time="4.531">
		</testcase>
		<testcase name="test_la_hoja_cerrada_de_golpe_no_deja_nada_adentro" classname="hoja_que_arrastra_test" time="2.561">
		</testcase>
	</testsuite>
	<testsuite id="100" name="hover_de_productos_test" package="test/escenas" timestamp="2026-10-09T13:31:27" hostname="localhost" tests="4" failures="0" errors="0" skipped="0" flaky="0" time="0.807">
		<testcase name="test_sacar_y_colocar_no_interpola_las_otras_copias_entre_casilleros" classname="hover_de_productos_test" time="0.228">
		</testcase>
		<testcase name="test_pasarse_por_los_productos_no_reemplaza_ni_reordena_sus_superficies" classname="hover_de_productos_test" time="0.189">
		</testcase>
		<testcase name="test_la_mira_no_atrae_un_producto_fuera_de_su_tolerancia" classname="hover_de_productos_test" time="0.193">
		</testcase>
		<testcase name="test_el_producto_suelto_se_enfoca_con_las_aristas_de_los_casilleros" classname="hover_de_productos_test" time="0.162">
		</testcase>
	</testsuite>
	<testsuite id="101" name="iluminacion_horneada_test" package="test/escenas" timestamp="2026-10-09T13:31:28" hostname="localhost" tests="3" failures="0" errors="0" skipped="0" flaky="0" time="0.384">
		<testcase name="test_el_local_tiene_su_luz_horneada" classname="iluminacion_horneada_test" time="0.152">
		</testcase>
		<testcase name="test_toda_malla_con_gi_estatico_entro_al_horneado" classname="iluminacion_horneada_test" time="0.163">
		</testcase>
		<testcase name="test_las_hojas_que_abren_no_llevan_sombras_de_la_posicion_cerrada" classname="iluminacion_horneada_test" time="0.044">
		</testcase>
	</testsuite>
	<testsuite id="102" name="indicacion_del_foco_test" package="test/escenas" timestamp="2026-10-09T13:31:28" hostname="localhost" tests="3" failures="0" errors="0" skipped="0" flaky="0" time="0.724">
		<testcase name="test_el_campo_real_resalta_la_computadora" classname="indicacion_del_foco_test" time="0.308">
		</testcase>
		<testcase name="test_el_casillero_apuntado_lleva_solo_el_contorno" classname="indicacion_del_foco_test" time="0.239">
		</testcase>
		<testcase name="test_las_senales_del_doble_llegan_al_marco_y_al_hud" classname="indicacion_del_foco_test" time="0.152">
		</testcase>
	</testsuite>
	<testsuite id="103" name="jornada_integrada_test" package="test/escenas" timestamp="2026-10-09T13:31:29" hostname="localhost" tests="6" failures="0" errors="0" skipped="0" flaky="0" time="7.314">
		<testcase name="test_los_puestos_completan_la_jornada_y_permiten_abrir_la_siguiente" classname="jornada_integrada_test" time="4.515">
		</testcase>
		<testcase name="test_abrir_la_jornada_termina_el_examen_en_curso" classname="jornada_integrada_test" time="0.178">
		</testcase>
		<testcase name="test_con_otra_pantalla_encima_la_e_no_abre_un_examen" classname="jornada_integrada_test" time="0.190">
		</testcase>
		<testcase name="test_la_puerta_abierta_anoche_arranca_cerrada" classname="jornada_integrada_test" time="2.050">
		</testcase>
		<testcase name="test_la_puerta_a_medio_giro_arranca_cerrada" classname="jornada_integrada_test" time="0.162">
		</testcase>
		<testcase name="test_la_noche_siguiente_abre_con_cada_caja_llena_y_nada_afuera" classname="jornada_integrada_test" time="0.175">
		</testcase>
	</testsuite>
	<testsuite id="104" name="jugador_test" package="test/escenas" timestamp="2026-10-09T13:31:36" hostname="localhost" tests="19" failures="0" errors="0" skipped="0" flaky="0" time="0.236">
		<testcase name="test_la_raiz_del_jugador_es_un_cuerpo_que_camina" classname="jugador_test" time="0.011">
		</testcase>
		<testcase name="test_la_camara_esta_a_la_altura_que_declara_el_dominio" classname="jugador_test" time="0.009">
		</testcase>
		<testcase name="test_el_campo_cuelga_del_ojo_y_respeta_el_alcance" classname="jugador_test" time="0.009">
		</testcase>
		<testcase name="test_el_cuerpo_tiene_una_forma_de_colision" classname="jugador_test" time="0.009">
		</testcase>
		<testcase name="test_las_cuatro_acciones_del_dominio_estan_declaradas_en_el_proyecto" classname="jugador_test" time="0.006">
		</testcase>
		<testcase name="test_el_jugador_avisa_cuando_enfoca_y_cuando_pierde_el_objetivo" classname="jugador_test" time="0.007">
		</testcase>
		<testcase name="test_el_jugador_avisa_un_paso_por_lo_que_camina_en_el_piso" classname="jugador_test" time="0.010">
		</testcase>
		<testcase name="test_suspender_y_reanudar_llegan_hasta_el_control_del_dominio" classname="jugador_test" time="0.006">
		</testcase>
		<testcase name="test_esc_no_es_del_jugador" classname="jugador_test" time="0.008">
		</testcase>
		<testcase name="test_al_reanudar_el_cursor_vuelve_sin_otro_clic" classname="jugador_test" time="0.010">
		</testcase>
		<testcase name="test_suspender_con_algo_enfocado_avisa_que_se_perdio_el_objetivo" classname="jugador_test" time="0.008">
		</testcase>
		<testcase name="test_los_dos_sistemas_del_006_llegan_armados_al_instanciar_la_escena" classname="jugador_test" time="0.008">
		</testcase>
		<testcase name="test_el_jugador_dice_que_lleva_en_la_mano" classname="jugador_test" time="0.010">
		</testcase>
		<testcase name="test_los_cuatro_puntos_estan_donde_el_dominio_los_declara" classname="jugador_test" time="0.007">
		</testcase>
		<testcase name="test_el_punto_de_carga_queda_abajo_y_a_la_derecha" classname="jugador_test" time="0.007">
		</testcase>
		<testcase name="test_los_dos_sistemas_llegan_con_sus_puntos_cableados" classname="jugador_test" time="0.007">
		</testcase>
		<testcase name="test_cada_brazo_apunta_al_punto_de_mano_que_mueve" classname="jugador_test" time="0.008">
		</testcase>
		<testcase name="test_los_brazos_barren_un_volumen_y_no_un_rayo" classname="jugador_test" time="0.007">
		</testcase>
		<testcase name="test_los_brazos_nacen_adentro_de_la_capsula_del_cuerpo" classname="jugador_test" time="0.008">
		</testcase>
	</testsuite>
	<testsuite id="105" name="lo_soltado_fuera_de_los_solidos_test" package="test/escenas" timestamp="2026-10-09T13:31:37" hostname="localhost" tests="20" failures="0" errors="0" skipped="0" flaky="0" time="185.791">
		<testcase name="test_el_oraculo_distingue_adentro_de_afuera_de_una_placa" classname="lo_soltado_fuera_de_los_solidos_test" time="0.010">
		</testcase>
		<testcase name="test_mirar_deja_la_vista_que_se_pide_con_un_mouse_lento" classname="lo_soltado_fuera_de_los_solidos_test" time="0.165">
		</testcase>
		<testcase name="test_la_caja_entera_adentro_del_mostrador_no_entra_ahi" classname="lo_soltado_fuera_de_los_solidos_test" time="0.153">
		</testcase>
		<testcase name="test_la_caja_con_una_esquina_en_el_teclado_no_entra" classname="lo_soltado_fuera_de_los_solidos_test" time="0.165">
		</testcase>
		<testcase name="test_la_caja_soltada_pegada_no_entra_al_empujarla" classname="lo_soltado_fuera_de_los_solidos_test" time="1.211">
		</testcase>
		<testcase name="test_la_medida_distingue_rozar_el_mouse_de_meterse_en_el" classname="lo_soltado_fuera_de_los_solidos_test" time="0.187">
		</testcase>
		<testcase name="test_la_caja_soltada_contra_cada_solido_no_queda_adentro" classname="lo_soltado_fuera_de_los_solidos_test" time="72.788">
		</testcase>
		<testcase name="test_la_unidad_soltada_contra_una_pared_no_queda_adentro" classname="lo_soltado_fuera_de_los_solidos_test" time="18.263">
		</testcase>
		<testcase name="test_la_unidad_soltada_mirando_arriba_cae_sin_golpear_la_fachada" classname="lo_soltado_fuera_de_los_solidos_test" time="0.616">
		</testcase>
		<testcase name="test_la_unidad_soltada_contra_el_mostrador_no_queda_adentro" classname="lo_soltado_fuera_de_los_solidos_test" time="18.255">
		</testcase>
		<testcase name="test_la_bolsa_y_los_utiles_soltados_contra_una_pared_no_quedan_adentro" classname="lo_soltado_fuera_de_los_solidos_test" time="12.180">
		</testcase>
		<testcase name="test_lo_soltado_contra_una_pared_cae_sin_rozarla" classname="lo_soltado_fuera_de_los_solidos_test" time="4.593">
		</testcase>
		<testcase name="test_el_bidon_encimado_con_el_cuerpo_cae_derecho_al_lado_del_jugador" classname="lo_soltado_fuera_de_los_solidos_test" time="9.231">
		</testcase>
		<testcase name="test_lo_que_no_toca_el_cuerpo_se_sigue_soltando_adelante" classname="lo_soltado_fuera_de_los_solidos_test" time="36.841">
		</testcase>
		<testcase name="test_la_caja_soltada_pegada_a_una_pared_no_entra_al_empujarla" classname="lo_soltado_fuera_de_los_solidos_test" time="5.028">
		</testcase>
		<testcase name="test_la_caja_se_sigue_apoyando_en_un_estante_del_deposito" classname="lo_soltado_fuera_de_los_solidos_test" time="0.149">
		</testcase>
		<testcase name="test_la_caja_se_sigue_apoyando_arriba_del_mostrador" classname="lo_soltado_fuera_de_los_solidos_test" time="0.164">
		</testcase>
		<testcase name="test_la_caja_se_sigue_apilando_sobre_otra" classname="lo_soltado_fuera_de_los_solidos_test" time="0.162">
		</testcase>
		<testcase name="test_la_unidad_se_sigue_dejando_adentro_de_la_heladera" classname="lo_soltado_fuera_de_los_solidos_test" time="2.510">
		</testcase>
		<testcase name="test_un_objeto_dejado_arriba_del_inodoro_queda_quieto" classname="lo_soltado_fuera_de_los_solidos_test" time="3.012">
		</testcase>
	</testsuite>
	<testsuite id="106" name="menu_de_inicio_test" package="test/escenas" timestamp="2026-10-09T13:34:42" hostname="localhost" tests="9" failures="0" errors="0" skipped="0" flaky="0" time="0.529">
		<testcase name="test_el_juego_abre_en_el_menu" classname="menu_de_inicio_test" time="0.049">
		</testcase>
		<testcase name="test_muestra_los_cinco_botones_y_habilita_dos" classname="menu_de_inicio_test" time="0.048">
		</testcase>
		<testcase name="test_sin_guardado_continuar_esta_cerrado_por_los_tres_lados" classname="menu_de_inicio_test" time="0.051">
		</testcase>
		<testcase name="test_con_guardado_continuar_se_habilita_y_entra_al_almacen" classname="menu_de_inicio_test" time="0.061">
		</testcase>
		<testcase name="test_un_guardado_corrupto_deja_continuar_cerrado_y_se_borra" classname="menu_de_inicio_test" time="0.055">
		</testcase>
		<testcase name="test_un_guardado_futuro_deja_continuar_cerrado_y_el_archivo_intacto" classname="menu_de_inicio_test" time="0.061">
		</testcase>
		<testcase name="test_con_guardado_nuevo_juego_abre_la_confirmacion_y_cancelar_no_borra" classname="menu_de_inicio_test" time="0.060">
		</testcase>
		<testcase name="test_configuraciones_y_salir_van_en_la_fila_debajo_de_la_columna" classname="menu_de_inicio_test" time="0.062">
		</testcase>
		<testcase name="test_el_menu_no_declara_estilos_propios" classname="menu_de_inicio_test" time="0.013">
		</testcase>
	</testsuite>
	<testsuite id="107" name="modelo_exportado_test" package="test/escenas" timestamp="2026-10-09T13:34:43" hostname="localhost" tests="4" failures="0" errors="0" skipped="0" flaky="0" time="0.581">
		<testcase name="test_el_mueble_de_la_escena_es_la_malla_del_modelo" classname="modelo_exportado_test" time="0.029">
		</testcase>
		<testcase name="test_la_colision_corresponde_al_mueble_completo" classname="modelo_exportado_test" time="0.254">
		</testcase>
		<testcase name="test_el_contenido_conserva_material_y_textura_de_cada_producto" classname="modelo_exportado_test" time="0.123">
		</testcase>
		<testcase name="test_reponer_recupera_los_productos_independientes_del_modelo" classname="modelo_exportado_test" time="0.133">
		</testcase>
	</testsuite>
	<testsuite id="108" name="modelo_integrado_test" package="test/escenas" timestamp="2026-10-09T13:34:43" hostname="localhost" tests="6" failures="0" errors="0" skipped="0" flaky="0" time="0.941">
		<testcase name="test_solo_las_mallas_reemplazadas_son_geometria_de_referencia" classname="modelo_integrado_test" time="0.216">
		</testcase>
		<testcase name="test_la_raiz_agrupa_por_rol_y_conserva_sus_enlaces" classname="modelo_integrado_test" time="0.052">
		</testcase>
		<testcase name="test_los_puestos_reemplazados_usan_mallas_del_modelo" classname="modelo_integrado_test" time="0.048">
		</testcase>
		<testcase name="test_la_computadora_tiene_apoyo_y_no_queda_tapada_por_otro_cuerpo" classname="modelo_integrado_test" time="0.176">
		</testcase>
		<testcase name="test_el_surtido_fijo_no_muestra_stock_que_el_dominio_no_tiene" classname="modelo_integrado_test" time="0.222">
		</testcase>
		<testcase name="test_las_hojas_con_lectura_conservan_el_modelo_del_artista" classname="modelo_integrado_test" time="0.172">
		</testcase>
	</testsuite>
	<testsuite id="109" name="mopa_en_la_mano_test" package="test/escenas" timestamp="2026-10-09T13:34:44" hostname="localhost" tests="7" failures="0" errors="0" skipped="0" flaky="0" time="2.260">
		<testcase name="test_la_mopa_en_la_mano_no_atraviesa_un_pote_de_jabon" classname="mopa_en_la_mano_test" time="0.186">
		</testcase>
		<testcase name="test_la_mopa_en_la_mano_no_atraviesa_una_pared_delante" classname="mopa_en_la_mano_test" time="0.254">
		</testcase>
		<testcase name="test_la_mopa_en_la_mano_no_atraviesa_una_pared_al_costado" classname="mopa_en_la_mano_test" time="0.332">
		</testcase>
		<testcase name="test_la_mopa_se_retrae_aunque_la_pared_este_muy_cerca" classname="mopa_en_la_mano_test" time="0.322">
		</testcase>
		<testcase name="test_la_mopa_inclinada_no_atraviesa_la_pared" classname="mopa_en_la_mano_test" time="0.614">
		</testcase>
		<testcase name="test_la_mopa_no_atraviesa_las_paredes_de_una_esquina" classname="mopa_en_la_mano_test" time="0.308">
		</testcase>
		<testcase name="test_la_mopa_sin_paredes_cerca_no_retrocede" classname="mopa_en_la_mano_test" time="0.192">
		</testcase>
	</testsuite>
	<testsuite id="110" name="notificaciones_en_el_almacen_test" package="test/escenas" timestamp="2026-10-09T13:34:47" hostname="localhost" tests="4" failures="0" errors="0" skipped="0" flaky="0" time="0.829">
		<testcase name="test_la_ventanilla_abierta_avisa_una_vez_y_el_cierre_vacia" classname="notificaciones_en_el_almacen_test" time="0.224">
		</testcase>
		<testcase name="test_la_caja_publica_el_motivo_y_solo_lleno_avisa" classname="notificaciones_en_el_almacen_test" time="0.199">
		</testcase>
		<testcase name="test_el_programa_manual_no_publica_rechazo_ni_aviso" classname="notificaciones_en_el_almacen_test" time="0.199">
		</testcase>
		<testcase name="test_la_pila_se_dibuja_sobre_las_interfaces_y_debajo_de_pausa" classname="notificaciones_en_el_almacen_test" time="0.172">
		</testcase>
	</testsuite>
	<testsuite id="111" name="balde_que_se_apoya_test" package="test/escenas/objetos" timestamp="2026-10-09T13:34:47" hostname="localhost" tests="7" failures="0" errors="0" skipped="0" flaky="0" time="21.120">
		<testcase name="test_el_balde_se_mantiene_vertical_al_mirar_en_la_mano" classname="balde_que_se_apoya_test" time="8.253">
		</testcase>
		<testcase name="test_el_balde_se_apoya_derecho_donde_se_mira" classname="balde_que_se_apoya_test" time="8.154">
		</testcase>
		<testcase name="test_si_justo_ahi_no_entra_el_balde_queda_cerca_sobre_el_mismo_apoyo" classname="balde_que_se_apoya_test" time="0.186">
		</testcase>
		<testcase name="test_sin_apoyo_el_balde_queda_derecho_al_lado_del_jugador" classname="balde_que_se_apoya_test" time="2.102">
		</testcase>
		<testcase name="test_en_un_hueco_del_cuerpo_el_balde_no_vuelve_a_la_mano" classname="balde_que_se_apoya_test" time="0.184">
		</testcase>
		<testcase name="test_vaciar_las_manos_deja_el_balde_derecho_a_los_pies" classname="balde_que_se_apoya_test" time="2.009">
		</testcase>
		<testcase name="test_no_cambia_a_otro_apoyo_a_la_misma_altura" classname="balde_que_se_apoya_test" time="0.187">
		</testcase>
	</testsuite>
	<testsuite id="112" name="buffers_de_superficie_liquida_test" package="test/escenas/objetos" timestamp="2026-10-09T13:35:09" hostname="localhost" tests="6" failures="0" errors="0" skipped="0" flaky="0" time="0.179">
		<testcase name="test_las_normales_viven_en_un_buffer_del_tamano_de_la_malla_que_no_se_reemplaza" classname="buffers_de_superficie_liquida_test" time="0.028">
		</testcase>
		<testcase name="test_el_buffer_de_normales_es_el_de_la_malla_en_cada_pose" classname="buffers_de_superficie_liquida_test" time="0.023">
		</testcase>
		<testcase name="test_cada_superficie_escribe_su_propio_buffer_de_normales" classname="buffers_de_superficie_liquida_test" time="0.023">
		</testcase>
		<testcase name="test_un_dibujo_activo_no_pide_mas_memoria_que_la_conversion_que_sube" classname="buffers_de_superficie_liquida_test" time="0.020">
		</testcase>
		<testcase name="test_quitar_las_superficies_reconstruye_la_misma_malla" classname="buffers_de_superficie_liquida_test" time="0.019">
		</testcase>
		<testcase name="test_el_agua_quieta_no_se_vuelve_a_dibujar_hasta_que_se_mueve" classname="buffers_de_superficie_liquida_test" time="0.021">
		</testcase>
	</testsuite>
	<testsuite id="113" name="caja_de_productos_test" package="test/escenas/objetos" timestamp="2026-10-09T13:35:09" hostname="localhost" tests="15" failures="0" errors="0" skipped="0" flaky="0" time="0.471">
		<testcase name="test_la_caja_declara_su_producto_con_un_id_del_catalogo" classname="caja_de_productos_test" time="0.008">
		</testcase>
		<testcase name="test_la_caja_tiene_el_tamano_que_le_da_el_catalogo" classname="caja_de_productos_test" time="0.010">
		</testcase>
		<testcase name="test_tocar_la_caja_la_entrega_para_levantarla" classname="caja_de_productos_test" time="0.008">
		</testcase>
		<testcase name="test_la_caja_contesta_el_contrato_de_interaccion" classname="caja_de_productos_test" time="0.008">
		</testcase>
		<testcase name="test_el_cuerpo_de_la_caja_se_puede_llevar" classname="caja_de_productos_test" time="0.010">
		</testcase>
		<testcase name="test_reparentar_conserva_las_etiquetas_y_destruir_no_da_error" classname="caja_de_productos_test" time="0.008">
		</testcase>
		<testcase name="test_la_caja_ya_no_despacha_por_su_cuenta" classname="caja_de_productos_test" time="0.011">
		</testcase>
		<testcase name="test_cada_caja_con_textura_muestra_la_etiqueta_de_su_producto" classname="caja_de_productos_test" time="0.015">
		</testcase>
		<testcase name="test_las_cajas_sin_textura_siguen_con_la_generica" classname="caja_de_productos_test" time="0.013">
		</testcase>
		<testcase name="test_cada_producto_tiene_decidida_su_caja" classname="caja_de_productos_test" time="0.006">
		</testcase>
		<testcase name="test_la_etiqueta_de_cada_producto_es_una_linea_del_script" classname="caja_de_productos_test" time="0.011">
		</testcase>
		<testcase name="test_la_etiqueta_filtra_pixelado_como_la_caja_generica" classname="caja_de_productos_test" time="0.117">
		</testcase>
		<testcase name="test_cada_etiqueta_es_la_copia_de_la_textura_del_artista" classname="caja_de_productos_test" time="0.126">
		</testcase>
		<testcase name="test_las_etiquetas_tienen_nombres_en_ascii" classname="caja_de_productos_test" time="0.008">
		</testcase>
		<testcase name="test_la_etiqueta_no_se_estira_en_la_caja_chica_ni_en_la_grande" classname="caja_de_productos_test" time="0.014">
		</testcase>
	</testsuite>
	<testsuite id="114" name="caja_que_recibe_y_cuenta_test" package="test/escenas/objetos" timestamp="2026-10-09T13:35:09" hostname="localhost" tests="10" failures="0" errors="0" skipped="0" flaky="0" time="1.932">
		<testcase name="test_el_clic_con_su_unidad_en_la_mano_la_devuelve_a_la_caja" classname="caja_que_recibe_y_cuenta_test" time="0.199">
		</testcase>
		<testcase name="test_con_otro_producto_en_la_mano_el_clic_no_hace_nada" classname="caja_que_recibe_y_cuenta_test" time="0.183">
		</testcase>
		<testcase name="test_con_una_caja_en_la_mano_el_clic_sobre_otra_no_hace_nada" classname="caja_que_recibe_y_cuenta_test" time="0.174">
		</testcase>
		<testcase name="test_con_la_caja_llena_la_unidad_sigue_en_la_mano" classname="caja_que_recibe_y_cuenta_test" time="0.193">
		</testcase>
		<testcase name="test_una_unidad_soltada_y_levantada_se_devuelve" classname="caja_que_recibe_y_cuenta_test" time="0.201">
		</testcase>
		<testcase name="test_la_caja_vacia_no_entrega_aunque_la_gondola_tenga_lugar" classname="caja_que_recibe_y_cuenta_test" time="0.204">
		</testcase>
		<testcase name="test_la_caja_en_la_mano_muestra_su_cuenta_hasta_terminar_el_examen" classname="caja_que_recibe_y_cuenta_test" time="0.180">
		</testcase>
		<testcase name="test_manos_vacias_no_examinan_ni_muestran_la_caja" classname="caja_que_recibe_y_cuenta_test" time="0.184">
		</testcase>
		<testcase name="test_examinar_lo_que_no_es_una_caja_no_dice_nada" classname="caja_que_recibe_y_cuenta_test" time="0.179">
		</testcase>
		<testcase name="test_la_noche_nueva_borra_el_subtitulo_del_examen_en_curso" classname="caja_que_recibe_y_cuenta_test" time="0.161">
		</testcase>
	</testsuite>
	<testsuite id="115" name="caja_que_se_lleva_test" package="test/escenas/objetos" timestamp="2026-10-09T13:35:11" hostname="localhost" tests="20" failures="0" errors="0" skipped="0" flaky="0" time="70.168">
		<testcase name="test_la_caja_entrega_apoyada_en_el_estante_y_no_mientras_se_la_lleva" classname="caja_que_se_lleva_test" time="0.182">
		</testcase>
		<testcase name="test_el_clic_izquierdo_levanta_la_caja_y_no_entrega_producto" classname="caja_que_se_lleva_test" time="0.181">
		</testcase>
		<testcase name="test_la_caja_llevada_no_tapa_la_mira_ni_atraviesa_la_pared" classname="caja_que_se_lleva_test" time="3.974">
		</testcase>
		<testcase name="test_la_caja_soltada_queda_apoyada_en_el_piso_sin_caer" classname="caja_que_se_lleva_test" time="0.191">
		</testcase>
		<testcase name="test_la_caja_soltada_se_acomoda_adentro_de_su_apoyo" classname="caja_que_se_lleva_test" time="3.923">
		</testcase>
		<testcase name="test_soltar_mirando_el_costado_de_una_caja_la_apila_encima" classname="caja_que_se_lleva_test" time="4.037">
		</testcase>
		<testcase name="test_alrededor_de_un_estante_con_lugar_la_caja_siempre_sube_a_el" classname="caja_que_se_lleva_test" time="0.467">
		</testcase>
		<testcase name="test_frente_a_un_rack_abierto_la_caja_queda_en_el_pallet_que_se_mira" classname="caja_que_se_lleva_test" time="3.740">
		</testcase>
		<testcase name="test_la_mira_que_pasa_por_encima_de_la_caja_de_enfrente_la_apila" classname="caja_que_se_lleva_test" time="0.380">
		</testcase>
		<testcase name="test_una_pila_de_cajas_de_distinto_tamano_se_sigue_apilando" classname="caja_que_se_lleva_test" time="0.357">
		</testcase>
		<testcase name="test_la_caja_vuelta_a_su_lugar_apoya_entera" classname="caja_que_se_lleva_test" time="0.150">
		</testcase>
		<testcase name="test_la_caja_va_donde_apunta_la_mira" classname="caja_que_se_lleva_test" time="4.661">
		</testcase>
		<testcase name="test_la_caja_soltada_nunca_queda_adentro_de_nada" classname="caja_que_se_lleva_test" time="8.765">
		</testcase>
		<testcase name="test_la_caja_se_suelta_con_la_mira_sobre_un_charco" classname="caja_que_se_lleva_test" time="1.945">
		</testcase>
		<testcase name="test_sacar_una_caja_de_la_pila_hace_caer_las_de_arriba" classname="caja_que_se_lleva_test" time="5.379">
		</testcase>
		<testcase name="test_agarrar_la_caja_del_estante_no_mueve_al_jugador" classname="caja_que_se_lleva_test" time="4.044">
		</testcase>
		<testcase name="test_la_caja_del_piso_se_arrastra_en_vez_de_tapar_el_paso" classname="caja_que_se_lleva_test" time="2.548">
		</testcase>
		<testcase name="test_levantar_la_caja_hace_caer_el_producto_apoyado_encima" classname="caja_que_se_lleva_test" time="7.544">
		</testcase>
		<testcase name="test_empujar_la_caja_hasta_sacarla_de_abajo_hace_caer_el_producto" classname="caja_que_se_lleva_test" time="12.534">
		</testcase>
		<testcase name="test_el_producto_sobre_la_pila_cae_cuando_se_saca_la_caja_de_abajo" classname="caja_que_se_lleva_test" time="5.038">
		</testcase>
	</testsuite>
	<testsuite id="116" name="calentamiento_de_utiles_test" package="test/escenas/objetos" timestamp="2026-10-09T13:36:21" hostname="localhost" tests="1" failures="0" errors="0" skipped="0" flaky="0" time="0.300">
		<testcase name="test_las_variantes_de_los_utiles_reales_se_calientan_y_no_quedan_dibujando" classname="calentamiento_de_utiles_test" time="0.287">
		</testcase>
	</testsuite>
	<testsuite id="117" name="carga_de_la_mopa_test" package="test/escenas/objetos" timestamp="2026-10-09T13:36:22" hostname="localhost" tests="4" failures="0" errors="0" skipped="0" flaky="0" time="0.652">
		<testcase name="test_examinar_el_balde_con_gotas_lo_mantiene_delante_de_la_camara" classname="carga_de_la_mopa_test" time="0.165">
		</testcase>
		<testcase name="test_el_viaje_seca_la_mopa_y_el_balde_cercano_permite_limpiar" classname="carga_de_la_mopa_test" time="0.159">
		</testcase>
		<testcase name="test_dejar_la_mopa_en_el_piso_no_conserva_la_carga" classname="carga_de_la_mopa_test" time="0.156">
		</testcase>
		<testcase name="test_la_pausa_suspende_el_proceso_que_desgasta_la_mopa" classname="carga_de_la_mopa_test" time="0.143">
		</testcase>
	</testsuite>
	<testsuite id="118" name="charcos_temporales_test" package="test/escenas/objetos" timestamp="2026-10-09T13:36:22" hostname="localhost" tests="5" failures="0" errors="0" skipped="0" flaky="0" time="0.105">
		<testcase name="test_el_charco_solo_dibuja_agua_sobre_la_superficie" classname="charcos_temporales_test" time="0.008">
		</testcase>
		<testcase name="test_evapora_al_cumplir_cuatro_segundos_sin_depender_de_los_cuadros" classname="charcos_temporales_test" time="0.009">
		</testcase>
		<testcase name="test_la_pausa_conserva_el_charco_y_su_opacidad" classname="charcos_temporales_test" time="0.037">
		</testcase>
		<testcase name="test_reutiliza_el_mas_viejo_y_limpiar_retira_todos" classname="charcos_temporales_test" time="0.009">
		</testcase>
		<testcase name="test_el_shader_del_primer_charco_ya_tiene_un_testigo_para_el_calentamiento" classname="charcos_temporales_test" time="0.009">
		</testcase>
	</testsuite>
	<testsuite id="119" name="contorno_del_util_test" package="test/escenas/objetos" timestamp="2026-10-09T13:36:22" hostname="localhost" tests="4" failures="0" errors="0" skipped="0" flaky="0" time="0.139">
		<testcase name="test_las_tres_partes_animadas_comparten_shader_con_materiales_independientes" classname="contorno_del_util_test" time="0.027">
		</testcase>
		<testcase name="test_cada_parte_selecciona_su_deformacion_y_el_foco_conserva_color_y_grosor" classname="contorno_del_util_test" time="0.036">
		</testcase>
		<testcase name="test_el_contorno_recibe_la_misma_pose_flexion_e_inmersion_que_la_mopa" classname="contorno_del_util_test" time="0.024">
		</testcase>
		<testcase name="test_el_contorno_del_asa_sigue_el_giro_sin_cambiar_el_selector_de_la_mopa" classname="contorno_del_util_test" time="0.031">
		</testcase>
	</testsuite>
	<testsuite id="120" name="coordenadas_de_las_manchas_test" package="test/escenas/objetos" timestamp="2026-10-09T13:36:23" hostname="localhost" tests="1" failures="0" errors="0" skipped="0" flaky="0" time="0.026">
		<testcase name="test_la_superficie_distribuye_la_suciedad_por_toda_la_mancha" classname="coordenadas_de_las_manchas_test" time="0.011">
		</testcase>
	</testsuite>
	<testsuite id="121" name="enjuague_de_la_mopa_test" package="test/escenas/objetos" timestamp="2026-10-09T13:36:23" hostname="localhost" tests="5" failures="0" errors="0" skipped="0" flaky="0" time="0.290">
		<testcase name="test_la_animacion_de_enjuague_llega_al_punto_mundial_y_regresa_a_la_mano" classname="enjuague_de_la_mopa_test" time="0.044">
		</testcase>
		<testcase name="test_el_enjuague_salva_el_borde_y_entra_vertical_sin_limitar_como_un_balde" classname="enjuague_de_la_mopa_test" time="0.042">
		</testcase>
		<testcase name="test_el_balde_conserva_su_destino_y_el_limite_de_fibras_originales" classname="enjuague_de_la_mopa_test" time="0.044">
		</testcase>
		<testcase name="test_soltar_durante_el_enjuague_cancela_la_animacion_y_los_contactos" classname="enjuague_de_la_mopa_test" time="0.047">
		</testcase>
		<testcase name="test_el_asiento_no_levanta_las_fibras_separandolas_de_la_base_sumergida" classname="enjuague_de_la_mopa_test" time="0.083">
		</testcase>
	</testsuite>
	<testsuite id="122" name="fibras_de_la_mopa_test" package="test/escenas/objetos" timestamp="2026-10-09T13:36:23" hostname="localhost" tests="4" failures="0" errors="0" skipped="0" flaky="0" time="0.962">
		<testcase name="test_agrandar_la_mopa_apoyada_no_cambia_la_gravedad_de_sus_fibras" classname="fibras_de_la_mopa_test" time="0.173">
		</testcase>
		<testcase name="test_las_fibras_reaccionan_al_movimiento_y_se_asientan_al_parar" classname="fibras_de_la_mopa_test" time="0.156">
		</testcase>
		<testcase name="test_las_fibras_se_mueven_llevando_la_mopa_y_el_agua_tine_sus_puntas" classname="fibras_de_la_mopa_test" time="0.472">
		</testcase>
		<testcase name="test_el_cielorraso_sobre_la_cabeza_no_es_el_apoyo_de_las_fibras" classname="fibras_de_la_mopa_test" time="0.137">
		</testcase>
	</testsuite>
	<testsuite id="123" name="fluidos_visuales_test" package="test/escenas/objetos" timestamp="2026-10-09T13:36:24" hostname="localhost" tests="19" failures="0" errors="0" skipped="0" flaky="0" time="2.216">
		<testcase name="test_el_agua_tiene_superficie_curva_en_vez_de_un_hexagono" classname="fluidos_visuales_test" time="0.025">
		</testcase>
		<testcase name="test_las_manchas_tienen_borde_irregular_dentro_del_cuerpo" classname="fluidos_visuales_test" time="0.015">
		</testcase>
		<testcase name="test_acelerar_agita_el_agua_y_frenar_la_deja_asentarse" classname="fluidos_visuales_test" time="0.157">
		</testcase>
		<testcase name="test_un_movimiento_brusco_salpica_sin_crear_nodos_sin_limite" classname="fluidos_visuales_test" time="0.076">
		</testcase>
		<testcase name="test_vaciar_y_teletransportar_no_dejan_gotas_ni_inventan_impulso" classname="fluidos_visuales_test" time="0.043">
		</testcase>
		<testcase name="test_el_agua_inclinada_compensa_la_orientacion_del_balde" classname="fluidos_visuales_test" time="0.028">
		</testcase>
		<testcase name="test_el_charco_se_deforma_y_luego_deja_de_ondular" classname="fluidos_visuales_test" time="0.029">
		</testcase>
		<testcase name="test_el_moho_de_la_pared_no_ondula_como_un_charco" classname="fluidos_visuales_test" time="0.011">
		</testcase>
		<testcase name="test_las_gotas_caen_en_el_mundo_y_expiran" classname="fluidos_visuales_test" time="0.005">
		</testcase>
		<testcase name="test_las_gotas_se_extinguen_al_tocar_un_solido" classname="fluidos_visuales_test" time="0.010">
		</testcase>
		<testcase name="test_un_paso_sobre_el_charco_lo_agita_sin_cambiar_la_limpieza" classname="fluidos_visuales_test" time="0.171">
		</testcase>
		<testcase name="test_el_agua_no_atraviesa_ninguna_de_las_seis_paredes" classname="fluidos_visuales_test" time="0.148">
		</testcase>
		<testcase name="test_las_ondas_se_propagan_y_no_son_un_solo_plano_inclinado" classname="fluidos_visuales_test" time="0.071">
		</testcase>
		<testcase name="test_el_balde_no_inventa_anillos_sin_ondas_del_movimiento" classname="fluidos_visuales_test" time="0.025">
		</testcase>
		<testcase name="test_la_mopa_encoge_el_charco_antes_de_ocultarlo" classname="fluidos_visuales_test" time="0.599">
		</testcase>
		<testcase name="test_reaparecer_una_mancha_cancela_el_encogimiento_anterior" classname="fluidos_visuales_test" time="0.639">
		</testcase>
		<testcase name="test_la_pared_no_fija_la_altura_del_agua_a_cero" classname="fluidos_visuales_test" time="0.008">
		</testcase>
		<testcase name="test_recuperar_la_fisica_no_reconstruye_la_malla_hasta_dibujar" classname="fluidos_visuales_test" time="0.039">
		</testcase>
		<testcase name="test_el_muestreo_preparado_conserva_las_ondas_del_centro_y_de_la_pared" classname="fluidos_visuales_test" time="0.013">
		</testcase>
	</testsuite>
	<testsuite id="124" name="grupo_del_piso_test" package="test/escenas/objetos" timestamp="2026-10-09T13:36:26" hostname="localhost" tests="8" failures="0" errors="0" skipped="0" flaky="0" time="3.766">
		<testcase name="test_mover_enfocar_y_recoger_conserva_el_dibujo_de_cada_cuerpo" classname="grupo_del_piso_test" time="0.006">
		</testcase>
		<testcase name="test_en_caida_libre_la_copia_dibuja_donde_el_motor_dibuja_el_cuerpo" classname="grupo_del_piso_test" time="0.619">
		</testcase>
		<testcase name="test_lo_dormido_que_se_congela_se_dibuja_donde_lo_llevan" classname="grupo_del_piso_test" time="1.996">
		</testcase>
		<testcase name="test_el_motor_no_vuelve_a_interpolar_lo_que_el_grupo_escribe" classname="grupo_del_piso_test" time="0.009">
		</testcase>
		<testcase name="test_al_aterrizar_la_copia_no_salta_mas_que_el_dibujo_del_cuerpo" classname="grupo_del_piso_test" time="0.617">
		</testcase>
		<testcase name="test_cada_cuerpo_agrupado_se_dibuja_exactamente_una_vez" classname="grupo_del_piso_test" time="0.038">
		</testcase>
		<testcase name="test_quitar_del_medio_deja_el_indice_reutilizado_en_su_cuerpo_nuevo" classname="grupo_del_piso_test" time="0.015">
		</testcase>
		<testcase name="test_la_caja_del_grupo_cubre_las_copias_que_escribe" classname="grupo_del_piso_test" time="0.414">
		</testcase>
	</testsuite>
	<testsuite id="125" name="humedad_de_la_mopa_test" package="test/escenas/objetos" timestamp="2026-10-09T13:36:30" hostname="localhost" tests="2" failures="0" errors="0" skipped="0" flaky="0" time="0.324">
		<testcase name="test_la_mopa_horizontal_mojada_no_deja_un_volumen_rigido_detras_de_la_cabeza" classname="humedad_de_la_mopa_test" time="0.156">
		</testcase>
		<testcase name="test_mojar_y_secar_las_fibras_conserva_el_anclaje_para_mojar_y_gotear" classname="humedad_de_la_mopa_test" time="0.150">
		</testcase>
	</testsuite>
	<testsuite id="126" name="jabones_y_notas_del_bano_test" package="test/escenas/objetos" timestamp="2026-10-09T13:36:30" hostname="localhost" tests="3" failures="0" errors="0" skipped="0" flaky="0" time="0.446">
		<testcase name="test_las_botellas_entran_en_su_colision_y_conservan_tres_etiquetas" classname="jabones_y_notas_del_bano_test" time="0.140">
		</testcase>
		<testcase name="test_las_tres_notas_se_ven_en_el_bano_con_sus_imagenes" classname="jabones_y_notas_del_bano_test" time="0.145">
		</testcase>
		<testcase name="test_las_tres_notas_del_bano_comparten_su_imagen_con_la_lectura" classname="jabones_y_notas_del_bano_test" time="0.137">
		</testcase>
	</testsuite>
	<testsuite id="127" name="mancha_en_el_piso_test" package="test/escenas/objetos" timestamp="2026-10-09T13:36:31" hostname="localhost" tests="11" failures="0" errors="0" skipped="0" flaky="0" time="0.786">
		<testcase name="test_la_mancha_no_decide_nada" classname="mancha_en_el_piso_test" time="0.009">
		</testcase>
		<testcase name="test_la_mancha_esta_en_el_grupo_que_la_mira_puede_enfocar" classname="mancha_en_el_piso_test" time="0.013">
		</testcase>
		<testcase name="test_la_mancha_borrada_deja_de_verse_y_de_enfocarse" classname="mancha_en_el_piso_test" time="0.010">
		</testcase>
		<testcase name="test_cada_mancha_lleva_su_propia_pintura" classname="mancha_en_el_piso_test" time="0.017">
		</testcase>
		<testcase name="test_el_uso_entra_por_el_pedido_del_jugador" classname="mancha_en_el_piso_test" time="0.006">
		</testcase>
		<testcase name="test_el_almacen_trae_una_mancha_por_lugar" classname="mancha_en_el_piso_test" time="0.140">
		</testcase>
		<testcase name="test_ninguna_mancha_arranca_debajo_de_un_mueble" classname="mancha_en_el_piso_test" time="0.141">
		</testcase>
		<testcase name="test_la_mira_enfoca_cada_mancha" classname="mancha_en_el_piso_test" time="0.211">
		</testcase>
		<testcase name="test_cada_mancha_se_ve_del_color_de_su_tipo" classname="mancha_en_el_piso_test" time="0.154">
		</testcase>
		<testcase name="test_con_el_balde_en_la_mano_no_se_agarra_un_jabon" classname="mancha_en_el_piso_test" time="0.012">
		</testcase>
		<testcase name="test_las_reglas_de_limpieza_tienen_sus_espejos" classname="mancha_en_el_piso_test" time="0.010">
		</testcase>
	</testsuite>
	<testsuite id="128" name="manija_del_balde_test" package="test/escenas/objetos" timestamp="2026-10-09T13:36:31" hostname="localhost" tests="5" failures="0" errors="0" skipped="0" flaky="0" time="0.666">
		<testcase name="test_agarrar_y_soltar_anima_el_asa_sin_mover_el_cuerpo_ni_su_carga" classname="manija_del_balde_test" time="0.154">
		</testcase>
		<testcase name="test_examinar_levanta_el_asa_y_devuelve_el_balde_a_la_mano" classname="manija_del_balde_test" time="0.159">
		</testcase>
		<testcase name="test_soltar_el_asa_elige_el_lado_opuesto_y_lo_conserva_al_caminar" classname="manija_del_balde_test" time="0.150">
		</testcase>
		<testcase name="test_interrumpir_agarre_o_bajada_conserva_el_angulo_actual_sin_salto" classname="manija_del_balde_test" time="0.154">
		</testcase>
		<testcase name="test_el_asa_quieta_no_repite_el_pintado_pero_vuelve_a_animarse_al_agarrar" classname="manija_del_balde_test" time="0.015">
		</testcase>
	</testsuite>
	<testsuite id="129" name="mezcla_del_balde_test" package="test/escenas/objetos" timestamp="2026-10-09T13:36:32" hostname="localhost" tests="5" failures="0" errors="0" skipped="0" flaky="0" time="0.109">
		<testcase name="test_el_jabon_aceptado_conserva_el_aspecto_previo_y_se_mezcla_en_setecientos_ms" classname="mezcla_del_balde_test" time="0.015">
		</testcase>
		<testcase name="test_repintar_o_repetir_el_destino_no_corta_ni_reinicia_la_mezcla" classname="mezcla_del_balde_test" time="0.016">
		</testcase>
		<testcase name="test_vaciar_y_reiniciar_cancelan_la_mezcla_y_no_reusan_su_color_previo" classname="mezcla_del_balde_test" time="0.015">
		</testcase>
		<testcase name="test_los_liquidos_ajenos_al_balde_conservan_su_pintado_inmediato" classname="mezcla_del_balde_test" time="0.012">
		</testcase>
		<testcase name="test_el_contraste_del_producto_se_mezcla_sin_cambiar_el_agua_limpia" classname="mezcla_del_balde_test" time="0.017">
		</testcase>
	</testsuite>
	<testsuite id="130" name="nivel_del_balde_test" package="test/escenas/objetos" timestamp="2026-10-09T13:36:32" hostname="localhost" tests="6" failures="0" errors="0" skipped="0" flaky="0" time="0.239">
		<testcase name="test_llenar_sube_desde_el_fondo_y_repintar_no_lo_interrumpe" classname="nivel_del_balde_test" time="0.032">
		</testcase>
		<testcase name="test_vaciar_baja_con_el_ultimo_color_y_se_oculta_al_terminar" classname="nivel_del_balde_test" time="0.025">
		</testcase>
		<testcase name="test_invertir_la_transicion_conserva_el_nivel_actual_sin_salto" classname="nivel_del_balde_test" time="0.022">
		</testcase>
		<testcase name="test_reiniciar_cancela_el_nivel_y_la_mezcla_anteriores" classname="nivel_del_balde_test" time="0.021">
		</testcase>
		<testcase name="test_llenar_y_vaciar_no_mueven_los_liquidos_ajenos_al_balde" classname="nivel_del_balde_test" time="0.011">
		</testcase>
		<testcase name="test_los_niveles_quedan_dentro_de_las_paredes_del_modelo_real" classname="nivel_del_balde_test" time="0.086">
		</testcase>
	</testsuite>
	<testsuite id="131" name="nota_pegada_test" package="test/escenas/objetos" timestamp="2026-10-09T13:36:32" hostname="localhost" tests="3" failures="0" errors="0" skipped="0" flaky="0" time="0.042">
		<testcase name="test_el_texto_fisico_y_la_vista_presentan_el_mismo_dato" classname="nota_pegada_test" time="0.007">
		</testcase>
		<testcase name="test_las_tres_imagenes_vienen_del_frente_original" classname="nota_pegada_test" time="0.009">
		</testcase>
		<testcase name="test_accionar_pide_la_lectura_de_su_hoja" classname="nota_pegada_test" time="0.006">
		</testcase>
	</testsuite>
	<testsuite id="132" name="objeto_agarrable_test" package="test/escenas/objetos" timestamp="2026-10-09T13:36:32" hostname="localhost" tests="8" failures="0" errors="0" skipped="0" flaky="0" time="0.159">
		<testcase name="test_el_objeto_esta_en_el_grupo_que_la_mira_busca" classname="objeto_agarrable_test" time="0.006">
		</testcase>
		<testcase name="test_el_objeto_responde_al_metodo_que_es_el_contrato" classname="objeto_agarrable_test" time="0.007">
		</testcase>
		<testcase name="test_interactuar_devuelve_los_datos_de_dominio_del_objeto" classname="objeto_agarrable_test" time="0.008">
		</testcase>
		<testcase name="test_el_objeto_simula_fisica_y_tiene_con_que_chocar" classname="objeto_agarrable_test" time="0.006">
		</testcase>
		<testcase name="test_volver_a_su_lugar_no_dibuja_el_objeto_cruzando_el_almacen" classname="objeto_agarrable_test" time="0.062">
		</testcase>
		<testcase name="test_cada_contacto_avisa_el_objeto_y_su_rapidez" classname="objeto_agarrable_test" time="0.009">
		</testcase>
		<testcase name="test_las_dos_acciones_del_006_estan_declaradas_en_el_proyecto" classname="objeto_agarrable_test" time="0.010">
		</testcase>
		<testcase name="test_volver_restaura_padre_visibilidad_y_fisica_originales" classname="objeto_agarrable_test" time="0.009">
		</testcase>
	</testsuite>
	<testsuite id="133" name="ondas_del_balde_test" package="test/escenas/objetos" timestamp="2026-10-09T13:36:33" hostname="localhost" tests="6" failures="0" errors="0" skipped="0" flaky="0" time="0.111">
		<testcase name="test_la_amplitud_sigue_el_campo_tras_avanzar_y_reiniciar" classname="ondas_del_balde_test" time="0.011">
		</testcase>
		<testcase name="test_cada_subpaso_cruza_los_dos_buffers_sin_crear_otro" classname="ondas_del_balde_test" time="0.008">
		</testcase>
		<testcase name="test_los_dos_buffers_son_los_mismos_con_cualquier_delta_y_tras_reiniciar" classname="ondas_del_balde_test" time="0.017">
		</testcase>
		<testcase name="test_una_instancia_no_comparte_buffers_con_otra" classname="ondas_del_balde_test" time="0.012">
		</testcase>
		<testcase name="test_reiniciar_tras_un_numero_impar_de_subpasos_limpia_los_dos_buffers" classname="ondas_del_balde_test" time="0.014">
		</testcase>
		<testcase name="test_el_muestreo_devuelve_una_copia_que_no_toca_el_avance_siguiente" classname="ondas_del_balde_test" time="0.013">
		</testcase>
	</testsuite>
	<testsuite id="134" name="partes_de_manija_test" package="test/escenas/objetos" timestamp="2026-10-09T13:36:33" hostname="localhost" tests="2" failures="0" errors="0" skipped="0" flaky="0" time="0.035">
		<testcase name="test_la_costura_de_normales_no_separa_los_extremos_del_arco_movil" classname="partes_de_manija_test" time="0.007">
		</testcase>
		<testcase name="test_el_balde_real_conserva_todos_los_buffers_salvo_uv2_de_las_dos_partes" classname="partes_de_manija_test" time="0.011">
		</testcase>
	</testsuite>
	<testsuite id="135" name="producto_soltado_test" package="test/escenas/objetos" timestamp="2026-10-09T13:36:33" hostname="localhost" tests="2" failures="0" errors="0" skipped="0" flaky="0" time="10.083">
		<testcase name="test_una_unidad_de_cada_producto_se_duerme_apoyada_en_el_piso" classname="producto_soltado_test" time="8.036">
		</testcase>
		<testcase name="test_el_producto_mas_delgado_cae_de_plano_y_no_atraviesa_el_piso" classname="producto_soltado_test" time="2.028">
		</testcase>
	</testsuite>
	<testsuite id="136" name="raices_de_fibras_test" package="test/escenas/objetos" timestamp="2026-10-09T13:36:43" hostname="localhost" tests="2" failures="0" errors="0" skipped="0" flaky="0" time="0.065">
		<testcase name="test_las_caras_separadas_por_normales_comparten_la_raiz_de_su_fibra" classname="raices_de_fibras_test" time="0.012">
		</testcase>
		<testcase name="test_la_metadata_no_cambia_la_malla_importada_ni_los_materiales_del_modelo" classname="raices_de_fibras_test" time="0.030">
		</testcase>
	</testsuite>
	<testsuite id="137" name="rejilla_del_bano_test" package="test/escenas/objetos" timestamp="2026-10-09T13:36:43" hostname="localhost" tests="1" failures="0" errors="0" skipped="0" flaky="0" time="0.035">
		<testcase name="test_las_cuatro_ranuras_siguen_visibles_en_cada_nivel_de_detalle" classname="rejilla_del_bano_test" time="0.021">
		</testcase>
	</testsuite>
	<testsuite id="138" name="sombreado_de_liquidos_test" package="test/escenas/objetos" timestamp="2026-10-09T13:36:43" hostname="localhost" tests="4" failures="0" errors="0" skipped="0" flaky="0" time="0.078">
		<testcase name="test_agua_y_mancha_comparten_shader_con_materiales_independientes" classname="sombreado_de_liquidos_test" time="0.017">
		</testcase>
		<testcase name="test_cambiar_de_aspecto_conserva_color_material_y_textura_de_la_mancha" classname="sombreado_de_liquidos_test" time="0.014">
		</testcase>
		<testcase name="test_el_bano_usa_el_mismo_shader_de_agua_y_manchas" classname="sombreado_de_liquidos_test" time="0.010">
		</testcase>
		<testcase name="test_una_mancha_no_inicia_la_mezcla_del_agua_aunque_comparta_shader" classname="sombreado_de_liquidos_test" time="0.010">
		</testcase>
	</testsuite>
	<testsuite id="139" name="tamano_de_la_mopa_test" package="test/escenas/objetos" timestamp="2026-10-09T13:36:43" hostname="localhost" tests="1" failures="0" errors="0" skipped="0" flaky="0" time="0.180">
		<testcase name="test_la_mopa_apoyada_es_mayor_y_en_la_mano_conserva_su_tamano" classname="tamano_de_la_mopa_test" time="0.169">
		</testcase>
	</testsuite>
	<testsuite id="140" name="ubicacion_en_el_deposito_test" package="test/escenas/objetos" timestamp="2026-10-09T13:36:43" hostname="localhost" tests="4" failures="0" errors="0" skipped="0" flaky="0" time="0.651">
		<testcase name="test_las_cajas_de_reposicion_estan_apoyadas_en_el_deposito" classname="ubicacion_en_el_deposito_test" time="0.153">
		</testcase>
		<testcase name="test_cada_caja_le_muestra_su_etiqueta_al_cuarto" classname="ubicacion_en_el_deposito_test" time="0.151">
		</testcase>
		<testcase name="test_las_tres_bolsas_arrancan_en_el_deposito_y_lejos_del_contenedor" classname="ubicacion_en_el_deposito_test" time="0.153">
		</testcase>
		<testcase name="test_abrir_la_jornada_devuelve_cada_caja_a_su_lugar" classname="ubicacion_en_el_deposito_test" time="0.161">
		</testcase>
	</testsuite>
	<testsuite id="141" name="utiles_apilados_test" package="test/escenas/objetos" timestamp="2026-10-09T13:36:44" hostname="localhost" tests="1" failures="0" errors="0" skipped="0" flaky="0" time="3.030">
		<testcase name="test_retirar_el_balde_despierta_y_deja_caer_el_jabon_que_sostenia" classname="utiles_apilados_test" time="3.016">
		</testcase>
	</testsuite>
	<testsuite id="142" name="utiles_de_limpieza_test" package="test/escenas/objetos" timestamp="2026-10-09T13:36:47" hostname="localhost" tests="19" failures="0" errors="0" skipped="0" flaky="0" time="3.241">
		<testcase name="test_cada_util_es_la_malla_del_modelo_donde_el_modelo_la_dibujaba" classname="utiles_de_limpieza_test" time="0.166">
		</testcase>
		<testcase name="test_la_copia_fija_del_modelo_ni_se_ve_ni_choca" classname="utiles_de_limpieza_test" time="0.161">
		</testcase>
		<testcase name="test_los_utiles_arrancan_en_el_bano" classname="utiles_de_limpieza_test" time="0.173">
		</testcase>
		<testcase name="test_abrir_la_jornada_devuelve_los_utiles_al_bano_vacios_y_secos" classname="utiles_de_limpieza_test" time="0.178">
		</testcase>
		<testcase name="test_el_lavatorio_y_el_inodoro_se_enfocan_y_no_se_levantan" classname="utiles_de_limpieza_test" time="0.168">
		</testcase>
		<testcase name="test_el_agua_del_balde_se_ve_celeste_y_despues_del_color_del_jabon" classname="utiles_de_limpieza_test" time="0.171">
		</testcase>
		<testcase name="test_un_segundo_jabon_no_cambia_el_agua_que_se_ve" classname="utiles_de_limpieza_test" time="0.169">
		</testcase>
		<testcase name="test_vaciar_en_el_inodoro_esconde_el_agua" classname="utiles_de_limpieza_test" time="0.167">
		</testcase>
		<testcase name="test_la_punta_de_la_mopa_se_ve_del_color_del_agua" classname="utiles_de_limpieza_test" time="0.179">
		</testcase>
		<testcase name="test_la_mezcla_espera_aunque_se_suelten_los_utiles_en_otro_cuarto" classname="utiles_de_limpieza_test" time="0.163">
		</testcase>
		<testcase name="test_la_cabeza_de_la_mopa_se_ve_y_el_agarre_sigue_en_el_origen" classname="utiles_de_limpieza_test" time="0.146">
		</testcase>
		<testcase name="test_la_mojada_sube_en_arco_y_entra_desde_arriba_del_borde" classname="utiles_de_limpieza_test" time="0.153">
		</testcase>
		<testcase name="test_mojar_baja_la_punta_a_la_vista_y_vuelve_sin_mover_la_camara" classname="utiles_de_limpieza_test" time="0.153">
		</testcase>
		<testcase name="test_la_punta_sigue_a_la_vista_con_el_brazo_acortado_y_mirando_abajo" classname="utiles_de_limpieza_test" time="0.156">
		</testcase>
		<testcase name="test_rechazar_el_mojado_no_mueve_la_mopa" classname="utiles_de_limpieza_test" time="0.158">
		</testcase>
		<testcase name="test_mojar_dos_veces_reinicia_sin_acumular_desplazamiento" classname="utiles_de_limpieza_test" time="0.159">
		</testcase>
		<testcase name="test_soltar_a_mitad_del_mojado_mata_el_tween_y_conserva_la_orientacion" classname="utiles_de_limpieza_test" time="0.155">
		</testcase>
		<testcase name="test_mojar_con_el_balde_en_el_piso_y_la_vista_abajo_mantiene_la_punta_visible" classname="utiles_de_limpieza_test" time="0.166">
		</testcase>
		<testcase name="test_la_mopa_soltada_entre_dos_paredes_no_atraviesa_la_de_atras" classname="utiles_de_limpieza_test" time="0.173">
		</testcase>
	</testsuite>
	<testsuite id="143" name="visibilidad_del_agua_del_balde_test" package="test/escenas/objetos" timestamp="2026-10-09T13:36:50" hostname="localhost" tests="10" failures="0" errors="0" skipped="0" flaky="0" time="0.283">
		<testcase name="test_un_balde_activo_fuera_del_encuadre_no_recalcula_su_malla_y_sigue_simulando" classname="visibilidad_del_agua_del_balde_test" time="0.021">
		</testcase>
		<testcase name="test_la_caja_que_cruza_el_borde_se_dibuja_aunque_su_centro_quede_afuera" classname="visibilidad_del_agua_del_balde_test" time="0.027">
		</testcase>
		<testcase name="test_un_balde_detras_de_la_camara_no_recalcula_su_malla" classname="visibilidad_del_agua_del_balde_test" time="0.017">
		</testcase>
		<testcase name="test_sin_camara_el_agua_fuera_de_todo_encuadre_se_dibuja" classname="visibilidad_del_agua_del_balde_test" time="0.014">
		</testcase>
		<testcase name="test_sin_escrituras_de_buffers_el_agua_se_dibuja_aunque_la_camara_no_la_vea" classname="visibilidad_del_agua_del_balde_test" time="0.016">
		</testcase>
		<testcase name="test_el_agua_decide_con_la_camara_de_su_propio_viewport" classname="visibilidad_del_agua_del_balde_test" time="0.012">
		</testcase>
		<testcase name="test_el_nivel_que_termina_fuera_del_encuadre_se_ve_al_volver" classname="visibilidad_del_agua_del_balde_test" time="0.014">
		</testcase>
		<testcase name="test_las_ondas_que_se_amortiguan_fuera_dejan_la_malla_quieta_al_volver" classname="visibilidad_del_agua_del_balde_test" time="0.060">
		</testcase>
		<testcase name="test_la_mancha_fuera_del_encuadre_se_sigue_dibujando" classname="visibilidad_del_agua_del_balde_test" time="0.012">
		</testcase>
		<testcase name="test_el_agua_quieta_se_descarta_sin_consultar_la_camara" classname="visibilidad_del_agua_del_balde_test" time="0.019">
		</testcase>
	</testsuite>
	<testsuite id="144" name="partida_del_usuario_test" package="test/escenas" timestamp="2026-10-09T13:36:50" hostname="localhost" tests="3" failures="0" errors="0" skipped="0" flaky="0" time="0.259">
		<testcase name="test_cerrar_una_noche_no_toca_la_partida_del_usuario" classname="partida_del_usuario_test" time="0.174">
		</testcase>
		<testcase name="test_un_caso_deja_un_guardado_en_la_carpeta_de_la_sesion" classname="partida_del_usuario_test" time="0.017">
		</testcase>
		<testcase name="test_el_caso_siguiente_arranca_sin_guardado" classname="partida_del_usuario_test" time="0.045">
		</testcase>
	</testsuite>
	<testsuite id="145" name="audio_del_almacen_test" package="test/escenas/puestos" timestamp="2026-10-09T13:36:51" hostname="localhost" tests="19" failures="0" errors="0" skipped="0" flaky="0" time="1.254">
		<testcase name="test_los_cuatro_buses_existen_en_el_motor" classname="audio_del_almacen_test" time="0.013">
		</testcase>
		<testcase name="test_cada_bus_manda_a_master" classname="audio_del_almacen_test" time="0.009">
		</testcase>
		<testcase name="test_el_layout_de_buses_apunta_a_un_archivo_que_existe" classname="audio_del_almacen_test" time="0.010">
		</testcase>
		<testcase name="test_ningun_nombre_de_bus_se_escribe_fuera_del_archivo_que_los_declara" classname="audio_del_almacen_test" time="0.011">
		</testcase>
		<testcase name="test_ningun_test_de_este_spec_afirma_sobre_el_estado_de_reproduccion" classname="audio_del_almacen_test" time="0.314">
		</testcase>
		<testcase name="test_el_detector_acepta_fin_de_tween_y_rechaza_fin_de_audio" classname="audio_del_almacen_test" time="0.010">
		</testcase>
		<testcase name="test_la_cascara_no_tiene_una_sola_regla" classname="audio_del_almacen_test" time="0.012">
		</testcase>
		<testcase name="test_el_almacen_instancia_el_audio_exactamente_una_vez" classname="audio_del_almacen_test" time="0.012">
		</testcase>
		<testcase name="test_el_dominio_no_nombra_un_solo_nodo_de_audio" classname="audio_del_almacen_test" time="0.016">
		</testcase>
		<testcase name="test_la_cascara_carga_con_sus_dos_sistemas_cableados" classname="audio_del_almacen_test" time="0.011">
		</testcase>
		<testcase name="test_cada_senal_de_la_tabla_la_declara_alguien_de_verdad" classname="audio_del_almacen_test" time="0.201">
		</testcase>
		<testcase name="test_el_almacen_llega_cableado_al_audio_y_al_agarre" classname="audio_del_almacen_test" time="0.044">
		</testcase>
		<testcase name="test_el_cableado_enlaza_las_fuentes_y_arranca_el_ambiente" classname="audio_del_almacen_test" time="0.012">
		</testcase>
		<testcase name="test_cada_emisor_de_la_tabla_esta_en_la_escena" classname="audio_del_almacen_test" time="0.058">
		</testcase>
		<testcase name="test_el_ambiente_tiene_sus_emisores_en_la_heladera_y_los_tubos" classname="audio_del_almacen_test" time="0.054">
		</testcase>
		<testcase name="test_el_jugador_es_una_fuente_del_audio" classname="audio_del_almacen_test" time="0.011">
		</testcase>
		<testcase name="test_la_jornada_arranca_la_musica_y_el_cierre_la_corta" classname="audio_del_almacen_test" time="0.012">
		</testcase>
		<testcase name="test_el_balde_y_sus_gestos_suenan_en_el_local_sin_un_rechazo" classname="audio_del_almacen_test" time="0.168">
		</testcase>
		<testcase name="test_devolver_una_unidad_suena_una_vez_desde_la_mano" classname="audio_del_almacen_test" time="0.153">
		</testcase>
	</testsuite>
	<testsuite id="146" name="bano_publico_test" package="test/escenas/puestos" timestamp="2026-10-09T13:36:52" hostname="localhost" tests="18" failures="0" errors="0" skipped="0" flaky="0" time="7.653">
		<testcase name="test_el_agua_de_ambos_lavatorios_llega_hasta_la_pared_de_la_cubeta" classname="bano_publico_test" time="0.160">
		</testcase>
		<testcase name="test_los_volumenes_de_los_tanques_coinciden_con_sus_tapas_visibles" classname="bano_publico_test" time="0.144">
		</testcase>
		<testcase name="test_los_lavatorios_y_los_inodoros_tienen_porcelana_clara" classname="bano_publico_test" time="0.147">
		</testcase>
		<testcase name="test_el_piso_ampliado_forma_parte_de_la_misma_superficie_del_edificio" classname="bano_publico_test" time="0.145">
		</testcase>
		<testcase name="test_las_paredes_del_bano_tienen_un_plano_continuo_hasta_el_dintel" classname="bano_publico_test" time="0.153">
		</testcase>
		<testcase name="test_cada_cabina_tiene_una_luminaria_encima_del_inodoro" classname="bano_publico_test" time="0.147">
		</testcase>
		<testcase name="test_los_lavatorios_dejan_espacio_entre_sus_bordes" classname="bano_publico_test" time="0.163">
		</testcase>
		<testcase name="test_la_pared_del_sector_ampliado_no_tiene_caras_superpuestas" classname="bano_publico_test" time="0.152">
		</testcase>
		<testcase name="test_la_pared_ampliada_y_el_hueco_tienen_el_acabado_del_bano" classname="bano_publico_test" time="0.160">
		</testcase>
		<testcase name="test_la_entrada_conserva_la_escala_de_las_otras_puertas_y_un_marco_continuo" classname="bano_publico_test" time="0.153">
		</testcase>
		<testcase name="test_las_cabinas_tienen_puertas_que_liberan_el_acceso_al_abrirse" classname="bano_publico_test" time="2.041">
		</testcase>
		<testcase name="test_el_sector_abierto_deja_lugar_para_caminar_y_llevar_el_balde" classname="bano_publico_test" time="0.160">
		</testcase>
		<testcase name="test_los_dos_inodoros_y_lavatorios_se_pueden_usar_para_la_limpieza" classname="bano_publico_test" time="0.167">
		</testcase>
		<testcase name="test_el_sector_antes_cerrado_es_accesible_desde_el_bano" classname="bano_publico_test" time="0.158">
		</testcase>
		<testcase name="test_la_puerta_del_bano_abierta_no_corta_el_recorrido_hacia_las_cabinas" classname="bano_publico_test" time="1.067">
		</testcase>
		<testcase name="test_la_entrada_cerrada_no_deja_ver_el_bano_por_los_bordes_de_la_hoja" classname="bano_publico_test" time="0.171">
		</testcase>
		<testcase name="test_el_acabado_del_bano_no_sobresale_delante_de_la_hoja_cerrada" classname="bano_publico_test" time="0.187">
		</testcase>
		<testcase name="test_las_hojas_de_cabina_giran_unidas_a_un_soporte_fijo" classname="bano_publico_test" time="2.060">
		</testcase>
	</testsuite>
	<testsuite id="147" name="caja_registradora_test" package="test/escenas/puestos" timestamp="2026-10-09T13:37:00" hostname="localhost" tests="13" failures="0" errors="0" skipped="0" flaky="0" time="9.278">
		<testcase name="test_el_derecho_abre_y_cierra_con_los_ocho_estados_de_la_mano" classname="caja_registradora_test" time="0.288">
		</testcase>
		<testcase name="test_izquierdo_y_examen_vacios_no_abren_y_otras_pantallas_bloquean" classname="caja_registradora_test" time="0.208">
		</testcase>
		<testcase name="test_el_reloj_corre_la_pausa_real_va_encima_y_el_turno_cierra" classname="caja_registradora_test" time="0.221">
		</testcase>
		<testcase name="test_los_botones_imprimen_copia_y_borrar_repinta_tres_vacios" classname="caja_registradora_test" time="0.173">
		</testcase>
		<testcase name="test_imprimir_otra_vez_suelta_el_anterior_y_el_nuevo_queda_quieto" classname="caja_registradora_test" time="0.363">
		</testcase>
		<testcase name="test_imprimir_otro_con_el_anterior_en_mano_no_lo_descongela" classname="caja_registradora_test" time="0.154">
		</testcase>
		<testcase name="test_otra_jornada_quita_papeles_del_piso_y_del_examen_y_vacia_el_programa" classname="caja_registradora_test" time="1.132">
		</testcase>
		<testcase name="test_caja_y_papel_tienen_foco_y_contorno_y_la_ranura_no_deforma_el_papel" classname="caja_registradora_test" time="0.230">
		</testcase>
		<testcase name="test_cada_inodoro_desecha_una_vez_su_ticket_con_foco_real" classname="caja_registradora_test" time="1.214">
		</testcase>
		<testcase name="test_lavatorios_otros_objetos_y_papel_ajeno_no_se_desechan" classname="caja_registradora_test" time="1.578">
		</testcase>
		<testcase name="test_balde_vacia_y_mopa_enjuaga_en_ambos_inodoros_sin_descarte" classname="caja_registradora_test" time="1.269">
		</testcase>
		<testcase name="test_izquierdo_suelta_y_examen_suspende_sin_desechar" classname="caja_registradora_test" time="1.184">
		</testcase>
		<testcase name="test_proxima_jornada_limpia_restantes_sin_repetir_ticket_desechado" classname="caja_registradora_test" time="1.180">
		</testcase>
	</testsuite>
	<testsuite id="148" name="contenedor_de_basura_test" package="test/escenas/puestos" timestamp="2026-10-09T13:37:09" hostname="localhost" tests="10" failures="0" errors="0" skipped="0" flaky="0" time="4.723">
		<testcase name="test_la_boca_abierta_no_tiene_una_tapa_de_colision_invisible" classname="contenedor_de_basura_test" time="0.155">
		</testcase>
		<testcase name="test_el_cuerpo_del_contenedor_frena_un_rayo_desde_el_pasillo" classname="contenedor_de_basura_test" time="0.148">
		</testcase>
		<testcase name="test_una_bolsa_soltada_por_la_boca_se_recoge_y_se_tira_despues" classname="contenedor_de_basura_test" time="0.154">
		</testcase>
		<testcase name="test_cerrar_tapa_bloquea_la_boca_y_abrir_la_deja_libre" classname="contenedor_de_basura_test" time="0.146">
		</testcase>
		<testcase name="test_clic_derecho_sobre_el_cuerpo_tambien_alterna_la_tapa" classname="contenedor_de_basura_test" time="0.149">
		</testcase>
		<testcase name="test_bolsa_con_tapa_cerrada_se_conserva_hasta_el_clic_abierta" classname="contenedor_de_basura_test" time="0.149">
		</testcase>
		<testcase name="test_reiniciar_restaura_tapa_abierta" classname="contenedor_de_basura_test" time="0.150">
		</testcase>
		<testcase name="test_la_tapa_se_detiene_ante_un_objeto_y_continua_cuando_se_retira" classname="contenedor_de_basura_test" time="3.313">
		</testcase>
		<testcase name="test_las_paredes_contienen_la_tolerancia_de_penetracion_del_motor" classname="contenedor_de_basura_test" time="0.142">
		</testcase>
		<testcase name="test_el_contenedor_fijo_conserva_los_viajes_del_local_y_las_bolsas" classname="contenedor_de_basura_test" time="0.149">
		</testcase>
	</testsuite>
	<testsuite id="149" name="disposicion_de_la_gondola_test" package="test/escenas/puestos" timestamp="2026-10-09T13:37:14" hostname="localhost" tests="11" failures="0" errors="0" skipped="0" flaky="0" time="0.212">
		<testcase name="test_una_fila_es_entera_de_casilleros_y_dos_conservan_la_de_atras" classname="disposicion_de_la_gondola_test" time="0.011">
		</testcase>
		<testcase name="test_un_bloque_que_no_tiene_una_o_dos_filas_nombra_el_recurso" classname="disposicion_de_la_gondola_test" time="0.014">
		</testcase>
		<testcase name="test_hay_un_bloque_principal_por_producto" classname="disposicion_de_la_gondola_test" time="0.010">
		</testcase>
		<testcase name="test_cada_producto_declara_su_fila_de_adelante" classname="disposicion_de_la_gondola_test" time="0.011">
		</testcase>
		<testcase name="test_cada_producto_tiene_casilleros_y_entran_en_su_bloque" classname="disposicion_de_la_gondola_test" time="0.011">
		</testcase>
		<testcase name="test_ningun_faltante_de_ninguna_jornada_pasa_de_su_fila" classname="disposicion_de_la_gondola_test" time="0.013">
		</testcase>
		<testcase name="test_la_tanda_tiene_dos_filas_y_el_cupo_entra_en_la_de_adelante" classname="disposicion_de_la_gondola_test" time="0.012">
		</testcase>
		<testcase name="test_la_tanda_de_cada_producto_esta_junta_sobre_un_solo_estante" classname="disposicion_de_la_gondola_test" time="0.024">
		</testcase>
		<testcase name="test_el_frente_va_de_la_fila_de_atras_a_la_de_adelante" classname="disposicion_de_la_gondola_test" time="0.010">
		</testcase>
		<testcase name="test_una_fila_tiene_frente_por_el_orden_de_sus_columnas" classname="disposicion_de_la_gondola_test" time="0.008">
		</testcase>
		<testcase name="test_hay_una_malla_por_bloque_de_guia" classname="disposicion_de_la_gondola_test" time="0.008">
		</testcase>
	</testsuite>
	<testsuite id="150" name="escritorio_test" package="test/escenas/puestos" timestamp="2026-10-09T13:37:14" hostname="localhost" tests="8" failures="0" errors="0" skipped="0" flaky="0" time="0.217">
		<testcase name="test_el_escritorio_esta_en_el_grupo_que_la_mira_puede_enfocar" classname="escritorio_test" time="0.037">
		</testcase>
		<testcase name="test_el_almacen_instancia_el_escritorio_exactamente_una_vez" classname="escritorio_test" time="0.038">
		</testcase>
		<testcase name="test_el_escritorio_recibe_al_jugador_y_al_reloj_por_export" classname="escritorio_test" time="0.011">
		</testcase>
		<testcase name="test_el_jugador_expone_las_dos_lineas_que_este_spec_necesita" classname="escritorio_test" time="0.011">
		</testcase>
		<testcase name="test_del_escritorio_se_sale_con_el_clic_derecho_y_no_con_cancelar" classname="escritorio_test" time="0.009">
		</testcase>
		<testcase name="test_el_clic_derecho_llega_aunque_la_pantalla_tape_el_viewport" classname="escritorio_test" time="0.011">
		</testcase>
		<testcase name="test_el_cierre_usa_la_accion_compartida" classname="escritorio_test" time="0.010">
		</testcase>
		<testcase name="test_tocar_el_escritorio_suspende_al_jugador_y_no_entrega_nada" classname="escritorio_test" time="0.040">
		</testcase>
	</testsuite>
	<testsuite id="151" name="estante_test" package="test/escenas/puestos" timestamp="2026-10-09T13:37:14" hostname="localhost" tests="5" failures="0" errors="0" skipped="0" flaky="0" time="0.313">
		<testcase name="test_el_estante_dibuja_un_hueco_por_producto_del_catalogo" classname="estante_test" time="0.153">
		</testcase>
		<testcase name="test_los_huecos_visibles_son_los_que_dice_el_dominio" classname="estante_test" time="0.039">
		</testcase>
		<testcase name="test_el_estante_arranca_sin_un_solo_hueco_puesto" classname="estante_test" time="0.037">
		</testcase>
		<testcase name="test_el_estante_de_la_escena_no_lleva_el_stock_adentro" classname="estante_test" time="0.010">
		</testcase>
		<testcase name="test_el_estante_contesta_el_contrato_de_interaccion" classname="estante_test" time="0.040">
		</testcase>
	</testsuite>
	<testsuite id="152" name="estructura_del_almacen_test" package="test/escenas/puestos" timestamp="2026-10-09T13:37:14" hostname="localhost" tests="11" failures="0" errors="0" skipped="0" flaky="0" time="0.600">
		<testcase name="test_las_dos_gondolas_del_medio_tienen_el_mismo_ancho_de_contorno" classname="estructura_del_almacen_test" time="0.015">
		</testcase>
		<testcase name="test_la_estructura_carga_y_su_raiz_se_llama_estructura" classname="estructura_del_almacen_test" time="0.011">
		</testcase>
		<testcase name="test_el_modelo_entro_con_sus_mallas" classname="estructura_del_almacen_test" time="0.014">
		</testcase>
		<testcase name="test_los_muebles_y_el_edificio_conservan_su_colision" classname="estructura_del_almacen_test" time="0.011">
		</testcase>
		<testcase name="test_la_regla_del_sufijo_sabe_ver_una_malla_sin_colision" classname="estructura_del_almacen_test" time="0.006">
		</testcase>
		<testcase name="test_la_cascara_del_edificio_esta_y_frena_al_jugador" classname="estructura_del_almacen_test" time="0.012">
		</testcase>
		<testcase name="test_el_edificio_no_vino_con_la_escala_rota" classname="estructura_del_almacen_test" time="0.011">
		</testcase>
		<testcase name="test_los_muebles_funcionales_conservan_sus_nombres" classname="estructura_del_almacen_test" time="0.013">
		</testcase>
		<testcase name="test_el_colisionador_de_un_anclaje_cuelga_del_nodo_que_lo_nombra" classname="estructura_del_almacen_test" time="0.154">
		</testcase>
		<testcase name="test_las_paredes_con_volumen_dejan_libres_los_vanos" classname="estructura_del_almacen_test" time="0.142">
		</testcase>
		<testcase name="test_el_rincon_del_mostrador_sigue_libre_para_el_empleado" classname="estructura_del_almacen_test" time="0.148">
		</testcase>
	</testsuite>
	<testsuite id="153" name="exterior_del_almacen_test" package="test/escenas/puestos" timestamp="2026-10-09T13:37:15" hostname="localhost" tests="5" failures="0" errors="0" skipped="0" flaky="0" time="0.734">
		<testcase name="test_el_pavimento_alcanza_el_umbral_sin_desnivel" classname="exterior_del_almacen_test" time="0.139">
		</testcase>
		<testcase name="test_el_pavimento_no_se_superpone_con_el_piso_del_local" classname="exterior_del_almacen_test" time="0.140">
		</testcase>
		<testcase name="test_la_vereda_y_la_playa_no_entran_al_deposito_ni_al_bano" classname="exterior_del_almacen_test" time="0.139">
		</testcase>
		<testcase name="test_los_objetos_de_la_foto_descansan_sobre_el_pavimento" classname="exterior_del_almacen_test" time="0.140">
		</testcase>
		<testcase name="test_el_local_de_la_foto_no_se_duplica_afuera_del_almacen" classname="exterior_del_almacen_test" time="0.139">
		</testcase>
	</testsuite>
	<testsuite id="154" name="habitaciones_del_almacen_test" package="test/escenas/puestos" timestamp="2026-10-09T13:37:16" hostname="localhost" tests="4" failures="0" errors="0" skipped="0" flaky="0" time="0.062">
		<testcase name="test_clasifica_las_tres_habitaciones_con_lector_trasladado" classname="habitaciones_del_almacen_test" time="0.010">
		</testcase>
		<testcase name="test_la_envolvente_mundial_no_agranda_una_habitacion_rotada" classname="habitaciones_del_almacen_test" time="0.007">
		</testcase>
		<testcase name="test_compone_traslacion_y_rotacion_de_un_padre_real" classname="habitaciones_del_almacen_test" time="0.009">
		</testcase>
		<testcase name="test_la_union_compuesta_conserva_techo_y_ancho_del_paso_bajo_un_padre" classname="habitaciones_del_almacen_test" time="0.009">
		</testcase>
	</testsuite>
	<testsuite id="155" name="heladeras_del_local_test" package="test/escenas/puestos" timestamp="2026-10-09T13:37:16" hostname="localhost" tests="5" failures="0" errors="0" skipped="0" flaky="0" time="5.518">
		<testcase name="test_las_hojas_tienen_marcos_negros_y_vidrio_transparente" classname="heladeras_del_local_test" time="0.159">
		</testcase>
		<testcase name="test_abrir_cada_heladera_libera_el_rayo_hacia_sus_productos" classname="heladeras_del_local_test" time="2.076">
		</testcase>
		<testcase name="test_la_heladera_fuera_de_servicio_conserva_la_puerta_trabada" classname="heladeras_del_local_test" time="1.026">
		</testcase>
		<testcase name="test_el_nuevo_turno_cierra_las_heladeras_activas" classname="heladeras_del_local_test" time="1.035">
		</testcase>
		<testcase name="test_los_botones_del_jugador_abren_y_cierran_con_el_derecho" classname="heladeras_del_local_test" time="1.194">
		</testcase>
	</testsuite>
	<testsuite id="156" name="lector_test" package="test/escenas/puestos" timestamp="2026-10-09T13:37:21" hostname="localhost" tests="9" failures="0" errors="0" skipped="0" flaky="0" time="1.638">
		<testcase name="test_el_lector_anota_la_unidad_con_el_programa_cerrado_y_conserva_la_mano" classname="lector_test" time="0.166">
		</testcase>
		<testcase name="test_los_seis_objetos_se_rechazan_y_siguen_en_la_mano" classname="lector_test" time="0.157">
		</testcase>
		<testcase name="test_las_manos_vacias_y_los_otros_gestos_no_leen" classname="lector_test" time="0.147">
		</testcase>
		<testcase name="test_el_lector_apoya_en_el_mostrador_y_tiene_foco_y_contorno" classname="lector_test" time="0.156">
		</testcase>
		<testcase name="test_los_eventos_reales_piden_escaneo_error_impresion_y_botones" classname="lector_test" time="0.156">
		</testcase>
		<testcase name="test_la_tres_vacia_y_cambia_solo_la_malla" classname="lector_test" time="0.165">
		</testcase>
		<testcase name="test_el_hueco_con_unidad_caja_y_mano_vacia_no_avisa_ni_anota" classname="lector_test" time="0.154">
		</testcase>
		<testcase name="test_la_partida_retomada_en_cuatro_es_manual_y_una_nueva_es_automatica" classname="lector_test" time="0.279">
		</testcase>
		<testcase name="test_el_popup_pausa_y_reanuda_programa_y_mano" classname="lector_test" time="0.194">
		</testcase>
	</testsuite>
	<testsuite id="157" name="notas_del_almacen_test" package="test/escenas/puestos" timestamp="2026-10-09T13:37:23" hostname="localhost" tests="9" failures="0" errors="0" skipped="0" flaky="0" time="1.714">
		<testcase name="test_las_cinco_hojas_abren_su_propio_dato_y_cierran_con_el_derecho" classname="notas_del_almacen_test" time="0.199">
		</testcase>
		<testcase name="test_cada_objeto_sigue_en_la_mano_al_leer_y_salir" classname="notas_del_almacen_test" time="0.209">
		</testcase>
		<testcase name="test_otras_pantallas_impiden_abrir_otra_hoja" classname="notas_del_almacen_test" time="0.164">
		</testcase>
		<testcase name="test_cerrar_el_turno_quita_la_nota_y_deja_la_placa" classname="notas_del_almacen_test" time="0.146">
		</testcase>
		<testcase name="test_cada_hoja_se_enfoca_desde_un_lugar_transitable_y_se_lee" classname="notas_del_almacen_test" time="0.348">
		</testcase>
		<testcase name="test_leer_continua_el_reloj_y_la_pausa_se_dibuja_encima" classname="notas_del_almacen_test" time="0.166">
		</testcase>
		<testcase name="test_izquierdo_y_examen_no_abren_la_hoja_y_la_mano_cargada_suelta" classname="notas_del_almacen_test" time="0.149">
		</testcase>
		<testcase name="test_la_hoja_abierta_no_se_reemplaza_por_otro_foco" classname="notas_del_almacen_test" time="0.140">
		</testcase>
		<testcase name="test_el_corcho_conserva_cinco_hojas_y_solo_dos_ofrecen_lectura" classname="notas_del_almacen_test" time="0.139">
		</testcase>
	</testsuite>
	<testsuite id="158" name="puerta_del_local_test" package="test/escenas/puestos" timestamp="2026-10-09T13:37:25" hostname="localhost" tests="16" failures="0" errors="0" skipped="0" flaky="0" time="5.065">
		<testcase name="test_las_dos_puertas_cumplen_el_contrato_de_interaccion" classname="puerta_del_local_test" time="0.034">
		</testcase>
		<testcase name="test_usar_abre_la_puerta_y_no_se_la_lleva_en_la_mano" classname="puerta_del_local_test" time="0.034">
		</testcase>
		<testcase name="test_el_vano_se_cruza_solo_con_la_puerta_abierta" classname="puerta_del_local_test" time="0.626">
		</testcase>
		<testcase name="test_la_hoja_gira_sobre_su_borde_y_no_sobre_su_centro" classname="puerta_del_local_test" time="0.547">
		</testcase>
		<testcase name="test_un_herraje_que_amplia_la_malla_no_cambia_el_eje_indicado" classname="puerta_del_local_test" time="1.017">
		</testcase>
		<testcase name="test_la_hoja_abierta_entra_al_cuarto_y_no_al_local" classname="puerta_del_local_test" time="0.577">
		</testcase>
		<testcase name="test_cerrar_de_golpe_pone_la_hoja_en_su_lugar_en_el_mismo_paso" classname="puerta_del_local_test" time="0.175">
		</testcase>
		<testcase name="test_tres_puertas_estan_trabadas_y_las_dos_interiores_no" classname="puerta_del_local_test" time="0.033">
		</testcase>
		<testcase name="test_cada_trabada_se_enfoca_desde_el_piso_libre" classname="puerta_del_local_test" time="0.141">
		</testcase>
		<testcase name="test_tocar_una_trabada_diez_veces_avisa_diez_veces_y_no_gira" classname="puerta_del_local_test" time="0.172">
		</testcase>
		<testcase name="test_dos_toques_seguidos_avisan_abrir_y_despues_cerrar" classname="puerta_del_local_test" time="1.002">
		</testcase>
		<testcase name="test_cerrar_al_abrir_la_jornada_no_avisa" classname="puerta_del_local_test" time="0.144">
		</testcase>
		<testcase name="test_solo_el_clic_derecho_acciona_las_puertas_y_sus_sonidos" classname="puerta_del_local_test" time="0.148">
		</testcase>
		<testcase name="test_cada_puerta_pide_su_sonido_al_tocarla" classname="puerta_del_local_test" time="0.145">
		</testcase>
		<testcase name="test_cada_cuerpo_queda_adentro_de_su_hoja" classname="puerta_del_local_test" time="0.141">
		</testcase>
		<testcase name="test_las_puertas_suenan_desde_la_puerta_con_su_audio" classname="puerta_del_local_test" time="0.034">
		</testcase>
	</testsuite>
	<testsuite id="159" name="reloj_de_mesa_test" package="test/escenas/puestos" timestamp="2026-10-09T13:37:30" hostname="localhost" tests="3" failures="0" errors="0" skipped="0" flaky="0" time="0.049">
		<testcase name="test_el_display_dice_exactamente_lo_que_contesta_el_dominio" classname="reloj_de_mesa_test" time="0.011">
		</testcase>
		<testcase name="test_pasada_la_mitad_de_la_noche_que_falla_el_display_queda_en_blanco" classname="reloj_de_mesa_test" time="0.008">
		</testcase>
		<testcase name="test_el_display_no_gira_hacia_la_camara" classname="reloj_de_mesa_test" time="0.009">
		</testcase>
	</testsuite>
	<testsuite id="160" name="tapa_del_contenedor_test" package="test/escenas/puestos" timestamp="2026-10-09T13:37:30" hostname="localhost" tests="1" failures="0" errors="0" skipped="0" flaky="0" time="0.171">
		<testcase name="test_el_izquierdo_en_la_hoja_tira_solo_al_terminar_de_abrir" classname="tapa_del_contenedor_test" time="0.158">
		</testcase>
	</testsuite>
	<testsuite id="161" name="tiro_al_contenedor_test" package="test/escenas/puestos" timestamp="2026-10-09T13:37:30" hostname="localhost" tests="6" failures="0" errors="0" skipped="0" flaky="0" time="2.527">
		<testcase name="test_tirar_cada_aceptado_lo_oculta_y_solo_la_bolsa_cuenta" classname="tiro_al_contenedor_test" time="0.161">
		</testcase>
		<testcase name="test_ambos_destinos_conservan_caja_y_carga_durante_giro" classname="tiro_al_contenedor_test" time="0.149">
		</testcase>
		<testcase name="test_el_lector_es_copia_y_la_noche_lo_vacia_sin_leer_papel_liberado" classname="tiro_al_contenedor_test" time="0.164">
		</testcase>
		<testcase name="test_los_persistentes_vuelven_y_el_util_simula_fisica_otra_vez" classname="tiro_al_contenedor_test" time="1.702">
		</testcase>
		<testcase name="test_examen_y_cierre_bloquean_ambos_clics" classname="tiro_al_contenedor_test" time="0.159">
		</testcase>
		<testcase name="test_la_pausa_no_entrega_eventos_y_reanudar_recupera_el_tiro" classname="tiro_al_contenedor_test" time="0.151">
		</testcase>
	</testsuite>
	<testsuite id="162" name="umbrales_del_edificio_test" package="test/escenas/puestos" timestamp="2026-10-09T13:37:33" hostname="localhost" tests="3" failures="0" errors="0" skipped="0" flaky="0" time="0.316">
		<testcase name="test_el_exterior_no_es_fuente_global_de_reflejos_del_interior" classname="umbrales_del_edificio_test" time="0.009">
		</testcase>
		<testcase name="test_el_paso_al_bano_tiene_piso_visible_de_ambos_lados" classname="umbrales_del_edificio_test" time="0.139">
		</testcase>
		<testcase name="test_el_paso_al_deposito_tiene_piso_visible_de_ambos_lados" classname="umbrales_del_edificio_test" time="0.141">
		</testcase>
	</testsuite>
	<testsuite id="163" name="ventanilla_test" package="test/escenas/puestos" timestamp="2026-10-09T13:37:33" hostname="localhost" tests="16" failures="0" errors="0" skipped="0" flaky="0" time="1.607">
		<testcase name="test_la_ventanilla_esta_en_el_grupo_que_la_mira_puede_enfocar" classname="ventanilla_test" time="0.010">
		</testcase>
		<testcase name="test_la_ventanilla_recibe_al_jugador_y_al_reloj_por_export" classname="ventanilla_test" time="0.011">
		</testcase>
		<testcase name="test_la_ventanilla_sale_con_la_accion_compartida" classname="ventanilla_test" time="0.012">
		</testcase>
		<testcase name="test_la_ventanilla_no_le_escribe_el_transform_al_jugador" classname="ventanilla_test" time="0.009">
		</testcase>
		<testcase name="test_el_almacen_instancia_la_ventanilla_exactamente_una_vez" classname="ventanilla_test" time="0.008">
		</testcase>
		<testcase name="test_tocar_la_ventanilla_clava_al_jugador_y_no_entrega_nada_para_levantar" classname="ventanilla_test" time="0.160">
		</testcase>
		<testcase name="test_el_cableado_de_atender_llega_entero_desde_el_almacen" classname="ventanilla_test" time="0.038">
		</testcase>
		<testcase name="test_el_panel_de_la_ventanilla_llega_con_sus_seis_nodos" classname="ventanilla_test" time="0.011">
		</testcase>
		<testcase name="test_cancelar_con_el_vidrio_cerrado_no_le_devuelve_la_caminata_al_jugador" classname="ventanilla_test" time="0.011">
		</testcase>
		<testcase name="test_abrir_y_cerrar_la_ventanilla_suspende_y_devuelve_el_control" classname="ventanilla_test" time="0.145">
		</testcase>
		<testcase name="test_encuadra_y_vuelve_en_dos_aspectos" classname="ventanilla_test" time="0.341">
		</testcase>
		<testcase name="test_el_izquierdo_suspendido_no_suelta_ni_agarra" classname="ventanilla_test" time="0.174">
		</testcase>
		<testcase name="test_abrir_dos_veces_y_cerrar_el_turno_devuelve_la_primera_pose" classname="ventanilla_test" time="0.146">
		</testcase>
		<testcase name="test_giro_atrasado_preserva_el_encuadre" classname="ventanilla_test" time="0.150">
		</testcase>
		<testcase name="test_el_aspecto_nuevo_se_usa_al_abrir_otra_vez" classname="ventanilla_test" time="0.143">
		</testcase>
		<testcase name="test_datos_invalidos_no_mueven_la_camara" classname="ventanilla_test" time="0.142">
		</testcase>
	</testsuite>
	<testsuite id="164" name="red_de_seguridad_integrada_test" package="test/escenas" timestamp="2026-10-09T13:37:34" hostname="localhost" tests="7" failures="0" errors="0" skipped="0" flaky="0" time="1.103">
		<testcase name="test_el_empujon_que_termino_adentro_se_deshace" classname="red_de_seguridad_integrada_test" time="0.152">
		</testcase>
		<testcase name="test_lo_soltado_adentro_va_al_piso_al_lado_del_jugador" classname="red_de_seguridad_integrada_test" time="0.149">
		</testcase>
		<testcase name="test_encima_de_la_caja_que_ocupa_el_origen" classname="red_de_seguridad_integrada_test" time="0.146">
		</testcase>
		<testcase name="test_el_origen_es_el_ultimo_recurso" classname="red_de_seguridad_integrada_test" time="0.156">
		</testcase>
		<testcase name="test_sin_ningun_candidato_la_red_no_devuelve_a_la_mano" classname="red_de_seguridad_integrada_test" time="0.149">
		</testcase>
		<testcase name="test_rescatar_una_caja_y_una_unidad_no_mueve_la_mercaderia" classname="red_de_seguridad_integrada_test" time="0.149">
		</testcase>
		<testcase name="test_rescatar_las_bolsas_no_las_cuenta_ni_las_descuenta" classname="red_de_seguridad_integrada_test" time="0.150">
		</testcase>
	</testsuite>
	<testsuite id="165" name="reposicion_completa_test" package="test/escenas" timestamp="2026-10-09T13:37:36" hostname="localhost" tests="1" failures="0" errors="0" skipped="0" flaky="0" time="0.201">
		<testcase name="test_reponer_todos_los_huecos_de_la_apertura_cumple_la_tarea" classname="reposicion_completa_test" time="0.185">
		</testcase>
	</testsuite>
	<testsuite id="166" name="reposicion_manual_test" package="test/escenas" timestamp="2026-10-09T13:37:36" hostname="localhost" tests="20" failures="0" errors="0" skipped="0" flaky="0" time="65.744">
		<testcase name="test_vender_no_cambia_lo_que_la_gondola_dibuja" classname="reposicion_manual_test" time="0.228">
		</testcase>
		<testcase name="test_recoger_del_grupo_del_piso_conserva_foco_identidad_y_reposicion" classname="reposicion_manual_test" time="2.050">
		</testcase>
		<testcase name="test_laysntt_no_atraviesa_el_suelo_al_caer_plana_y_recibir_otras_cajas" classname="reposicion_manual_test" time="54.062">
		</testcase>
		<testcase name="test_el_burbaloo_del_piso_no_bloquea_al_jugador" classname="reposicion_manual_test" time="0.179">
		</testcase>
		<testcase name="test_laysntt_y_jorgillo_quedan_sobre_el_suelo_al_mover_la_camara" classname="reposicion_manual_test" time="4.979">
		</testcase>
		<testcase name="test_los_estantes_agrupan_las_unidades_sin_cuerpos_por_producto" classname="reposicion_manual_test" time="0.441">
		</testcase>
		<testcase name="test_reutiliza_el_cuerpo_al_depositar_y_cambia_de_producto" classname="reposicion_manual_test" time="0.157">
		</testcase>
		<testcase name="test_las_unidades_sueltas_caen_y_se_recuperan_sin_perder_su_reserva" classname="reposicion_manual_test" time="0.252">
		</testcase>
		<testcase name="test_otra_jornada_vacia_grupos_mano_y_productos_sueltos" classname="reposicion_manual_test" time="0.164">
		</testcase>
		<testcase name="test_el_frente_se_conserva_al_examinar_y_volver_a_agarrar" classname="reposicion_manual_test" time="0.272">
		</testcase>
		<testcase name="test_actroncito_durextra_y_oremos_se_reponen_con_foco_y_clic_reales" classname="reposicion_manual_test" time="0.694">
		</testcase>
		<testcase name="test_no_hay_productos_3d_iniciales_fuera_del_inventario" classname="reposicion_manual_test" time="0.163">
		</testcase>
		<testcase name="test_cada_unidad_ocupa_un_lugar_distinto_y_la_marca_indica_su_base" classname="reposicion_manual_test" time="0.827">
		</testcase>
		<testcase name="test_el_clic_saca_una_unidad_visible_y_el_estante_la_recibe" classname="reposicion_manual_test" time="0.153">
		</testcase>
		<testcase name="test_con_el_estante_lleno_la_caja_entrega_y_la_gondola_la_rechaza" classname="reposicion_manual_test" time="0.160">
		</testcase>
		<testcase name="test_examinar_no_retira_ni_deposita_y_devuelve_la_unidad_a_la_mira" classname="reposicion_manual_test" time="0.153">
		</testcase>
		<testcase name="test_las_dos_cajas_se_examinan_enteras_y_vuelven_a_la_cintura" classname="reposicion_manual_test" time="0.158">
		</testcase>
		<testcase name="test_solo_la_zona_del_producto_recibe_el_foco_y_el_resto_del_mueble_no_coloca" classname="reposicion_manual_test" time="0.178">
		</testcase>
		<testcase name="test_lo_soltado_queda_sobre_el_piso_o_la_tapa_que_se_mira" classname="reposicion_manual_test" time="0.157">
		</testcase>
		<testcase name="test_sin_superficie_que_valga_se_suelta_como_siempre" classname="reposicion_manual_test" time="0.161">
		</testcase>
	</testsuite>
	<testsuite id="167" name="soporte_del_exterior_test" package="test/escenas" timestamp="2026-10-09T13:38:42" hostname="localhost" tests="2" failures="0" errors="0" skipped="0" flaky="0" time="4.856">
		<testcase name="test_cada_pavimento_tiene_soporte_con_sus_mismos_triangulos" classname="soporte_del_exterior_test" time="0.014">
		</testcase>
		<testcase name="test_los_dos_laterales_reales_dejan_caer_apoyar_y_recoger_un_cuerpo" classname="soporte_del_exterior_test" time="4.817">
		</testcase>
	</testsuite>
	<testsuite id="168" name="tickets_del_cierre_test" package="test/escenas" timestamp="2026-10-09T13:38:46" hostname="localhost" tests="7" failures="0" errors="0" skipped="0" flaky="0" time="1.388">
		<testcase name="test_un_ticket_y_dos_en_otra_noche_suman_un_medio_cada_vez" classname="tickets_del_cierre_test" time="0.185">
		</testcase>
		<testcase name="test_balde_y_mopa_en_el_inodoro_no_anotan_papel" classname="tickets_del_cierre_test" time="0.168">
		</testcase>
		<testcase name="test_tickets_adentro_afuera_y_recuperados_al_cerrar" classname="tickets_del_cierre_test" time="0.205">
		</testcase>
		<testcase name="test_sostener_y_examinar_tickets_cambia_el_llamado_al_cerrar" classname="tickets_del_cierre_test" time="0.234">
		</testcase>
		<testcase name="test_tirar_el_ticket_al_contenedor_no_agrega_un_llamado" classname="tickets_del_cierre_test" time="0.178">
		</testcase>
		<testcase name="test_tres_motivos_con_grave_son_siete_y_la_noche_nueva_conserva_deuda" classname="tickets_del_cierre_test" time="0.190">
		</testcase>
		<testcase name="test_eventos_en_placa_no_contaminan_la_noche_siguiente_ni_repiten_cierre" classname="tickets_del_cierre_test" time="0.170">
		</testcase>
	</testsuite>
	<testsuite id="169" name="unidades_sueltas_del_cierre_test" package="test/escenas" timestamp="2026-10-09T13:38:48" hostname="localhost" tests="5" failures="0" errors="0" skipped="0" flaky="0" time="2.763">
		<testcase name="test_suelta_en_cada_habitacion_cuenta_aunque_el_grupo_oculte_su_malla" classname="unidades_sueltas_del_cierre_test" time="0.171">
		</testcase>
		<testcase name="test_devolver_o_colocar_retira_suelta_y_no_cuenta_el_repuesto" classname="unidades_sueltas_del_cierre_test" time="0.179">
		</testcase>
		<testcase name="test_apoyada_sobre_una_caja_del_deposito_sigue_siendo_suelta" classname="unidades_sueltas_del_cierre_test" time="2.021">
		</testcase>
		<testcase name="test_la_unidad_en_examen_vuelve_a_la_foto_sin_reingresar_al_grupo" classname="unidades_sueltas_del_cierre_test" time="0.171">
		</testcase>
		<testcase name="test_recuperar_la_unidad_de_afuera_y_soltar_adentro_cambia_el_motivo" classname="unidades_sueltas_del_cierre_test" time="0.172">
		</testcase>
	</testsuite>
	<testsuite id="170" name="un_lugar_por_producto_test" package="test/escenas" timestamp="2026-10-09T13:38:51" hostname="localhost" tests="10" failures="0" errors="0" skipped="0" flaky="0" time="8.794">
		<testcase name="test_la_mano_gira_el_frente_de_la_tanda_hacia_la_camara" classname="un_lugar_por_producto_test" time="0.009">
		</testcase>
		<testcase name="test_en_la_mano_lo_de_una_cabecera_va_derecho_como_lo_de_un_estante_plano" classname="un_lugar_por_producto_test" time="0.251">
		</testcase>
		<testcase name="test_lo_agarrado_de_una_cabecera_va_derecho_como_lo_de_un_estante_plano" classname="un_lugar_por_producto_test" time="0.271">
		</testcase>
		<testcase name="test_cada_producto_se_repone_en_una_sola_tanda_y_lo_repetido_es_fijo" classname="un_lugar_por_producto_test" time="0.218">
		</testcase>
		<testcase name="test_el_casillero_de_cada_producto_esta_al_alcance_desde_el_pasillo" classname="un_lugar_por_producto_test" time="3.017">
		</testcase>
		<testcase name="test_las_dos_filas_dan_al_pasillo" classname="un_lugar_por_producto_test" time="1.110">
		</testcase>
		<testcase name="test_la_fila_de_atras_se_ve_entera_desde_que_abre" classname="un_lugar_por_producto_test" time="0.212">
		</testcase>
		<testcase name="test_la_jornada_1_abre_con_lo_que_dice_la_ficha" classname="un_lugar_por_producto_test" time="0.160">
		</testcase>
		<testcase name="test_se_enfoca_y_agarra_una_unidad_de_cada_producto_desde_el_pasillo" classname="un_lugar_por_producto_test" time="3.135">
		</testcase>
		<testcase name="test_una_tanda_de_una_fila_no_deja_unidades_detras_al_vaciarla" classname="un_lugar_por_producto_test" time="0.317">
		</testcase>
	</testsuite>
	<testsuite id="171" name="uso_directo_test" package="test/escenas" timestamp="2026-10-09T13:38:59" hostname="localhost" tests="4" failures="0" errors="0" skipped="0" flaky="0" time="0.122">
		<testcase name="test_clic_derecho_usa_el_objetivo_sin_disparar_la_limpieza" classname="uso_directo_test" time="0.022">
		</testcase>
		<testcase name="test_un_objetivo_sin_uso_propio_conserva_el_uso_de_limpieza" classname="uso_directo_test" time="0.017">
		</testcase>
		<testcase name="test_clic_izquierdo_no_acciona_la_tapa" classname="uso_directo_test" time="0.017">
		</testcase>
		<testcase name="test_la_pausa_impide_accionar_la_tapa" classname="uso_directo_test" time="0.018">
		</testcase>
	</testsuite>
	<testsuite id="172" name="uso_en_el_almacen_test" package="test/escenas" timestamp="2026-10-09T13:38:59" hostname="localhost" tests="10" failures="0" errors="0" skipped="0" flaky="0" time="2.607">
		<testcase name="test_la_accion_tiene_nombre_unico_y_clic_derecho" classname="uso_en_el_almacen_test" time="0.105">
		</testcase>
		<testcase name="test_el_jugador_declara_un_solo_pedido_tipado" classname="uso_en_el_almacen_test" time="0.021">
		</testcase>
		<testcase name="test_sin_foco_o_suspendido_no_emite_y_al_reanudar_si" classname="uso_en_el_almacen_test" time="0.020">
		</testcase>
		<testcase name="test_el_clic_derecho_limpia_una_mancha_de_punta_a_punta" classname="uso_en_el_almacen_test" time="0.873">
		</testcase>
		<testcase name="test_usar_cierra_cada_panel_sin_pasada_ni_pedido_y_el_reloj_avanza" classname="uso_en_el_almacen_test" time="0.346">
		</testcase>
		<testcase name="test_el_derecho_abre_las_dos_puertas_con_cualquier_mano" classname="uso_en_el_almacen_test" time="0.210">
		</testcase>
		<testcase name="test_el_izquierdo_no_abre_lo_fijo_y_suelta_la_unidad" classname="uso_en_el_almacen_test" time="0.179">
		</testcase>
		<testcase name="test_el_derecho_abre_y_cierra_paneles_con_cualquier_mano" classname="uso_en_el_almacen_test" time="0.396">
		</testcase>
		<testcase name="test_la_trabada_con_mopa_avisa_sin_pedir_limpieza" classname="uso_en_el_almacen_test" time="0.185">
		</testcase>
		<testcase name="test_con_otro_control_suspendido_el_derecho_no_abre_lo_fijo" classname="uso_en_el_almacen_test" time="0.178">
		</testcase>
	</testsuite>
	<testsuite id="173" name="volumen_de_los_solidos_test" package="test/escenas" timestamp="2026-10-09T13:39:02" hostname="localhost" tests="5" failures="0" errors="0" skipped="0" flaky="0" time="1.016">
		<testcase name="test_el_corte_sale_del_agarrable_mas_chico" classname="volumen_de_los_solidos_test" time="0.184">
		</testcase>
		<testcase name="test_cada_pieza_donde_cabe_un_objeto_tiene_volumen" classname="volumen_de_los_solidos_test" time="0.312">
		</testcase>
		<testcase name="test_una_pieza_nueva_sin_volumen_se_nombra_y_una_exencion_vacia_no_la_salva" classname="volumen_de_los_solidos_test" time="0.018">
		</testcase>
		<testcase name="test_cada_caja_de_volumen_va_por_dentro_de_la_malla_visible" classname="volumen_de_los_solidos_test" time="0.242">
		</testcase>
		<testcase name="test_todo_lo_que_se_suelta_choca_con_la_capa_del_contorno" classname="volumen_de_los_solidos_test" time="0.203">
		</testcase>
	</testsuite>
	<testsuite id="174" name="guardado_de_la_sesion_test" package="test" timestamp="2026-10-09T13:39:03" hostname="localhost" tests="2" failures="0" errors="0" skipped="0" flaky="0" time="0.073">
		<testcase name="test_limpiar_una_sesion_nueva_no_emite_errores" classname="guardado_de_la_sesion_test" time="0.023">
		</testcase>
		<testcase name="test_limpiar_retira_su_guardado_y_conserva_la_carpeta_vecina" classname="guardado_de_la_sesion_test" time="0.020">
		</testcase>
	</testsuite>
	<testsuite id="175" name="medir_agua_fuera_de_camara_test" package="test/performance" timestamp="2026-10-09T13:39:03" hostname="localhost" tests="4" failures="0" errors="0" skipped="0" flaky="0" time="0.151">
		<testcase name="test_el_balde_se_mueve_en_cada_paso_sin_salir_de_su_lugar" classname="medir_agua_fuera_de_camara_test" time="0.020">
		</testcase>
		<testcase name="test_la_caja_queda_fuera_de_un_encuadre_y_entera_adentro_del_otro" classname="medir_agua_fuera_de_camara_test" time="0.025">
		</testcase>
		<testcase name="test_una_caja_que_cruza_el_borde_no_esta_fuera_ni_entera_adentro" classname="medir_agua_fuera_de_camara_test" time="0.021">
		</testcase>
		<testcase name="test_avanzar_cambia_el_estado_de_la_simulacion_en_cada_paso" classname="medir_agua_fuera_de_camara_test" time="0.032">
		</testcase>
	</testsuite>
	<testsuite id="176" name="medir_luces_test" package="test/performance" timestamp="2026-10-09T13:39:03" hostname="localhost" tests="2" failures="0" errors="0" skipped="0" flaky="0" time="0.069">
		<testcase name="test_las_luces_se_reparten_adentro_del_techo_sin_encimarse" classname="medir_luces_test" time="0.021">
		</testcase>
		<testcase name="test_cada_caso_crea_la_cantidad_el_tipo_y_la_sombra_que_dice" classname="medir_luces_test" time="0.019">
		</testcase>
	</testsuite>
	<testsuite id="177" name="medir_malla_liquida_test" package="test/performance" timestamp="2026-10-09T13:39:03" hostname="localhost" tests="4" failures="0" errors="0" skipped="0" flaky="0" time="0.154">
		<testcase name="test_las_poses_cruzan_cuatro_niveles_con_tres_fases_sin_repetir" classname="medir_malla_liquida_test" time="0.014">
		</testcase>
		<testcase name="test_cada_pose_dibuja_la_malla_entera_y_deja_activa_la_superficie" classname="medir_malla_liquida_test" time="0.037">
		</testcase>
		<testcase name="test_el_nivel_cambia_la_malla_del_balde_y_la_fase_la_de_la_mancha" classname="medir_malla_liquida_test" time="0.029">
		</testcase>
		<testcase name="test_el_pedido_transitorio_ve_un_array_que_nace_y_muere_en_la_llamada" classname="medir_malla_liquida_test" time="0.036">
		</testcase>
	</testsuite>
	<testsuite id="178" name="medir_ondas_del_balde_test" package="test/performance" timestamp="2026-10-09T13:39:04" hostname="localhost" tests="4" failures="0" errors="0" skipped="0" flaky="0" time="0.717">
		<testcase name="test_el_protocolo_cubre_sus_seis_deltas_con_impulsos_y_aceleracion_variable" classname="medir_ondas_del_balde_test" time="0.013">
		</testcase>
		<testcase name="test_el_protocolo_da_los_mismos_600_estados_dos_veces_y_mueve_el_agua" classname="medir_ondas_del_balde_test" time="0.601">
		</testcase>
		<testcase name="test_la_huella_cambia_con_un_solo_valor_del_estado" classname="medir_ondas_del_balde_test" time="0.017">
		</testcase>
		<testcase name="test_las_pasadas_de_tiempo_dejan_el_campo_activo_y_su_mediana" classname="medir_ondas_del_balde_test" time="0.037">
		</testcase>
	</testsuite>
	<testsuite id="179" name="medir_reposicion_test" package="test/performance" timestamp="2026-10-09T13:39:04" hostname="localhost" tests="4" failures="0" errors="0" skipped="0" flaky="0" time="0.416">
		<testcase name="test_agrupar_el_piso_conserva_los_cuerpos_y_reduce_las_vistas" classname="medir_reposicion_test" time="0.020">
		</testcase>
		<testcase name="test_el_percentil_no_confunde_un_pico_con_la_mediana" classname="medir_reposicion_test" time="0.015">
		</testcase>
		<testcase name="test_la_carga_conserva_cantidades_y_colisiones_reales" classname="medir_reposicion_test" time="0.164">
		</testcase>
		<testcase name="test_la_carga_pone_la_deteccion_continua_solo_si_el_juego_la_pone" classname="medir_reposicion_test" time="0.179">
		</testcase>
	</testsuite>
	<testsuite id="180" name="medir_sombreado_test" package="test/performance" timestamp="2026-10-09T13:39:05" hostname="localhost" tests="7" failures="0" errors="0" skipped="0" flaky="0" time="0.197">
		<testcase name="test_el_panel_ocupa_la_vista_entera" classname="medir_sombreado_test" time="0.022">
		</testcase>
		<testcase name="test_cada_caso_dibuja_el_shader_compartido_con_parametros_que_declara" classname="medir_sombreado_test" time="0.020">
		</testcase>
		<testcase name="test_los_casos_de_agua_cubren_malla_mezcla_alfa_cero_y_ondas_de_textura" classname="medir_sombreado_test" time="0.020">
		</testcase>
		<testcase name="test_las_ondas_del_bano_no_son_planas" classname="medir_sombreado_test" time="0.015">
		</testcase>
		<testcase name="test_el_agua_lee_las_ondas_solo_sin_normales_de_malla" classname="medir_sombreado_test" time="0.015">
		</testcase>
		<testcase name="test_los_casos_de_manchas_cubren_polvo_seco_acuoso_alfa_cero_y_los_controles" classname="medir_sombreado_test" time="0.018">
		</testcase>
		<testcase name="test_el_polvo_no_calcula_el_ruido_que_usan_el_moho_y_la_caca" classname="medir_sombreado_test" time="0.012">
		</testcase>
	</testsuite>
	<testsuite id="181" name="computadora_de_escritorio_test" package="test/sistemas/investigacion" timestamp="2026-10-09T13:39:05" hostname="localhost" tests="18" failures="0" errors="0" skipped="0" flaky="0" time="0.543">
		<testcase name="test_la_secuencia_entera_no_descuenta_un_solo_segundo" classname="computadora_de_escritorio_test" time="0.017">
		</testcase>
		<testcase name="test_treinta_segundos_con_la_computadora_abierta_cuestan_lo_mismo_que_sin_ella" classname="computadora_de_escritorio_test" time="0.023">
		</testcase>
		<testcase name="test_ningun_archivo_de_la_cascara_pausa_el_juego" classname="computadora_de_escritorio_test" time="0.016">
		</testcase>
		<testcase name="test_lo_leido_y_lo_anotado_sobreviven_a_cambiar_de_app_y_a_cerrar" classname="computadora_de_escritorio_test" time="0.018">
		</testcase>
		<testcase name="test_la_planilla_en_cero_de_una_noche_sin_ventas_cumple_registrar" classname="computadora_de_escritorio_test" time="0.029">
		</testcase>
		<testcase name="test_anotar_lo_vendido_cumple_registrar_con_el_ultimo_gesto" classname="computadora_de_escritorio_test" time="0.018">
		</testcase>
		<testcase name="test_una_unidad_de_mas_descumple_y_restarla_vuelve_a_cumplir" classname="computadora_de_escritorio_test" time="0.024">
		</testcase>
		<testcase name="test_una_venta_nueva_descumple_registrar_y_anotarla_la_cumple" classname="computadora_de_escritorio_test" time="0.022">
		</testcase>
		<testcase name="test_otra_noche_reinicia_las_tres_anotadas_y_cumple_registrar" classname="computadora_de_escritorio_test" time="0.024">
		</testcase>
		<testcase name="test_el_cierre_cuenta_la_planilla_de_ese_instante" classname="computadora_de_escritorio_test" time="0.015">
		</testcase>
		<testcase name="test_una_noche_sin_ventas_cierra_con_registrar_cumplida" classname="computadora_de_escritorio_test" time="0.017">
		</testcase>
		<testcase name="test_anotar_antes_de_vender_se_cumple_con_el_cobro" classname="computadora_de_escritorio_test" time="0.019">
		</testcase>
		<testcase name="test_rechazar_un_cobro_y_despachar_sin_vender_conservan_registrar" classname="computadora_de_escritorio_test" time="0.019">
		</testcase>
		<testcase name="test_revisar_registro_sin_cableado_avisa_el_error" classname="computadora_de_escritorio_test" time="0.032">
		</testcase>
		<testcase name="test_cada_gesto_que_cambia_una_fila_avisa_a_la_pantalla" classname="computadora_de_escritorio_test" time="0.023">
		</testcase>
		<testcase name="test_completar_una_tarea_aparte_no_le_sube_el_contador_al_turno" classname="computadora_de_escritorio_test" time="0.015">
		</testcase>
		<testcase name="test_los_casilleros_y_los_interlocutores_no_se_escriben_en_la_cascara" classname="computadora_de_escritorio_test" time="0.015">
		</testcase>
		<testcase name="test_los_ocho_archivos_de_dominio_y_sistemas_tienen_su_espejo" classname="computadora_de_escritorio_test" time="0.019">
		</testcase>
	</testsuite>
	<testsuite id="182" name="examen_con_efectos_test" package="test/sistemas/investigacion" timestamp="2026-10-09T13:39:05" hostname="localhost" tests="2" failures="0" errors="0" skipped="0" flaky="0" time="0.041">
		<testcase name="test_las_gotas_del_mundo_no_alejan_el_objeto_examinado" classname="examen_con_efectos_test" time="0.013">
		</testcase>
		<testcase name="test_la_geometria_oculta_no_cambia_la_distancia_de_examen" classname="examen_con_efectos_test" time="0.010">
		</testcase>
	</testsuite>
	<testsuite id="183" name="examen_test" package="test/sistemas/investigacion" timestamp="2026-10-09T13:39:05" hostname="localhost" tests="19" failures="0" errors="0" skipped="0" flaky="0" time="0.297">
		<testcase name="test_la_caja_grande_se_examina_mas_lejos_que_la_chica" classname="examen_test" time="0.008">
		</testcase>
		<testcase name="test_lo_chico_se_examina_a_la_distancia_de_siempre" classname="examen_test" time="0.013">
		</testcase>
		<testcase name="test_examinar_de_nuevo_la_misma_caja_da_la_misma_distancia" classname="examen_test" time="0.009">
		</testcase>
		<testcase name="test_las_dos_cajas_vuelven_del_examen_a_la_cintura" classname="examen_test" time="0.012">
		</testcase>
		<testcase name="test_sin_nada_en_la_mano_no_arranca_ningun_examen" classname="examen_test" time="0.009">
		</testcase>
		<testcase name="test_examinar_lo_que_se_lleva_lo_centra_y_avisa" classname="examen_test" time="0.008">
		</testcase>
		<testcase name="test_el_primer_examen_revela_y_el_segundo_ya_no" classname="examen_test" time="0.011">
		</testcase>
		<testcase name="test_terminar_devuelve_el_objeto_a_la_mano_y_avisa" classname="examen_test" time="0.009">
		</testcase>
		<testcase name="test_el_mouse_gira_lo_examinado_solo_arrastrando" classname="examen_test" time="0.011">
		</testcase>
		<testcase name="test_las_teclas_giran_lo_examinado_sobre_los_dos_ejes" classname="examen_test" time="0.008">
		</testcase>
		<testcase name="test_girar_sin_examinar_nada_no_rompe" classname="examen_test" time="0.009">
		</testcase>
		<testcase name="test_lo_fijo_enfocado_se_piensa_sin_agarrarlo" classname="examen_test" time="0.010">
		</testcase>
		<testcase name="test_lo_que_se_lleva_le_gana_a_lo_enfocado" classname="examen_test" time="0.007">
		</testcase>
		<testcase name="test_examinar_dos_veces_seguidas_sin_terminar_no_reabre_nada" classname="examen_test" time="0.008">
		</testcase>
		<testcase name="test_el_clic_mientras_se_examina_no_cierra_ni_suelta" classname="examen_test" time="0.011">
		</testcase>
		<testcase name="test_sin_examinar_nada_el_clic_pasa_de_largo" classname="examen_test" time="0.008">
		</testcase>
		<testcase name="test_la_e_alterna_entre_examinar_y_volver" classname="examen_test" time="0.012">
		</testcase>
		<testcase name="test_sin_punto_de_examen_la_e_no_se_pasa_a_revelar_lo_enfocado" classname="examen_test" time="0.011">
		</testcase>
		<testcase name="test_la_e_con_manos_vacias_no_examina_ni_revela_un_levantable" classname="examen_test" time="0.013">
		</testcase>
	</testsuite>
	<testsuite id="184" name="agarre_test" package="test/sistemas/marco" timestamp="2026-10-09T13:39:06" hostname="localhost" tests="19" failures="0" errors="0" skipped="0" flaky="0" time="0.292">
		<testcase name="test_agarrar_cuelga_el_objeto_del_punto_de_carga" classname="agarre_test" time="0.010">
		</testcase>
		<testcase name="test_agarrar_congela_la_fisica_de_lo_que_se_lleva" classname="agarre_test" time="0.011">
		</testcase>
		<testcase name="test_soltar_conserva_la_orientacion_mundial_de_la_mano" classname="agarre_test" time="0.010">
		</testcase>
		<testcase name="test_lo_suelto_no_se_mueve_con_la_camara_y_vuelve_a_seguir_la_mano" classname="agarre_test" time="0.010">
		</testcase>
		<testcase name="test_con_las_manos_llenas_se_rechaza_y_no_se_mueve_nada" classname="agarre_test" time="0.012">
		</testcase>
		<testcase name="test_lo_sostenido_se_puede_mover_a_otro_punto_sin_soltarlo" classname="agarre_test" time="0.006">
		</testcase>
		<testcase name="test_devolver_a_la_mano_vuelve_al_punto_de_donde_salio" classname="agarre_test" time="0.007">
		</testcase>
		<testcase name="test_despues_de_soltar_devolver_no_usa_el_punto_de_lo_anterior" classname="agarre_test" time="0.011">
		</testcase>
		<testcase name="test_con_las_manos_vacias_no_hay_nada_que_mover" classname="agarre_test" time="0.007">
		</testcase>
		<testcase name="test_soltar_al_frente_lleva_el_objeto_al_punto_de_soltado" classname="agarre_test" time="0.010">
		</testcase>
		<testcase name="test_soltar_sin_lugar_adelante_lo_deja_en_el_respaldo" classname="agarre_test" time="0.008">
		</testcase>
		<testcase name="test_vaciar_las_manos_vacias_no_avisa_nada" classname="agarre_test" time="0.009">
		</testcase>
		<testcase name="test_vaciar_las_manos_llenas_deja_lo_que_habia_en_el_respaldo" classname="agarre_test" time="0.011">
		</testcase>
		<testcase name="test_el_clic_agarra_y_despues_suelta" classname="agarre_test" time="0.008">
		</testcase>
		<testcase name="test_agarrar_suspende_y_soltar_restaura_colisiones" classname="agarre_test" time="0.010">
		</testcase>
		<testcase name="test_dos_agarres_con_examen_restauran_sus_colisiones" classname="agarre_test" time="0.007">
		</testcase>
		<testcase name="test_vaciar_restaura_colisiones" classname="agarre_test" time="0.008">
		</testcase>
		<testcase name="test_agarrar_y_soltar_un_nodo_sin_colisiones" classname="agarre_test" time="0.010">
		</testcase>
		<testcase name="test_el_lector_conserva_identidad_sin_mutar_y_se_vacia_al_salir" classname="agarre_test" time="0.011">
		</testcase>
	</testsuite>
	<testsuite id="185" name="calentamiento_de_shaders_test" package="test/sistemas/marco" timestamp="2026-10-09T13:39:06" hostname="localhost" tests="19" failures="0" errors="0" skipped="0" flaky="0" time="0.609">
		<testcase name="test_un_cuadro_por_material_nuevo" classname="calentamiento_de_shaders_test" time="0.017">
		</testcase>
		<testcase name="test_el_material_de_un_multimesh_cuenta_como_nuevo" classname="calentamiento_de_shaders_test" time="0.010">
		</testcase>
		<testcase name="test_el_material_reemplazado_en_una_superficie_cuenta_como_nuevo" classname="calentamiento_de_shaders_test" time="0.012">
		</testcase>
		<testcase name="test_los_que_repiten_material_se_destapan_juntos" classname="calentamiento_de_shaders_test" time="0.008">
		</testcase>
		<testcase name="test_termina_con_todo_visible_y_la_camara_de_antes" classname="calentamiento_de_shaders_test" time="0.022">
		</testcase>
		<testcase name="test_lo_oculto_se_dibuja_y_vuelve_a_quedar_oculto" classname="calentamiento_de_shaders_test" time="0.019">
		</testcase>
		<testcase name="test_el_modelo_reemplazado_no_se_destapa_durante_el_calentamiento" classname="calentamiento_de_shaders_test" time="0.018">
		</testcase>
		<testcase name="test_una_escena_sin_objetos_termina_igual" classname="calentamiento_de_shaders_test" time="0.013">
		</testcase>
		<testcase name="test_antes_de_calentar_no_hace_nada" classname="calentamiento_de_shaders_test" time="0.010">
		</testcase>
		<testcase name="test_los_objetos_movibles_se_dibujan_tambien_sin_los_focos_del_cuarto" classname="calentamiento_de_shaders_test" time="0.032">
		</testcase>
		<testcase name="test_el_contorno_se_dibuja_antes_de_jugar_y_se_retira_al_terminar" classname="calentamiento_de_shaders_test" time="0.013">
		</testcase>
		<testcase name="test_el_calentamiento_restaura_el_pase_y_los_uniformes_del_foco_previo" classname="calentamiento_de_shaders_test" time="0.012">
		</testcase>
		<testcase name="test_las_gotas_se_calientan_con_omni_y_area_sin_mover_el_lote_real" classname="calentamiento_de_shaders_test" time="0.054">
		</testcase>
		<testcase name="test_cancelar_el_calentamiento_restaura_luces_y_gotas_y_libera_muestras" classname="calentamiento_de_shaders_test" time="0.038">
		</testcase>
		<testcase name="test_fuera_de_la_web_la_plantilla_no_enlaza_en_paralelo" classname="calentamiento_de_shaders_test" time="0.008">
		</testcase>
		<testcase name="test_con_cola_la_pasada_destapa_todos_sus_objetos_en_un_cuadro" classname="calentamiento_de_shaders_test" time="0.011">
		</testcase>
		<testcase name="test_no_termina_mientras_quedan_programas_en_cola" classname="calentamiento_de_shaders_test" time="0.074">
		</testcase>
		<testcase name="test_las_pasadas_no_esperan_la_cola_y_el_final_espera_la_de_la_ultima" classname="calentamiento_de_shaders_test" time="0.075">
		</testcase>
		<testcase name="test_con_cola_el_progreso_sale_de_los_programas_que_terminaron" classname="calentamiento_de_shaders_test" time="0.040">
		</testcase>
	</testsuite>
	<testsuite id="186" name="carga_en_segundo_plano_test" package="test/sistemas/marco" timestamp="2026-10-09T13:39:07" hostname="localhost" tests="7" failures="0" errors="0" skipped="0" flaky="0" time="4.855">
		<testcase name="test_sin_pedido_el_progreso_es_cero" classname="carga_en_segundo_plano_test" time="0.015">
		</testcase>
		<testcase name="test_una_escena_que_existe_emite_lista_una_sola_vez" classname="carga_en_segundo_plano_test" time="0.077">
		</testcase>
		<testcase name="test_una_ruta_que_no_existe_emite_fallo_una_sola_vez" classname="carga_en_segundo_plano_test" time="0.094">
		</testcase>
		<testcase name="test_un_pedido_con_la_carga_en_curso_no_arranca_otra" classname="carga_en_segundo_plano_test" time="4.208">
		</testcase>
		<testcase name="test_despues_de_un_fallo_un_pedido_nuevo_vuelve_a_emitir" classname="carga_en_segundo_plano_test" time="0.254">
		</testcase>
		<testcase name="test_liberarla_con_la_carga_en_curso_no_deja_la_carga_colgada" classname="carga_en_segundo_plano_test" time="0.009">
		</testcase>
		<testcase name="test_una_escena_ya_cargada_llega_sin_volver_a_cargarla" classname="carga_en_segundo_plano_test" time="0.149">
		</testcase>
	</testsuite>
	<testsuite id="187" name="ciclo_de_jornadas_test" package="test/sistemas/marco" timestamp="2026-10-09T13:39:12" hostname="localhost" tests="5" failures="0" errors="0" skipped="0" flaky="0" time="0.098">
		<testcase name="test_arrancar_deja_el_reloj_corriendo_con_las_tareas_alcanzables" classname="ciclo_de_jornadas_test" time="0.014">
		</testcase>
		<testcase name="test_la_partida_entera_cierra_cada_jornada_incluida_la_ultima" classname="ciclo_de_jornadas_test" time="0.010">
		</testcase>
		<testcase name="test_sobre_una_partida_que_termino_no_se_abre_nada_ni_se_emite_nada" classname="ciclo_de_jornadas_test" time="0.013">
		</testcase>
		<testcase name="test_el_ciclo_no_decide_como_pesa_una_jornada" classname="ciclo_de_jornadas_test" time="0.010">
		</testcase>
		<testcase name="test_agotar_avisa_una_vez_antes_del_registro_y_del_cierre" classname="ciclo_de_jornadas_test" time="0.014">
		</testcase>
	</testsuite>
	<testsuite id="188" name="control_de_pausa_test" package="test/sistemas/marco" timestamp="2026-10-09T13:39:12" hostname="localhost" tests="8" failures="0" errors="0" skipped="0" flaky="0" time="0.158">
		<testcase name="test_esc_pausa_el_arbol_y_otro_esc_lo_reanuda" classname="control_de_pausa_test" time="0.011">
		</testcase>
		<testcase name="test_el_nodo_corre_tambien_en_pausa" classname="control_de_pausa_test" time="0.010">
		</testcase>
		<testcase name="test_con_la_placa_en_pantalla_esc_no_hace_nada" classname="control_de_pausa_test" time="0.013">
		</testcase>
		<testcase name="test_perder_el_cursor_que_el_juego_tenia_tomado_pausa" classname="control_de_pausa_test" time="0.013">
		</testcase>
		<testcase name="test_el_cursor_que_suelta_el_juego_no_pausa" classname="control_de_pausa_test" time="0.013">
		</testcase>
		<testcase name="test_volver_al_menu_sale_de_la_pausa_y_pide_el_menu_una_vez" classname="control_de_pausa_test" time="0.009">
		</testcase>
		<testcase name="test_reanudar_fuera_de_la_pausa_no_avisa" classname="control_de_pausa_test" time="0.009">
		</testcase>
		<testcase name="test_fuera_del_arbol_deja_de_mirar_el_cursor" classname="control_de_pausa_test" time="0.012">
		</testcase>
	</testsuite>
	<testsuite id="189" name="enlace_de_audio_test" package="test/sistemas/marco" timestamp="2026-10-09T13:39:12" hostname="localhost" tests="9" failures="0" errors="0" skipped="0" flaky="0" time="0.223">
		<testcase name="test_enlaza_las_tres_aridades_leyendolas_del_motor" classname="enlace_de_audio_test" time="0.012">
		</testcase>
		<testcase name="test_una_fuente_que_no_declara_la_senal_no_se_enlaza_y_se_declara" classname="enlace_de_audio_test" time="0.011">
		</testcase>
		<testcase name="test_los_dos_rubros_parten_el_enum_sin_solaparse" classname="enlace_de_audio_test" time="0.010">
		</testcase>
		<testcase name="test_enlazar_dos_veces_no_duplica_la_conexion" classname="enlace_de_audio_test" time="0.013">
		</testcase>
		<testcase name="test_dos_fuentes_con_la_misma_senal_suenan_las_dos" classname="enlace_de_audio_test" time="0.010">
		</testcase>
		<testcase name="test_una_fila_sin_senal_queda_sin_fuente_y_no_rompe_nada" classname="enlace_de_audio_test" time="0.009">
		</testcase>
		<testcase name="test_una_fila_con_un_bus_no_declarado_no_se_enlaza" classname="enlace_de_audio_test" time="0.009">
		</testcase>
		<testcase name="test_soltar_no_suena_y_el_objeto_suena_al_tocar_algo" classname="enlace_de_audio_test" time="0.011">
		</testcase>
		<testcase name="test_los_gestos_con_el_balde_suenan_planos_y_un_uso_sin_efecto_no" classname="enlace_de_audio_test" time="0.057">
		</testcase>
	</testsuite>
	<testsuite id="190" name="enlace_de_guardado_test" package="test/sistemas/marco" timestamp="2026-10-09T13:39:12" hostname="localhost" tests="6" failures="0" errors="0" skipped="0" flaky="0" time="0.144">
		<testcase name="test_el_cierre_de_una_jornada_intermedia_guarda_una_vez" classname="enlace_de_guardado_test" time="0.019">
		</testcase>
		<testcase name="test_el_ultimo_cierre_borra_con_una_sola_llamada" classname="enlace_de_guardado_test" time="0.017">
		</testcase>
		<testcase name="test_dos_noches_graves_seguidas_borran_el_guardado" classname="enlace_de_guardado_test" time="0.015">
		</testcase>
		<testcase name="test_un_disco_que_falla_no_frena_la_partida" classname="enlace_de_guardado_test" time="0.014">
		</testcase>
		<testcase name="test_el_enlace_no_decide" classname="enlace_de_guardado_test" time="0.013">
		</testcase>
		<testcase name="test_el_checkpoint_ya_contiene_los_siete_medios_del_cierre" classname="enlace_de_guardado_test" time="0.014">
		</testcase>
	</testsuite>
	<testsuite id="191" name="guardado_test" package="test/sistemas/marco" timestamp="2026-10-09T13:39:12" hostname="localhost" tests="11" failures="0" errors="0" skipped="0" flaky="0" time="0.240">
		<testcase name="test_ida_y_vuelta_por_disco_con_los_tipos_intactos" classname="guardado_test" time="0.015">
		</testcase>
		<testcase name="test_lo_que_falta_o_esta_mal_tipado_en_disco_vuelve_con_su_defecto" classname="guardado_test" time="0.021">
		</testcase>
		<testcase name="test_una_version_futura_no_carga_y_no_se_borra" classname="guardado_test" time="0.018">
		</testcase>
		<testcase name="test_un_guardado_sin_version_carga" classname="guardado_test" time="0.011">
		</testcase>
		<testcase name="test_sin_archivo_cargar_da_vacio" classname="guardado_test" time="0.011">
		</testcase>
		<testcase name="test_un_archivo_corrupto_da_vacio_y_se_borra" classname="guardado_test" time="0.012">
		</testcase>
		<testcase name="test_un_archivo_que_no_es_un_diccionario_tambien_es_corrupto" classname="guardado_test" time="0.012">
		</testcase>
		<testcase name="test_borrar_saca_el_archivo" classname="guardado_test" time="0.011">
		</testcase>
		<testcase name="test_retomar_arranca_donde_quedo" classname="guardado_test" time="0.012">
		</testcase>
		<testcase name="test_un_guardado_nuevo_toma_la_ruta_por_defecto" classname="guardado_test" time="0.008">
		</testcase>
		<testcase name="test_archivo_real_con_medios_antiguo_y_mal_tipo" classname="guardado_test" time="0.030">
		</testcase>
	</testsuite>
	<testsuite id="192" name="locutor_test" package="test/sistemas/marco" timestamp="2026-10-09T13:39:12" hostname="localhost" tests="8" failures="0" errors="0" skipped="0" flaky="0" time="0.125">
		<testcase name="test_abrir_publica_la_primera_y_cada_click_izquierdo_publica_una" classname="locutor_test" time="0.009">
		</testcase>
		<testcase name="test_abrir_otro_dialogo_rechaza_sin_emitir_ni_reemplazar" classname="locutor_test" time="0.013">
		</testcase>
		<testcase name="test_derecho_soltado_y_otro_evento_no_avanzan" classname="locutor_test" time="0.009">
		</testcase>
		<testcase name="test_el_click_sin_dialogo_no_emite" classname="locutor_test" time="0.007">
		</testcase>
		<testcase name="test_no_se_puede_cerrar_una_conversacion_a_mitad" classname="locutor_test" time="0.010">
		</testcase>
		<testcase name="test_el_pensamiento_se_puede_cerrar_sin_avanzar" classname="locutor_test" time="0.009">
		</testcase>
		<testcase name="test_una_entrada_terminada_permite_abrir_la_siguiente" classname="locutor_test" time="0.009">
		</testcase>
		<testcase name="test_un_dialogo_vacio_o_nulo_no_abre_ni_retiene" classname="locutor_test" time="0.009">
		</testcase>
	</testsuite>
	<testsuite id="193" name="lugares_del_piso_test" package="test/sistemas/marco" timestamp="2026-10-09T13:39:13" hostname="localhost" tests="3" failures="0" errors="0" skipped="0" flaky="0" time="0.095">
		<testcase name="test_los_lugares_arrancan_por_adelante_y_saltean_donde_no_hay_piso" classname="lugares_del_piso_test" time="0.009">
		</testcase>
		<testcase name="test_sin_piso_no_hay_lugar" classname="lugares_del_piso_test" time="0.009">
		</testcase>
		<testcase name="test_el_piso_del_otro_lado_de_una_pared_no_es_un_lugar_cercano" classname="lugares_del_piso_test" time="0.055">
		</testcase>
	</testsuite>
	<testsuite id="194" name="marco_del_objetivo_test" package="test/sistemas/marco" timestamp="2026-10-09T13:39:13" hostname="localhost" tests="8" failures="0" errors="0" skipped="0" flaky="0" time="0.140">
		<testcase name="test_la_malla_deformable_dibuja_y_apaga_su_propio_contorno" classname="marco_del_objetivo_test" time="0.010">
		</testcase>
		<testcase name="test_el_objetivo_con_material_propio_lo_recibe_y_conserva_su_superficie" classname="marco_del_objetivo_test" time="0.008">
		</testcase>
		<testcase name="test_el_material_propio_vacio_deja_el_contorno_comun" classname="marco_del_objetivo_test" time="0.014">
		</testcase>
		<testcase name="test_resalta_siete_mallas_vinculadas_y_no_las_ajenas" classname="marco_del_objetivo_test" time="0.011">
		</testcase>
		<testcase name="test_restaura_overlays_distintos_y_conserva_geometria_y_materiales" classname="marco_del_objetivo_test" time="0.012">
		</testcase>
		<testcase name="test_cambiar_de_dueno_restaura_el_anterior" classname="marco_del_objetivo_test" time="0.008">
		</testcase>
		<testcase name="test_sin_mallas_y_apagados_repetidos_no_cambian_el_dueno" classname="marco_del_objetivo_test" time="0.014">
		</testcase>
		<testcase name="test_el_overlay_recibe_los_valores_del_dominio" classname="marco_del_objetivo_test" time="0.008">
		</testcase>
	</testsuite>
	<testsuite id="195" name="pedidos_del_menu_test" package="test/sistemas/marco" timestamp="2026-10-09T13:39:13" hostname="localhost" tests="8" failures="0" errors="0" skipped="0" flaky="0" time="0.238">
		<testcase name="test_nuevo_juego_pide_una_sola_vez_con_doble_clic" classname="pedidos_del_menu_test" time="0.011">
		</testcase>
		<testcase name="test_salir_pide_una_sola_vez_con_doble_clic" classname="pedidos_del_menu_test" time="0.015">
		</testcase>
		<testcase name="test_rearmado_nuevo_juego_vuelve_a_pedir" classname="pedidos_del_menu_test" time="0.009">
		</testcase>
		<testcase name="test_las_opciones_deshabilitadas_no_piden_nada" classname="pedidos_del_menu_test" time="0.012">
		</testcase>
		<testcase name="test_con_guardado_continuar_pide_una_sola_vez_con_doble_clic" classname="pedidos_del_menu_test" time="0.014">
		</testcase>
		<testcase name="test_con_guardado_nuevo_juego_confirma_antes_de_borrar" classname="pedidos_del_menu_test" time="0.016">
		</testcase>
		<testcase name="test_sin_guardado_nuevo_juego_es_directo" classname="pedidos_del_menu_test" time="0.008">
		</testcase>
		<testcase name="test_salir_es_el_unico_cierre_del_juego" classname="pedidos_del_menu_test" time="0.088">
		</testcase>
	</testsuite>
	<testsuite id="196" name="red_de_seguridad_test" package="test/sistemas/marco" timestamp="2026-10-09T13:39:13" hostname="localhost" tests="14" failures="0" errors="0" skipped="0" flaky="0" time="0.411">
		<testcase name="test_lo_que_no_se_superpone_no_se_toca" classname="red_de_seguridad_test" time="0.016">
		</testcase>
		<testcase name="test_lo_soltado_adentro_de_la_pared_sale_al_piso_al_lado_del_jugador" classname="red_de_seguridad_test" time="0.019">
		</testcase>
		<testcase name="test_sin_ningun_lugar_libre_queda_donde_esta_y_se_registra" classname="red_de_seguridad_test" time="0.024">
		</testcase>
		<testcase name="test_el_aviso_nombra_el_objeto_el_solido_y_la_posicion" classname="red_de_seguridad_test" time="0.014">
		</testcase>
		<testcase name="test_al_quedar_quieta_la_hoja_rescata_lo_que_quedo_adentro" classname="red_de_seguridad_test" time="0.023">
		</testcase>
		<testcase name="test_lo_soltado_adentro_sale_adelante_del_jugador" classname="red_de_seguridad_test" time="0.036">
		</testcase>
		<testcase name="test_un_lugar_adentro_de_un_area_nueva_no_es_candidato" classname="red_de_seguridad_test" time="0.033">
		</testcase>
		<testcase name="test_alrededor_no_deja_nada_metido_en_la_pared" classname="red_de_seguridad_test" time="0.011">
		</testcase>
		<testcase name="test_lo_congelado_apenas_metido_se_rescata" classname="red_de_seguridad_test" time="0.017">
		</testcase>
		<testcase name="test_lo_vivo_metido_entero_se_detecta" classname="red_de_seguridad_test" time="0.012">
		</testcase>
		<testcase name="test_lo_que_nace_despues_se_mira_al_dormirse" classname="red_de_seguridad_test" time="0.015">
		</testcase>
		<testcase name="test_va_encima_de_lo_que_ocupa_el_origen_si_admite_otro_encima" classname="red_de_seguridad_test" time="0.020">
		</testcase>
		<testcase name="test_no_va_encima_de_lo_que_ocupa_el_origen_si_no_admite_otro_encima" classname="red_de_seguridad_test" time="0.027">
		</testcase>
		<testcase name="test_va_encima_de_lo_que_ocupa_el_origen_aunque_este_de_costado" classname="red_de_seguridad_test" time="0.040">
		</testcase>
	</testsuite>
	<testsuite id="197" name="reloj_del_turno_test" package="test/sistemas/marco" timestamp="2026-10-09T13:39:13" hostname="localhost" tests="16" failures="0" errors="0" skipped="0" flaky="0" time="0.304">
		<testcase name="test_con_el_arbol_en_pausa_el_turno_no_descuenta" classname="reloj_del_turno_test" time="0.060">
		</testcase>
		<testcase name="test_un_cuadro_consume_el_delta_ya_escalado_por_el_ritmo" classname="reloj_del_turno_test" time="0.011">
		</testcase>
		<testcase name="test_dos_cuadros_consumen_el_doble" classname="reloj_del_turno_test" time="0.009">
		</testcase>
		<testcase name="test_un_reloj_sin_arrancar_no_esta_corriendo" classname="reloj_del_turno_test" time="0.008">
		</testcase>
		<testcase name="test_un_reloj_sin_arrancar_aguanta_un_cuadro_sin_romperse" classname="reloj_del_turno_test" time="0.009">
		</testcase>
		<testcase name="test_cada_cuadro_que_consume_publica_lo_que_queda" classname="reloj_del_turno_test" time="0.010">
		</testcase>
		<testcase name="test_al_agotarse_el_presupuesto_el_turno_cierra_una_sola_vez" classname="reloj_del_turno_test" time="0.010">
		</testcase>
		<testcase name="test_despues_de_cerrar_el_reloj_deja_de_consumir_y_no_vuelve_a_avisar" classname="reloj_del_turno_test" time="0.010">
		</testcase>
		<testcase name="test_completar_una_obligatoria_devuelve_lo_que_dijo_el_dominio_y_avisa" classname="reloj_del_turno_test" time="0.011">
		</testcase>
		<testcase name="test_completar_dos_veces_la_misma_tarea_no_vuelve_a_avisar" classname="reloj_del_turno_test" time="0.009">
		</testcase>
		<testcase name="test_el_reloj_entrega_la_misma_instancia_de_tarea_que_recibio_el_turno" classname="reloj_del_turno_test" time="0.007">
		</testcase>
		<testcase name="test_un_tipo_que_no_esta_entre_las_obligatorias_no_devuelve_ninguna_tarea" classname="reloj_del_turno_test" time="0.010">
		</testcase>
		<testcase name="test_completar_lo_que_obligatoria_no_encontro_contesta_que_no_y_no_revienta" classname="reloj_del_turno_test" time="0.009">
		</testcase>
		<testcase name="test_un_reloj_sin_arrancar_no_completa_nada_en_vez_de_romperse" classname="reloj_del_turno_test" time="0.012">
		</testcase>
		<testcase name="test_descumplir_avisa_por_su_propia_senal_y_no_por_la_de_cumplir" classname="reloj_del_turno_test" time="0.010">
		</testcase>
		<testcase name="test_descumplir_una_sin_cumplir_no_avisa" classname="reloj_del_turno_test" time="0.010">
		</testcase>
	</testsuite>
	<testsuite id="198" name="reproductor_del_otro_lado_test" package="test/sistemas/marco" timestamp="2026-10-09T13:39:14" hostname="localhost" tests="9" failures="0" errors="0" skipped="0" flaky="0" time="0.399">
		<testcase name="test_la_pared_cuenta_y_la_puerta_solo_cerrada" classname="reproductor_del_otro_lado_test" time="0.052">
		</testcase>
		<testcase name="test_el_objeto_que_suena_no_se_tapa_a_si_mismo" classname="reproductor_del_otro_lado_test" time="0.024">
		</testcase>
		<testcase name="test_lo_que_encierra_al_sonido_no_lo_tapa" classname="reproductor_del_otro_lado_test" time="0.032">
		</testcase>
		<testcase name="test_una_pared_de_dos_solidos_encimados_cuenta_una" classname="reproductor_del_otro_lado_test" time="0.058">
		</testcase>
		<testcase name="test_dos_paredes_del_mismo_solido_cuentan_dos" classname="reproductor_del_otro_lado_test" time="0.062">
		</testcase>
		<testcase name="test_la_voz_se_queda_y_se_apaga_aunque_se_borre_lo_que_sono" classname="reproductor_del_otro_lado_test" time="0.026">
		</testcase>
		<testcase name="test_aparecer_una_pared_apaga_sin_salto" classname="reproductor_del_otro_lado_test" time="0.030">
		</testcase>
		<testcase name="test_la_voz_que_termino_deja_de_medir_obstaculos" classname="reproductor_del_otro_lado_test" time="0.026">
		</testcase>
		<testcase name="test_lo_plano_no_se_apaga" classname="reproductor_del_otro_lado_test" time="0.023">
		</testcase>
	</testsuite>
	<testsuite id="199" name="reproductor_de_sonidos_test" package="test/sistemas/marco" timestamp="2026-10-09T13:39:14" hostname="localhost" tests="13" failures="0" errors="0" skipped="0" flaky="0" time="0.238">
		<testcase name="test_pedir_un_evento_con_sonido_deja_una_voz_con_ese_stream_y_ese_bus" classname="reproductor_de_sonidos_test" time="0.010">
		</testcase>
		<testcase name="test_una_fila_sin_stream_no_ocupa_ninguna_voz" classname="reproductor_de_sonidos_test" time="0.011">
		</testcase>
		<testcase name="test_un_evento_sin_fila_se_rechaza_y_se_declara" classname="reproductor_de_sonidos_test" time="0.009">
		</testcase>
		<testcase name="test_un_bus_no_declarado_se_rechaza_en_vez_de_salir_por_master" classname="reproductor_de_sonidos_test" time="0.008">
		</testcase>
		<testcase name="test_cinco_pedidos_seguidos_ocupan_cinco_voces_distintas" classname="reproductor_de_sonidos_test" time="0.015">
		</testcase>
		<testcase name="test_una_fila_en_bucle_ocupa_la_voz_de_ambiente_y_no_la_ronda" classname="reproductor_de_sonidos_test" time="0.011">
		</testcase>
		<testcase name="test_silenciar_deja_todas_las_voces_sin_stream" classname="reproductor_de_sonidos_test" time="0.008">
		</testcase>
		<testcase name="test_una_sonoridad_sin_audio_no_suena_ni_cae_a_otro" classname="reproductor_de_sonidos_test" time="0.012">
		</testcase>
		<testcase name="test_los_golpes_bajan_el_volumen_y_filtran" classname="reproductor_de_sonidos_test" time="0.008">
		</testcase>
		<testcase name="test_agarrar_suena_su_alzar_y_colocar_no_deja_golpes" classname="reproductor_de_sonidos_test" time="0.013">
		</testcase>
		<testcase name="test_devolver_suena_su_dejar_pleno_aunque_los_golpes_esten_gastados" classname="reproductor_de_sonidos_test" time="0.010">
		</testcase>
		<testcase name="test_un_evento_sin_objeto_suena_su_fila_de_siempre" classname="reproductor_de_sonidos_test" time="0.009">
		</testcase>
		<testcase name="test_sonar_no_interactua_con_lo_que_lo_produjo" classname="reproductor_de_sonidos_test" time="0.012">
		</testcase>
	</testsuite>
	<testsuite id="200" name="reproductor_en_el_local_test" package="test/sistemas/marco" timestamp="2026-10-09T13:39:14" hostname="localhost" tests="11" failures="0" errors="0" skipped="0" flaky="0" time="0.298">
		<testcase name="test_la_musica_y_el_ambiente_suenan_a_la_vez" classname="reproductor_en_el_local_test" time="0.010">
		</testcase>
		<testcase name="test_la_musica_no_empieza_de_nuevo_y_se_corta_al_callarla" classname="reproductor_en_el_local_test" time="0.015">
		</testcase>
		<testcase name="test_una_fila_del_espacio_suena_donde_esta_el_objeto" classname="reproductor_en_el_local_test" time="0.012">
		</testcase>
		<testcase name="test_una_fila_del_espacio_sin_objeto_suena_en_su_emisor" classname="reproductor_en_el_local_test" time="0.010">
		</testcase>
		<testcase name="test_una_fila_del_espacio_sin_lugar_se_rechaza" classname="reproductor_en_el_local_test" time="0.014">
		</testcase>
		<testcase name="test_una_fila_plana_suena_en_una_voz_plana" classname="reproductor_en_el_local_test" time="0.008">
		</testcase>
		<testcase name="test_el_ambiente_suena_en_sus_emisores_mas_cercanos" classname="reproductor_en_el_local_test" time="0.020">
		</testcase>
		<testcase name="test_el_ambiente_sin_emisores_no_suena_ni_falla" classname="reproductor_en_el_local_test" time="0.017">
		</testcase>
		<testcase name="test_el_balde_suena_su_alzar_y_tres_golpes_de_su_dejar" classname="reproductor_en_el_local_test" time="0.059">
		</testcase>
		<testcase name="test_las_variantes_no_se_repiten_y_siguen_la_semilla" classname="reproductor_en_el_local_test" time="0.015">
		</testcase>
		<testcase name="test_una_fila_de_una_variante_la_repite" classname="reproductor_en_el_local_test" time="0.013">
		</testcase>
	</testsuite>
	<testsuite id="201" name="caja_registradora_test" package="test/sistemas/tareas" timestamp="2026-10-09T13:39:15" hostname="localhost" tests="10" failures="0" errors="0" skipped="0" flaky="0" time="0.290">
		<testcase name="test_publica_lectura_y_cambio_solo_cuando_anota" classname="caja_registradora_test" time="0.016">
		</testcase>
		<testcase name="test_borrar_publica_la_vista_vacia" classname="caja_registradora_test" time="0.019">
		</testcase>
		<testcase name="test_imprimir_publica_el_papel_y_no_un_cambio_del_programa" classname="caja_registradora_test" time="0.020">
		</testcase>
		<testcase name="test_otra_jornada_reemplaza_el_programa_y_avisa_la_vista" classname="caja_registradora_test" time="0.014">
		</testcase>
		<testcase name="test_sin_generador_el_cableado_avisa_y_no_publica_eventos" classname="caja_registradora_test" time="0.032">
		</testcase>
		<testcase name="test_arrancar_publica_el_modo_de_cada_jornada_y_la_vista_vacia" classname="caja_registradora_test" time="0.016">
		</testcase>
		<testcase name="test_elegir_publica_solo_un_cambio_aceptado_y_no_una_lectura" classname="caja_registradora_test" time="0.018">
		</testcase>
		<testcase name="test_usar_el_hueco_es_silencioso_tanto_vacio_como_lleno" classname="caja_registradora_test" time="0.019">
		</testcase>
		<testcase name="test_desechar_avisa_solo_el_papel_y_conserva_el_programa" classname="caja_registradora_test" time="0.009">
		</testcase>
		<testcase name="test_desechar_no_requiere_un_programa_de_renglones" classname="caja_registradora_test" time="0.015">
		</testcase>
	</testsuite>
	<testsuite id="202" name="limpiador_test" package="test/sistemas/tareas" timestamp="2026-10-09T13:39:15" hostname="localhost" tests="14" failures="0" errors="0" skipped="0" flaky="0" time="0.382">
		<testcase name="test_el_limpiador_devuelve_exactamente_lo_que_contesto_el_dominio" classname="limpiador_test" time="0.020">
		</testcase>
		<testcase name="test_cada_gesto_que_cambia_algo_emite_su_senal_una_vez" classname="limpiador_test" time="0.019">
		</testcase>
		<testcase name="test_cada_rechazo_emite_su_motivo_y_nada_mas" classname="limpiador_test" time="0.012">
		</testcase>
		<testcase name="test_con_una_mancha_de_menos_la_obligatoria_no_se_cuenta" classname="limpiador_test" time="0.013">
		</testcase>
		<testcase name="test_la_ultima_mancha_cuenta_la_obligatoria_una_sola_vez" classname="limpiador_test" time="0.019">
		</testcase>
		<testcase name="test_con_el_turno_cerrado_limpiar_no_cuenta" classname="limpiador_test" time="0.015">
		</testcase>
		<testcase name="test_el_limpiador_no_lleva_estado_propio_de_la_tarea" classname="limpiador_test" time="0.013">
		</testcase>
		<testcase name="test_ningun_archivo_de_este_spec_nombra_consumir" classname="limpiador_test" time="0.023">
		</testcase>
		<testcase name="test_desgastar_la_mopa_rechaza_la_pasada_sin_cobrar_tiempo" classname="limpiador_test" time="0.011">
		</testcase>
		<testcase name="test_remojar_cerca_recupera_la_limpieza_despues_del_viaje" classname="limpiador_test" time="0.018">
		</testcase>
		<testcase name="test_enjuagar_en_inodoro_publica_agua_limpia_sin_contar_tarea" classname="limpiador_test" time="0.014">
		</testcase>
		<testcase name="test_charco_aceptado_emite_una_senal_sin_tarea_ni_desgaste" classname="limpiador_test" time="0.020">
		</testcase>
		<testcase name="test_charco_rechazado_emite_solo_motivo_y_conserva_carga" classname="limpiador_test" time="0.017">
		</testcase>
		<testcase name="test_charco_con_mano_vacia_seca_o_jabon_no_emite_agua" classname="limpiador_test" time="0.016">
		</testcase>
	</testsuite>
	<testsuite id="203" name="recolector_de_basura_test" package="test/sistemas/tareas" timestamp="2026-10-09T13:39:15" hostname="localhost" tests="6" failures="0" errors="0" skipped="0" flaky="0" time="0.169">
		<testcase name="test_el_tiro_aceptado_entrega_el_mismo_cuerpo_sin_soltar" classname="recolector_de_basura_test" time="0.012">
		</testcase>
		<testcase name="test_mano_vacia_caja_y_tapa_no_abierta_conservan_todo" classname="recolector_de_basura_test" time="0.019">
		</testcase>
		<testcase name="test_la_ultima_bolsa_completa_una_vez_sin_mover_el_turno" classname="recolector_de_basura_test" time="0.012">
		</testcase>
		<testcase name="test_el_util_tirado_no_cuenta_como_bolsa" classname="recolector_de_basura_test" time="0.015">
		</testcase>
		<testcase name="test_la_unidad_tirada_sale_del_inventario_antes_del_aviso" classname="recolector_de_basura_test" time="0.012">
		</testcase>
		<testcase name="test_sin_cableado_no_entrega_ni_publica" classname="recolector_de_basura_test" time="0.031">
		</testcase>
	</testsuite>
	<testsuite id="204" name="repositor_al_devolver_test" package="test/sistemas/tareas" timestamp="2026-10-09T13:39:16" hostname="localhost" tests="2" failures="0" errors="0" skipped="0" flaky="0" time="0.055">
		<testcase name="test_la_caja_que_recibe_la_unidad_avisa_una_vez_con_el_cuerpo" classname="repositor_al_devolver_test" time="0.018">
		</testcase>
		<testcase name="test_si_la_caja_no_recibe_la_unidad_no_avisa" classname="repositor_al_devolver_test" time="0.014">
		</testcase>
	</testsuite>
	<testsuite id="205" name="repositor_test" package="test/sistemas/tareas" timestamp="2026-10-09T13:39:16" hostname="localhost" tests="19" failures="0" errors="0" skipped="0" flaky="0" time="0.468">
		<testcase name="test_al_llenar_el_estante_las_tareas_cumplidas_suben_exactamente_en_uno" classname="repositor_test" time="0.014">
		</testcase>
		<testcase name="test_colocar_de_mas_no_vuelve_a_contar_la_tarea" classname="repositor_test" time="0.015">
		</testcase>
		<testcase name="test_llenar_el_estante_no_mueve_el_turno" classname="repositor_test" time="0.012">
		</testcase>
		<testcase name="test_llenar_el_estante_con_un_segundo_restante_cumple_reponer" classname="repositor_test" time="0.015">
		</testcase>
		<testcase name="test_ningun_archivo_de_este_spec_nombra_consumir" classname="repositor_test" time="0.023">
		</testcase>
		<testcase name="test_sin_tiempo_para_reponer_la_tarea_no_se_cuenta_ni_descuenta" classname="repositor_test" time="0.018">
		</testcase>
		<testcase name="test_el_repositor_no_lleva_estado_propio_de_la_tarea" classname="repositor_test" time="0.020">
		</testcase>
		<testcase name="test_depositar_desde_la_mano_entrega_el_cuerpo_una_sola_vez" classname="repositor_test" time="0.015">
		</testcase>
		<testcase name="test_con_la_mano_llena_no_reserva_otra_unidad" classname="repositor_test" time="0.016">
		</testcase>
		<testcase name="test_devolver_saca_la_unidad_de_la_mano_y_la_mete_en_su_caja" classname="repositor_test" time="0.014">
		</testcase>
		<testcase name="test_si_la_caja_no_la_recibe_la_unidad_sigue_en_la_mano" classname="repositor_test" time="0.019">
		</testcase>
		<testcase name="test_devolver_con_otra_cosa_en_la_mano_no_saca_nada" classname="repositor_test" time="0.017">
		</testcase>
		<testcase name="test_con_la_caja_vacia_no_retira_aunque_la_gondola_tenga_lugar" classname="repositor_test" time="0.013">
		</testcase>
		<testcase name="test_la_caja_es_la_del_estante_de_la_noche" classname="repositor_test" time="0.009">
		</testcase>
		<testcase name="test_agarrar_de_la_gondola_pone_la_unidad_en_la_mano" classname="repositor_test" time="0.014">
		</testcase>
		<testcase name="test_con_algo_en_la_mano_no_se_agarra_de_la_gondola" classname="repositor_test" time="0.015">
		</testcase>
		<testcase name="test_agarrar_de_la_gondola_descumple_reponer_y_colocarla_la_cumple" classname="repositor_test" time="0.015">
		</testcase>
		<testcase name="test_la_unidad_se_coloca_en_el_casillero_que_se_pide" classname="repositor_test" time="0.017">
		</testcase>
		<testcase name="test_la_unidad_de_la_gondola_no_entra_en_la_caja_llena" classname="repositor_test" time="0.010">
		</testcase>
	</testsuite>
	<testsuite id="206" name="ventanilla_test" package="test/sistemas/tareas" timestamp="2026-10-09T13:39:16" hostname="localhost" tests="14" failures="0" errors="0" skipped="0" flaky="0" time="0.344">
		<testcase name="test_al_despachar_al_ultimo_la_obligatoria_se_cuenta_una_sola_vez" classname="ventanilla_test" time="0.011">
		</testcase>
		<testcase name="test_despachar_al_ultimo_cuenta_la_caja_sin_mover_el_turno" classname="ventanilla_test" time="0.017">
		</testcase>
		<testcase name="test_completar_una_tarea_aparte_no_le_sube_el_contador_al_turno" classname="ventanilla_test" time="0.016">
		</testcase>
		<testcase name="test_la_ventanilla_avisa_quien_llego_y_cuando_no_queda_nadie" classname="ventanilla_test" time="0.017">
		</testcase>
		<testcase name="test_despachar_sin_vender_avisa_igual_que_cobrar" classname="ventanilla_test" time="0.017">
		</testcase>
		<testcase name="test_la_compra_se_avisa_solo_si_hubo_venta" classname="ventanilla_test" time="0.014">
		</testcase>
		<testcase name="test_el_turno_sigue_corriendo_con_la_ventanilla_abierta" classname="ventanilla_test" time="0.012">
		</testcase>
		<testcase name="test_ningun_archivo_de_este_spec_pausa_el_juego" classname="ventanilla_test" time="0.018">
		</testcase>
		<testcase name="test_ningun_archivo_de_este_spec_nombra_consumir" classname="ventanilla_test" time="0.018">
		</testcase>
		<testcase name="test_ningun_archivo_de_este_spec_mueve_stock_ni_sortea" classname="ventanilla_test" time="0.016">
		</testcase>
		<testcase name="test_los_seis_archivos_de_dominio_y_sistemas_tienen_su_espejo" classname="ventanilla_test" time="0.014">
		</testcase>
		<testcase name="test_reabrir_el_panel_sigue_con_el_que_estaba_y_no_llama_al_siguiente" classname="ventanilla_test" time="0.013">
		</testcase>
		<testcase name="test_la_ventanilla_sin_cablear_no_hace_nada_y_lo_dice" classname="ventanilla_test" time="0.028">
		</testcase>
		<testcase name="test_cobrar_sin_stock_avisa_lo_que_falta_y_no_despacha" classname="ventanilla_test" time="0.017">
		</testcase>
	</testsuite>
	<testsuite id="207" name="aristas_del_producto_test" package="test/ui" timestamp="2026-10-09T13:39:16" hostname="localhost" tests="3" failures="0" errors="0" skipped="0" flaky="0" time="0.073">
		<testcase name="test_el_cilindro_reduce_las_lineas_verticales_y_conserva_los_aros" classname="aristas_del_producto_test" time="0.017">
		</testcase>
		<testcase name="test_la_caja_marca_sus_aristas_y_no_las_diagonales_de_las_caras" classname="aristas_del_producto_test" time="0.012">
		</testcase>
		<testcase name="test_conserva_la_superficie_la_forma_y_los_uv_del_producto" classname="aristas_del_producto_test" time="0.013">
		</testcase>
	</testsuite>
	<testsuite id="208" name="capa_de_dialogo_test" package="test/ui/diegetica" timestamp="2026-10-09T13:39:17" hostname="localhost" tests="2" failures="0" errors="0" skipped="0" flaky="0" time="0.051">
		<testcase name="test_cada_entrada_reemplaza_la_anterior_y_cerrar_vacia_la_linea" classname="capa_de_dialogo_test" time="0.015">
		</testcase>
		<testcase name="test_el_locutor_cableado_muestra_entradas_y_oculta_al_final" classname="capa_de_dialogo_test" time="0.011">
		</testcase>
	</testsuite>
	<testsuite id="209" name="nota_encuadrada_test" package="test/ui/diegetica" timestamp="2026-10-09T13:39:17" hostname="localhost" tests="3" failures="0" errors="0" skipped="0" flaky="0" time="0.069">
		<testcase name="test_el_corcho_muestra_su_dato_y_cambia_de_hoja" classname="nota_encuadrada_test" time="0.013">
		</testcase>
		<testcase name="test_el_bano_amplia_la_imagen_original_completa" classname="nota_encuadrada_test" time="0.016">
		</testcase>
		<testcase name="test_lista_vacia_conserva_el_titulo_y_la_salida" classname="nota_encuadrada_test" time="0.010">
		</testcase>
	</testsuite>
	<testsuite id="210" name="pantalla_de_computadora_test" package="test/ui/diegetica" timestamp="2026-10-09T13:39:17" hostname="localhost" tests="6" failures="0" errors="0" skipped="0" flaky="0" time="0.297">
		<testcase name="test_las_opciones_permanecen_visibles_y_el_titulo_indica_la_pantalla" classname="pantalla_de_computadora_test" time="0.023">
		</testcase>
		<testcase name="test_la_planilla_muestra_cada_producto_y_sigue_a_los_gestos" classname="pantalla_de_computadora_test" time="0.038">
		</testcase>
		<testcase name="test_todas_las_filas_se_alcanzan_con_la_rueda_dentro_de_la_pantalla" classname="pantalla_de_computadora_test" time="0.072">
		</testcase>
		<testcase name="test_anotar_limpia_solo_si_el_cuaderno_acepta_y_muestra_la_nota_nueva" classname="pantalla_de_computadora_test" time="0.019">
		</testcase>
		<testcase name="test_leer_notas_y_cambiar_de_app_conserva_el_borrador" classname="pantalla_de_computadora_test" time="0.022">
		</testcase>
		<testcase name="test_cada_click_en_un_boton_de_cualquier_app_emite_boton_pulsado" classname="pantalla_de_computadora_test" time="0.046">
		</testcase>
	</testsuite>
	<testsuite id="211" name="programa_de_tickets_test" package="test/ui/diegetica" timestamp="2026-10-09T13:39:17" hostname="localhost" tests="6" failures="0" errors="0" skipped="0" flaky="0" time="0.349">
		<testcase name="test_siempre_presenta_tres_filas_y_repinta_sin_restos" classname="programa_de_tickets_test" time="0.043">
		</testcase>
		<testcase name="test_cada_boton_publica_su_pedido_y_un_sonido" classname="programa_de_tickets_test" time="0.046">
		</testcase>
		<testcase name="test_el_lienzo_mantiene_los_tres_renglones_y_botones_al_redimensionar" classname="programa_de_tickets_test" time="0.027">
		</testcase>
		<testcase name="test_los_selectores_manuales_ofrecen_vacio_y_catalogo_ordenado" classname="programa_de_tickets_test" time="0.041">
		</testcase>
		<testcase name="test_solo_dos_o_tres_conserva_su_posicion_al_repintar" classname="programa_de_tickets_test" time="0.077">
		</testcase>
		<testcase name="test_seleccionar_publica_el_indice_y_producto_y_vacio_publica_null" classname="programa_de_tickets_test" time="0.045">
		</testcase>
	</testsuite>
	<testsuite id="212" name="hud_test" package="test/ui" timestamp="2026-10-09T13:39:17" hostname="localhost" tests="10" failures="0" errors="0" skipped="0" flaky="0" time="0.281">
		<testcase name="test_el_hud_no_dibuja_el_veredicto_del_cierre" classname="hud_test" time="0.011">
		</testcase>
		<testcase name="test_el_hud_sigue_pintando_lo_que_si_es_suyo" classname="hud_test" time="0.016">
		</testcase>
		<testcase name="test_la_hora_se_fue_del_hud_con_todo_lo_que_traia" classname="hud_test" time="0.019">
		</testcase>
		<testcase name="test_la_escena_del_hud_conserva_el_contador_de_tareas" classname="hud_test" time="0.014">
		</testcase>
		<testcase name="test_la_hora_no_vuelve_a_entrar_a_la_pantalla_por_la_ventana" classname="hud_test" time="0.026">
		</testcase>
		<testcase name="test_ninguna_suite_de_este_spec_carga_la_computadora_del_009" classname="hud_test" time="0.018">
		</testcase>
		<testcase name="test_el_subtitulo_usa_el_tema_de_manada_sin_fuente_ni_color_propios" classname="hud_test" time="0.018">
		</testcase>
		<testcase name="test_el_subtitulo_se_lee_sobre_el_blanco_con_el_contorno_de_su_variacion" classname="hud_test" time="0.020">
		</testcase>
		<testcase name="test_el_hud_pinta_el_subtitulo_que_le_llega_y_lo_vacia" classname="hud_test" time="0.013">
		</testcase>
		<testcase name="test_el_hud_no_arma_el_texto_de_la_caja" classname="hud_test" time="0.014">
		</testcase>
	</testsuite>
	<testsuite id="213" name="menu_de_pausa_test" package="test/ui/interrupciones" timestamp="2026-10-09T13:39:18" hostname="localhost" tests="9" failures="0" errors="0" skipped="0" flaky="0" time="0.260">
		<testcase name="test_arranca_oculto_y_corre_solo_en_pausa" classname="menu_de_pausa_test" time="0.015">
		</testcase>
		<testcase name="test_muestra_los_cuatro_botones_en_orden_y_habilita_dos" classname="menu_de_pausa_test" time="0.018">
		</testcase>
		<testcase name="test_no_ofrece_salir" classname="menu_de_pausa_test" time="0.012">
		</testcase>
		<testcase name="test_volver_al_menu_emite_su_pedido" classname="menu_de_pausa_test" time="0.014">
		</testcase>
		<testcase name="test_con_el_arbol_en_pausa_el_clic_en_reanudar_llega" classname="menu_de_pausa_test" time="0.031">
		</testcase>
		<testcase name="test_mostrar_deja_el_foco_en_reanudar" classname="menu_de_pausa_test" time="0.017">
		</testcase>
		<testcase name="test_el_menu_usa_el_tema_y_no_declara_estilos" classname="menu_de_pausa_test" time="0.018">
		</testcase>
		<testcase name="test_el_menu_no_decide" classname="menu_de_pausa_test" time="0.016">
		</testcase>
		<testcase name="test_escala_con_el_lienzo_de_manada" classname="menu_de_pausa_test" time="0.025">
		</testcase>
	</testsuite>
	<testsuite id="214" name="pantalla_de_cierre_test" package="test/ui/interrupciones" timestamp="2026-10-09T13:39:18" hostname="localhost" tests="12" failures="0" errors="0" skipped="0" flaky="0" time="0.381">
		<testcase name="test_la_pantalla_arranca_invisible" classname="pantalla_de_cierre_test" time="0.014">
		</testcase>
		<testcase name="test_mostrar_pinta_el_parte_entero_y_oscurece_lo_de_atras" classname="pantalla_de_cierre_test" time="0.024">
		</testcase>
		<testcase name="test_mostrar_dos_veces_no_acumula_las_lineas_de_la_jornada_anterior" classname="pantalla_de_cierre_test" time="0.017">
		</testcase>
		<testcase name="test_mostrar_deja_el_boton_con_el_foco_para_alcanzarlo_sin_el_mouse" classname="pantalla_de_cierre_test" time="0.019">
		</testcase>
		<testcase name="test_el_boton_de_continuar_despacha_el_cierre" classname="pantalla_de_cierre_test" time="0.018">
		</testcase>
		<testcase name="test_con_la_partida_en_curso_la_placa_ofrece_seguir_y_volver_al_menu" classname="pantalla_de_cierre_test" time="0.015">
		</testcase>
		<testcase name="test_con_la_partida_que_termino_la_placa_ofrece_solo_volver_al_menu" classname="pantalla_de_cierre_test" time="0.025">
		</testcase>
		<testcase name="test_volver_al_menu_despacha_su_opcion" classname="pantalla_de_cierre_test" time="0.015">
		</testcase>
		<testcase name="test_la_placa_usa_el_tema_de_manada_sin_estilos_propios" classname="pantalla_de_cierre_test" time="0.021">
		</testcase>
		<testcase name="test_la_placa_escala_con_el_lienzo_de_manada" classname="pantalla_de_cierre_test" time="0.018">
		</testcase>
		<testcase name="test_la_pantalla_no_decide_como_cerro_la_noche" classname="pantalla_de_cierre_test" time="0.016">
		</testcase>
		<testcase name="test_nadie_mira_la_pantalla_desde_abajo" classname="pantalla_de_cierre_test" time="0.066">
		</testcase>
	</testsuite>
	<testsuite id="215" name="mira_test" package="test/ui" timestamp="2026-10-09T13:39:18" hostname="localhost" tests="2" failures="0" errors="0" skipped="0" flaky="0" time="0.089">
		<testcase name="test_la_mira_permanece_en_el_centro_al_cambiar_la_resolucion" classname="mira_test" time="0.025">
		</testcase>
		<testcase name="test_el_hud_expone_el_foco_y_cambia_el_color_sin_ocultar_la_mira" classname="mira_test" time="0.030">
		</testcase>
	</testsuite>
	<testsuite id="216" name="pila_de_notificaciones_test" package="test/ui" timestamp="2026-10-09T13:39:18" hostname="localhost" tests="6" failures="0" errors="0" skipped="0" flaky="0" time="0.275">
		<testcase name="test_los_textos_se_pintan_en_el_orden_del_dominio" classname="pila_de_notificaciones_test" time="0.025">
		</testcase>
		<testcase name="test_los_dos_carteles_entran_en_la_esquina_en_dos_resoluciones" classname="pila_de_notificaciones_test" time="0.037">
		</testcase>
		<testcase name="test_vaciar_retira_los_carteles_del_arbol" classname="pila_de_notificaciones_test" time="0.020">
		</testcase>
		<testcase name="test_pausar_suspende_el_procesamiento_sin_borrar_el_aviso" classname="pila_de_notificaciones_test" time="0.024">
		</testcase>
		<testcase name="test_ningun_control_de_la_pila_intercepta_el_mouse" classname="pila_de_notificaciones_test" time="0.024">
		</testcase>
		<testcase name="test_el_clic_sobre_el_cartel_llega_al_boton_de_notas" classname="pila_de_notificaciones_test" time="0.063">
		</testcase>
	</testsuite>
</testsuites>
